Component: ARM Compiler 5.06 update 5 (build 528) Tool: armlink [4d35e2]

==============================================================================

Section Cross References

    system_stm32f1xx.o(i.SystemCoreClockUpdate) refers to system_stm32f1xx.o(.data) for .data
    system_stm32f1xx.o(i.SystemCoreClockUpdate) refers to system_stm32f1xx.o(.constdata) for .constdata
    startup_stm32f103xb.o(RESET) refers to startup_stm32f103xb.o(STACK) for __initial_sp
    startup_stm32f103xb.o(RESET) refers to startup_stm32f103xb.o(.text) for Reset_Handler
    startup_stm32f103xb.o(RESET) refers to stm32f1xx_it.o(i.NMI_Handler) for NMI_Handler
    startup_stm32f103xb.o(RESET) refers to stm32f1xx_it.o(i.HardFault_Handler) for HardFault_Handler
    startup_stm32f103xb.o(RESET) refers to stm32f1xx_it.o(i.MemManage_Handler) for MemManage_Handler
    startup_stm32f103xb.o(RESET) refers to stm32f1xx_it.o(i.BusFault_Handler) for BusFault_Handler
    startup_stm32f103xb.o(RESET) refers to stm32f1xx_it.o(i.UsageFault_Handler) for UsageFault_Handler
    startup_stm32f103xb.o(RESET) refers to port.o(.emb_text) for SVC_Handler
    startup_stm32f103xb.o(RESET) refers to stm32f1xx_it.o(i.DebugMon_Handler) for DebugMon_Handler
    startup_stm32f103xb.o(RESET) refers to stm32f1xx_it.o(i.SysTick_Handler) for SysTick_Handler
    startup_stm32f103xb.o(.text) refers to system_stm32f1xx.o(i.SystemInit) for SystemInit
    startup_stm32f103xb.o(.text) refers to entry.o(.ARM.Collect$$$$00000000) for __main
    stm32f1xx_hal_pwr.o(i.HAL_PWR_EnterSTOPMode) refers to stm32f1xx_hal_pwr.o(i.PWR_OverloadWfe) for PWR_OverloadWfe
    stm32f1xx_hal_pwr.o(i.HAL_PWR_PVD_IRQHandler) refers to stm32f1xx_hal_pwr.o(i.HAL_PWR_PVDCallback) for HAL_PWR_PVDCallback
    stm32f1xx_hal_spi_ex.o(i.HAL_SPI_Init) refers to spi.o(i.HAL_SPI_MspInit) for HAL_SPI_MspInit
    stm32f1xx_hal_rcc.o(i.HAL_RCC_ClockConfig) refers to stm32f1xx_hal.o(i.HAL_GetTick) for HAL_GetTick
    stm32f1xx_hal_rcc.o(i.HAL_RCC_ClockConfig) refers to stm32f1xx_hal_rcc.o(i.HAL_RCC_GetSysClockFreq) for HAL_RCC_GetSysClockFreq
    stm32f1xx_hal_rcc.o(i.HAL_RCC_ClockConfig) refers to stm32f1xx_hal.o(i.HAL_InitTick) for HAL_InitTick
    stm32f1xx_hal_rcc.o(i.HAL_RCC_ClockConfig) refers to system_stm32f1xx.o(.constdata) for AHBPrescTable
    stm32f1xx_hal_rcc.o(i.HAL_RCC_ClockConfig) refers to system_stm32f1xx.o(.data) for SystemCoreClock
    stm32f1xx_hal_rcc.o(i.HAL_RCC_DeInit) refers to system_stm32f1xx.o(.data) for SystemCoreClock
    stm32f1xx_hal_rcc.o(i.HAL_RCC_GetHCLKFreq) refers to system_stm32f1xx.o(.data) for SystemCoreClock
    stm32f1xx_hal_rcc.o(i.HAL_RCC_GetPCLK1Freq) refers to system_stm32f1xx.o(.data) for SystemCoreClock
    stm32f1xx_hal_rcc.o(i.HAL_RCC_GetPCLK1Freq) refers to system_stm32f1xx.o(.constdata) for APBPrescTable
    stm32f1xx_hal_rcc.o(i.HAL_RCC_GetPCLK2Freq) refers to system_stm32f1xx.o(.data) for SystemCoreClock
    stm32f1xx_hal_rcc.o(i.HAL_RCC_GetPCLK2Freq) refers to system_stm32f1xx.o(.constdata) for APBPrescTable
    stm32f1xx_hal_rcc.o(i.HAL_RCC_MCOConfig) refers to stm32f1xx_hal_gpio.o(i.HAL_GPIO_Init) for HAL_GPIO_Init
    stm32f1xx_hal_rcc.o(i.HAL_RCC_NMI_IRQHandler) refers to stm32f1xx_hal_rcc.o(i.HAL_RCC_CSSCallback) for HAL_RCC_CSSCallback
    stm32f1xx_hal_rcc.o(i.HAL_RCC_OscConfig) refers to stm32f1xx_hal.o(i.HAL_GetTick) for HAL_GetTick
    stm32f1xx_hal_rcc.o(i.HAL_RCC_OscConfig) refers to system_stm32f1xx.o(.data) for SystemCoreClock
    stm32f1xx_hal_dma.o(i.HAL_DMA_PollForTransfer) refers to stm32f1xx_hal.o(i.HAL_GetTick) for HAL_GetTick
    stm32f1xx_hal_dma.o(i.HAL_DMA_Start) refers to stm32f1xx_hal_dma.o(i.DMA_SetConfig) for DMA_SetConfig
    stm32f1xx_hal_dma.o(i.HAL_DMA_Start_IT) refers to stm32f1xx_hal_dma.o(i.DMA_SetConfig) for DMA_SetConfig
    stm32f1xx_hal_cortex.o(i.HAL_NVIC_SetPriority) refers to stm32f1xx_hal_cortex.o(i.NVIC_SetPriority) for NVIC_SetPriority
    stm32f1xx_hal_cortex.o(i.HAL_SYSTICK_Config) refers to stm32f1xx_hal_cortex.o(i.NVIC_SetPriority) for NVIC_SetPriority
    stm32f1xx_hal_cortex.o(i.HAL_SYSTICK_IRQHandler) refers to stm32f1xx_hal_cortex.o(i.HAL_SYSTICK_Callback) for HAL_SYSTICK_Callback
    stm32f1xx_hal_rcc_ex.o(i.HAL_RCCEx_GetPeriphCLKFreq) refers to stm32f1xx_hal_rcc.o(i.HAL_RCC_GetPCLK2Freq) for HAL_RCC_GetPCLK2Freq
    stm32f1xx_hal_rcc_ex.o(i.HAL_RCCEx_PeriphCLKConfig) refers to stm32f1xx_hal.o(i.HAL_GetTick) for HAL_GetTick
    stm32f1xx_hal.o(i.HAL_DeInit) refers to stm32f1xx_hal.o(i.HAL_MspDeInit) for HAL_MspDeInit
    stm32f1xx_hal.o(i.HAL_Delay) refers to stm32f1xx_hal.o(i.HAL_GetTick) for HAL_GetTick
    stm32f1xx_hal.o(i.HAL_GetTick) refers to stm32f1xx_hal.o(.data) for .data
    stm32f1xx_hal.o(i.HAL_IncTick) refers to stm32f1xx_hal.o(.data) for .data
    stm32f1xx_hal.o(i.HAL_Init) refers to stm32f1xx_hal_cortex.o(i.HAL_NVIC_SetPriorityGrouping) for HAL_NVIC_SetPriorityGrouping
    stm32f1xx_hal.o(i.HAL_Init) refers to stm32f1xx_hal.o(i.HAL_InitTick) for HAL_InitTick
[...]

==============================================================================

Image Symbol Table

    Local Symbols

    Symbol Name                              Value     Ov Type        Size  Object(Section)

    ../Drivers/STM32F1xx_HAL_Driver/Src/stm32f1xx_hal.c 0x00000000   Number         0  stm32f1xx_hal.o ABSOLUTE
    ../Drivers/STM32F1xx_HAL_Driver/Src/stm32f1xx_hal_cortex.c 0x00000000   Number         0  stm32f1xx_hal_cortex.o ABSOLUTE
    ../Drivers/STM32F1xx_HAL_Driver/Src/stm32f1xx_hal_dma.c 0x00000000   Number         0  stm32f1xx_hal_dma.o ABSOLUTE
    ../Drivers/STM32F1xx_HAL_Driver/Src/stm32f1xx_hal_flash.c 0x00000000   Number         0  stm32f1xx_hal_flash.o ABSOLUTE
    ../Drivers/STM32F1xx_HAL_Driver/Src/stm32f1xx_hal_flash_ex.c 0x00000000   Number         0  stm32f1xx_hal_flash_ex.o ABSOLUTE
    ../Drivers/STM32F1xx_HAL_Driver/Src/stm32f1xx_hal_gpio.c 0x00000000   Number         0  stm32f1xx_hal_gpio.o ABSOLUTE
    ../Drivers/STM32F1xx_HAL_Driver/Src/stm32f1xx_hal_gpio_ex.c 0x00000000   Number         0  stm32f1xx_hal_gpio_ex.o ABSOLUTE
    ../Drivers/STM32F1xx_HAL_Driver/Src/stm32f1xx_hal_pwr.c 0x00000000   Number         0  stm32f1xx_hal_pwr.o ABSOLUTE
    ../Drivers/STM32F1xx_HAL_Driver/Src/stm32f1xx_hal_rcc.c 0x00000000   Number         0  stm32f1xx_hal_rcc.o ABSOLUTE
    ../Drivers/STM32F1xx_HAL_Driver/Src/stm32f1xx_hal_rcc_ex.c 0x00000000   Number         0  stm32f1xx_hal_rcc_ex.o ABSOLUTE
    ../Drivers/STM32F1xx_HAL_Driver/Src/stm32f1xx_hal_spi.c 0x00000000   Number         0  stm32f1xx_hal_spi.o ABSOLUTE
    ../Drivers/STM32F1xx_HAL_Driver/Src/stm32f1xx_hal_spi_ex.c 0x00000000   Number         0  stm32f1xx_hal_spi_ex.o ABSOLUTE
    ../Drivers/STM32F1xx_HAL_Driver/Src/stm32f1xx_hal_tim.c 0x00000000   Number         0  stm32f1xx_hal_tim.o ABSOLUTE
    ../Drivers/STM32F1xx_HAL_Driver/Src/stm32f1xx_hal_tim_ex.c 0x00000000   Number         0  stm32f1xx_hal_tim_ex.o ABSOLUTE
    ../Middlewares/Third_Party/FreeRTOS/Source/CMSIS_RTOS/cmsis_os.c 0x00000000   Number         0  cmsis_os.o ABSOLUTE
    ../Middlewares/Third_Party/FreeRTOS/Source/croutine.c 0x00000000   Number         0  croutine.o ABSOLUTE
    ../Middlewares/Third_Party/FreeRTOS/Source/event_groups.c 0x00000000   Number         0  event_groups.o ABSOLUTE
    ../Middlewares/Third_Party/FreeRTOS/Source/list.c 0x00000000   Number         0  list.o ABSOLUTE
    ../Middlewares/Third_Party/FreeRTOS/Source/portable/MemMang/heap_4.c 0x00000000   Number         0  heap_4.o ABSOLUTE
    ../Middlewares/Third_Party/FreeRTOS/Source/portable/RVDS/ARM_CM3/port.c 0x00000000   Number         0  port.o ABSOLUTE
    ../Middlewares/Third_Party/FreeRTOS/Source/queue.c 0x00000000   Number         0  queue.o ABSOLUTE
    ../Middlewares/Third_Party/FreeRTOS/Source/tasks.c 0x00000000   Number         0  tasks.o ABSOLUTE
    ../Middlewares/Third_Party/FreeRTOS/Source/timers.c 0x00000000   Number         0  timers.o ABSOLUTE
    ../Src/freertos.c                        0x00000000   Number         0  freertos.o ABSOLUTE
    ../Src/gpio.c                            0x00000000   Number         0  gpio.o ABSOLUTE
    ../Src/main.c                            0x00000000   Number         0  main.o ABSOLUTE
    ../Src/spi.c                             0x00000000   Number         0  spi.o ABSOLUTE
    ../Src/stm32f1xx_hal_msp.c               0x00000000   Number         0  stm32f1xx_hal_msp.o ABSOLUTE
    ../Src/stm32f1xx_it.c                    0x00000000   Number         0  stm32f1xx_it.o ABSOLUTE
    ../Src/system_stm32f1xx.c                0x00000000   Number         0  system_stm32f1xx.o ABSOLUTE
    ../clib/microlib/division.c              0x00000000   Number         0  uldiv.o ABSOLUTE
    ../clib/microlib/division.c              0x00000000   Number         0  uidiv.o ABSOLUTE
    ../clib/microlib/init/entry.s            0x00000000   Number         0  entry8a.o ABSOLUTE
    ../clib/microlib/init/entry.s            0x00000000   Number         0  entry11b.o ABSOLUTE
    ../clib/microlib/init/entry.s            0x00000000   Number         0  entry11a.o ABSOLUTE
    ../clib/microlib/init/entry.s            0x00000000   Number         0  entry7b.o ABSOLUTE
    ../clib/microlib/init/entry.s            0x00000000   Number         0  entry10b.o ABSOLUTE
    ../clib/microlib/init/entry.s            0x00000000   Number         0  entry5.o ABSOLUTE
    ../clib/microlib/init/entry.s            0x00000000   Number         0  entry9b.o ABSOLUTE
    ../clib/microlib/init/entry.s            0x00000000   Number         0  entry10a.o ABSOLUTE
    ../clib/microlib/init/entry.s            0x00000000   Number         0  entry.o ABSOLUTE
    ../clib/microlib/init/entry.s            0x00000000   Number         0  entry9a.o ABSOLUTE
    ../clib/microlib/init/entry.s            0x00000000   Number         0  entry8b.o ABSOLUTE
    ../clib/microlib/init/entry.s            0x00000000   Number         0  entry2.o ABSOLUTE
    ../clib/microlib/init/entry.s            0x00000000   Number         0  entry7a.o ABSOLUTE
    ../clib/microlib/longlong.c              0x00000000   Number         0  llsshr.o ABSOLUTE
    ../clib/microlib/longlong.c              0x00000000   Number         0  llushr.o ABSOLUTE
    ../clib/microlib/longlong.c              0x00000000   Number         0  llshl.o ABSOLUTE
    ../clib/microlib/printf/printf.c         0x00000000   Number         0  printf7.o ABSOLUTE
    ../clib/microlib/printf/printf.c         0x00000000   Number         0  printf2.o ABSOLUTE
    ../clib/microlib/printf/printf.c         0x00000000   Number         0  printf6.o ABSOLUTE
    ../clib/microlib/printf/printf.c         0x00000000   Number         0  printf5.o ABSOLUTE
    ../clib/microlib/printf/printf.c         0x00000000   Number         0  printf3.o ABSOLUTE
    ../clib/microlib/printf/printf.c         0x00000000   Number         0  printf4.o ABSOLUTE
    ../clib/microlib/printf/printf.c         0x00000000   Number         0  printfa.o ABSOLUTE
    ../clib/microlib/printf/printf.c         0x00000000   Number         0  printf0.o ABSOLUTE
    ../clib/microlib/printf/printf.c         0x00000000   Number         0  printf8.o ABSOLUTE
    ../clib/microlib/printf/printf.c         0x00000000   Number         0  printfb.o ABSOLUTE
    ../clib/microlib/printf/printf.c         0x00000000   Number         0  printf1.o ABSOLUTE
    ../clib/microlib/printf/stubs.s          0x00000000   Number         0  stubs.o ABSOLUTE
    ../clib/microlib/stdio/fputc.c           0x00000000   Number         0  fputc.o ABSOLUTE
    ../clib/microlib/stdio/semi.s            0x00000000   Number         0  semi.o ABSOLUTE
    ../clib/microlib/stdio/streams.c         0x00000000   Number         0  stdout.o ABSOLUTE
    ../clib/microlib/string/memcpy.c         0x00000000   Number         0  memcpya.o ABSOLUTE
    ../clib/microlib/string/memcpy.c         0x00000000   Number         0  memcpyb.o ABSOLUTE
    ../clib/microlib/string/memset.c         0x00000000   Number         0  memseta.o ABSOLUTE
    ../clib/microlib/stubs.s                 0x00000000   Number         0  iusefp.o ABSOLUTE
    ../clib/microlib/stubs.s                 0x00000000   Number         0  iusesemip.o ABSOLUTE
    ../fplib/microlib/fpadd.c                0x00000000   Number         0  dadd.o ABSOLUTE
    ../fplib/microlib/fpdiv.c                0x00000000   Number         0  ddiv.o ABSOLUTE
    ../fplib/microlib/fpepilogue.c           0x00000000   Number         0  depilogue.o ABSOLUTE
    ../fplib/microlib/fpfix.c                0x00000000   Number         0  dfixul.o ABSOLUTE
    ../fplib/microlib/fpmul.c                0x00000000   Number         0  dmul.o ABSOLUTE
    ..\Drivers\STM32F1xx_HAL_Driver\Src\stm32f1xx_hal.c 0x00000000   Number         0  stm32f1xx_hal.o ABSOLUTE
    ..\Drivers\STM32F1xx_HAL_Driver\Src\stm32f1xx_hal_cortex.c 0x00000000   Number         0  stm32f1xx_hal_cortex.o ABSOLUTE
    ..\Drivers\STM32F1xx_HAL_Driver\Src\stm32f1xx_hal_dma.c 0x00000000   Number         0  stm32f1xx_hal_dma.o ABSOLUTE
    ..\Drivers\STM32F1xx_HAL_Driver\Src\stm32f1xx_hal_flash.c 0x00000000   Number         0  stm32f1xx_hal_flash.o ABSOLUTE
    ..\Drivers\STM32F1xx_HAL_Driver\Src\stm32f1xx_hal_flash_ex.c 0x00000000   Number         0  stm32f1xx_hal_flash_ex.o ABSOLUTE
    ..\Drivers\STM32F1xx_HAL_Driver\Src\stm32f1xx_hal_gpio.c 0x00000000   Number         0  stm32f1xx_hal_gpio.o ABSOLUTE
    ..\Drivers\STM32F1xx_HAL_Driver\Src\stm32f1xx_hal_gpio_ex.c 0x00000000   Number         0  stm32f1xx_hal_gpio_ex.o ABSOLUTE
    ..\Drivers\STM32F1xx_HAL_Driver\Src\stm32f1xx_hal_pwr.c 0x00000000   Number         0  stm32f1xx_hal_pwr.o ABSOLUTE
    ..\Drivers\STM32F1xx_HAL_Driver\Src\stm32f1xx_hal_rcc.c 0x00000000   Number         0  stm32f1xx_hal_rcc.o ABSOLUTE
    ..\Drivers\STM32F1xx_HAL_Driver\Src\stm32f1xx_hal_rcc_ex.c 0x00000000   Number         0  stm32f1xx_hal_rcc_ex.o ABSOLUTE
    ..\Drivers\STM32F1xx_HAL_Driver\Src\stm32f1xx_hal_spi.c 0x00000000   Number         0  stm32f1xx_hal_spi.o ABSOLUTE
    ..\Drivers\STM32F1xx_HAL_Driver\Src\stm32f1xx_hal_spi_ex.c 0x00000000   Number         0  stm32f1xx_hal_spi_ex.o ABSOLUTE
    ..\Drivers\STM32F1xx_HAL_Driver\Src\stm32f1xx_hal_tim.c 0x00000000   Number         0  stm32f1xx_hal_tim.o ABSOLUTE
    ..\Drivers\STM32F1xx_HAL_Driver\Src\stm32f1xx_hal_tim_ex.c 0x00000000   Number         0  stm32f1xx_hal_tim_ex.o ABSOLUTE
    ..\Middlewares\Third_Party\FreeRTOS\Source\CMSIS_RTOS\cmsis_os.c 0x00000000   Number         0  cmsis_os.o ABSOLUTE
    ..\Middlewares\Third_Party\FreeRTOS\Source\portable\RVDS\ARM_CM3\port.c 0x00000000   Number         0  port.o ABSOLUTE
    ..\Src\freertos.c                        0x00000000   Number         0  freertos.o ABSOLUTE
    ..\Src\gpio.c                            0x00000000   Number         0  gpio.o ABSOLUTE
    ..\Src\main.c                            0x00000000   Number         0  main.o ABSOLUTE
    ..\Src\speed.c                           0x00000000   Number         0  speed.o ABSOLUTE
    ..\Src\spi.c                             0x00000000   Number         0  spi.o ABSOLUTE
    ..\Src\stm32f1xx_hal_msp.c               0x00000000   Number         0  stm32f1xx_hal_msp.o ABSOLUTE
    ..\Src\stm32f1xx_it.c                    0x00000000   Number         0  stm32f1xx_it.o ABSOLUTE
    ..\Src\system_stm32f1xx.c                0x00000000   Number         0  system_stm32f1xx.o ABSOLUTE
    ..\Src\u8g2\u8g2_bitmap.c                0x00000000   Number         0  u8g2_bitmap.o ABSOLUTE
    ..\Src\u8g2\u8g2_box.c                   0x00000000   Number         0  u8g2_box.o ABSOLUTE
    ..\Src\u8g2\u8g2_buffer.c                0x00000000   Number         0  u8g2_buffer.o ABSOLUTE
    ..\Src\u8g2\u8g2_circle.c                0x00000000   Number         0  u8g2_circle.o ABSOLUTE
    ..\Src\u8g2\u8g2_cleardisplay.c          0x00000000   Number         0  u8g2_cleardisplay.o ABSOLUTE
    ..\Src\u8g2\u8g2_font.c                  0x00000000   Number         0  u8g2_font.o ABSOLUTE
    ..\Src\u8g2\u8g2_hvline.c                0x00000000   Number         0  u8g2_hvline.o ABSOLUTE
    ..\Src\u8g2\u8g2_input_value.c           0x00000000   Number         0  u8g2_input_value.o ABSOLUTE
    ..\Src\u8g2\u8g2_intersection.c          0x00000000   Number         0  u8g2_intersection.o ABSOLUTE
    ..\Src\u8g2\u8g2_kerning.c               0x00000000   Number         0  u8g2_kerning.o ABSOLUTE
    ..\Src\u8g2\u8g2_line.c                  0x00000000   Number         0  u8g2_line.o ABSOLUTE
    ..\Src\u8g2\u8g2_ll_hvline.c             0x00000000   Number         0  u8g2_ll_hvline.o ABSOLUTE
    ..\Src\u8g2\u8g2_message.c               0x00000000   Number         0  u8g2_message.o ABSOLUTE
    ..\Src\u8g2\u8g2_polygon.c               0x00000000   Number         0  u8g2_polygon.o ABSOLUTE
    ..\Src\u8g2\u8g2_selection_list.c        0x00000000   Number         0  u8g2_selection_list.o ABSOLUTE
    ..\Src\u8g2\u8g2_setup.c                 0x00000000   Number         0  u8g2_setup.o ABSOLUTE
    ..\Src\u8g2\u8x8_8x8.c                   0x00000000   Number         0  u8x8_8x8.o ABSOLUTE
    ..\Src\u8g2\u8x8_byte.c                  0x00000000   Number         0  u8x8_byte.o ABSOLUTE
    ..\Src\u8g2\u8x8_cad.c                   0x00000000   Number         0  u8x8_cad.o ABSOLUTE
    ..\Src\u8g2\u8x8_d_a2printer.c           0x00000000   Number         0  u8x8_d_a2printer.o ABSOLUTE
    ..\Src\u8g2\u8x8_d_il3820_296x128.c      0x00000000   Number         0  u8x8_d_il3820_296x128.o ABSOLUTE
    ..\Src\u8g2\u8x8_d_ist3020.c             0x00000000   Number         0  u8x8_d_ist3020.o ABSOLUTE
    ..\Src\u8g2\u8x8_d_ks0108.c              0x00000000   Number         0  u8x8_d_ks0108.o ABSOLUTE
    ..\Src\u8g2\u8x8_d_lc7981.c              0x00000000   Number         0  u8x8_d_lc7981.o ABSOLUTE
    ..\Src\u8g2\u8x8_d_ld7032_60x32.c        0x00000000   Number         0  u8x8_d_ld7032_60x32.o ABSOLUTE
    ..\Src\u8g2\u8x8_d_ls013b7dh03.c         0x00000000   Number         0  u8x8_d_ls013b7dh03.o ABSOLUTE
    ..\Src\u8g2\u8x8_d_max7219.c             0x00000000   Number         0  u8x8_d_max7219.o ABSOLUTE
    ..\Src\u8g2\u8x8_d_pcd8544_84x48.c       0x00000000   Number         0  u8x8_d_pcd8544_84x48.o ABSOLUTE
    ..\Src\u8g2\u8x8_d_pcf8812.c             0x00000000   Number         0  u8x8_d_pcf8812.o ABSOLUTE
    ..\Src\u8g2\u8x8_d_sbn1661.c             0x00000000   Number         0  u8x8_d_sbn1661.o ABSOLUTE
    ..\Src\u8g2\u8x8_d_sed1330.c             0x00000000   Number         0  u8x8_d_sed1330.o ABSOLUTE
    ..\Src\u8g2\u8x8_d_ssd1305.c             0x00000000   Number         0  u8x8_d_ssd1305.o ABSOLUTE
    ..\Src\u8g2\u8x8_d_ssd1306_128x32.c      0x00000000   Number         0  u8x8_d_ssd1306_128x32.o ABSOLUTE
    ..\Src\u8g2\u8x8_d_ssd1306_128x64_noname.c 0x00000000   Number         0  u8x8_d_ssd1306_128x64_noname.o ABSOLUTE
    ..\Src\u8g2\u8x8_d_ssd1306_64x32.c       0x00000000   Number         0  u8x8_d_ssd1306_64x32.o ABSOLUTE
    ..\Src\u8g2\u8x8_d_ssd1306_64x48.c       0x00000000   Number         0  u8x8_d_ssd1306_64x48.o ABSOLUTE
    ..\Src\u8g2\u8x8_d_ssd1306_96x16.c       0x00000000   Number         0  u8x8_d_ssd1306_96x16.o ABSOLUTE
    ..\Src\u8g2\u8x8_d_ssd1309.c             0x00000000   Number         0  u8x8_d_ssd1309.o ABSOLUTE
    ..\Src\u8g2\u8x8_d_ssd1322.c             0x00000000   Number         0  u8x8_d_ssd1322.o ABSOLUTE
    ..\Src\u8g2\u8x8_d_ssd1325.c             0x00000000   Number         0  u8x8_d_ssd1325.o ABSOLUTE
    ..\Src\u8g2\u8x8_d_ssd1327.c             0x00000000   Number         0  u8x8_d_ssd1327.o ABSOLUTE
    ..\Src\u8g2\u8x8_d_ssd1329.c             0x00000000   Number         0  u8x8_d_ssd1329.o ABSOLUTE
    ..\Src\u8g2\u8x8_d_ssd1606_172x72.c      0x00000000   Number         0  u8x8_d_ssd1606_172x72.o ABSOLUTE
    ..\Src\u8g2\u8x8_d_ssd1607_200x200.c     0x00000000   Number         0  u8x8_d_ssd1607_200x200.o ABSOLUTE
    ..\Src\u8g2\u8x8_d_st75256.c             0x00000000   Number         0  u8x8_d_st75256.o ABSOLUTE
    ..\Src\u8g2\u8x8_d_st7565.c              0x00000000   Number         0  u8x8_d_st7565.o ABSOLUTE
    ..\Src\u8g2\u8x8_d_st7567.c              0x00000000   Number         0  u8x8_d_st7567.o ABSOLUTE
    ..\Src\u8g2\u8x8_d_st7588.c              0x00000000   Number         0  u8x8_d_st7588.o ABSOLUTE
    ..\Src\u8g2\u8x8_d_st7920.c              0x00000000   Number         0  u8x8_d_st7920.o ABSOLUTE
    ..\Src\u8g2\u8x8_d_t6963.c               0x00000000   Number         0  u8x8_d_t6963.o ABSOLUTE
    ..\Src\u8g2\u8x8_d_uc1604.c              0x00000000   Number         0  u8x8_d_uc1604.o ABSOLUTE
    ..\Src\u8g2\u8x8_d_uc1608.c              0x00000000   Number         0  u8x8_d_uc1608.o ABSOLUTE
    ..\Src\u8g2\u8x8_d_uc1610.c              0x00000000   Number         0  u8x8_d_uc1610.o ABSOLUTE
    ..\Src\u8g2\u8x8_d_uc1611.c              0x00000000   Number         0  u8x8_d_uc1611.o ABSOLUTE
    ..\Src\u8g2\u8x8_d_uc1617.c              0x00000000   Number         0  u8x8_d_uc1617.o ABSOLUTE
    ..\Src\u8g2\u8x8_d_uc1701_dogs102.c      0x00000000   Number         0  u8x8_d_uc1701_dogs102.o ABSOLUTE
    ..\Src\u8g2\u8x8_d_uc1701_mini12864.c    0x00000000   Number         0  u8x8_d_uc1701_mini12864.o ABSOLUTE
    ..\Src\u8g2\u8x8_debounce.c              0x00000000   Number         0  u8x8_debounce.o ABSOLUTE
    ..\Src\u8g2\u8x8_display.c               0x00000000   Number         0  u8x8_display.o ABSOLUTE
    ..\Src\u8g2\u8x8_fonts.c                 0x00000000   Number         0  u8x8_fonts.o ABSOLUTE
    ..\Src\u8g2\u8x8_gpio.c                  0x00000000   Number         0  u8x8_gpio.o ABSOLUTE
    ..\Src\u8g2\u8x8_input_value.c           0x00000000   Number         0  u8x8_input_value.o ABSOLUTE
    ..\Src\u8g2\u8x8_message.c               0x00000000   Number         0  u8x8_message.o ABSOLUTE
    ..\Src\u8g2\u8x8_selection_list.c        0x00000000   Number         0  u8x8_selection_list.o ABSOLUTE
    ..\Src\u8g2\u8x8_setup.c                 0x00000000   Number         0  u8x8_setup.o ABSOLUTE
    ..\Src\u8g2\u8x8_string.c                0x00000000   Number         0  u8x8_string.o ABSOLUTE
    ..\Src\u8g2\u8x8_u16toa.c                0x00000000   Number         0  u8x8_u16toa.o ABSOLUTE
    ..\Src\u8g2\u8x8_u8toa.c                 0x00000000   Number         0  u8x8_u8toa.o ABSOLUTE
    ..\Src\u8g2_arm.c                        0x00000000   Number         0  u8g2_arm.o ABSOLUTE
    ..\\Src\\speed.c                         0x00000000   Number         0  speed.o ABSOLUTE
    ..\\Src\\u8g2_arm.c                      0x00000000   Number         0  u8g2_arm.o ABSOLUTE
    cdrcmple.s                               0x00000000   Number         0  cdrcmple.o ABSOLUTE
    dc.s                                     0x00000000   Number         0  dc.o ABSOLUTE
    handlers.s                               0x00000000   Number         0  handlers.o ABSOLUTE
    init.s                                   0x00000000   Number         0  init.o ABSOLUTE
    startup_stm32f103xb.s                    0x00000000   Number         0  startup_stm32f103xb.o ABSOLUTE
    RESET                                    0x08000000   Section      236  startup_stm32f103xb.o(RESET)
    .ARM.Collect$$$$00000000                 0x080000ec   Section        0  entry.o(.ARM.Collect$$$$00000000)
    .ARM.Collect$$$$00000001                 0x080000ec   Section        4  entry2.o(.ARM.Collect$$$$00000001)
    .ARM.Collect$$$$00000004                 0x080000f0   Section        4  entry5.o(.ARM.Collect$$$$00000004)
    .ARM.Collect$$$$00000008                 0x080000f4   Section        0  entry7b.o(.ARM.Collect$$$$00000008)
    .ARM.Collect$$$$0000000A                 0x080000f4   Section        0  entry8b.o(.ARM.Collect$$$$0000000A)
    .ARM.Collect$$$$0000000B                 0x080000f4   Section        8  entry9a.o(.ARM.Collect$$$$0000000B)
    .ARM.Collect$$$$0000000D                 0x080000fc   Section        0  entry10a.o(.ARM.Collect$$$$0000000D)
    .ARM.Collect$$$$0000000F                 0x080000fc   Section        0  entry11a.o(.ARM.Collect$$$$0000000F)
    .ARM.Collect$$$$00002712                 0x080000fc   Section        4  entry2.o(.ARM.Collect$$$$00002712)
    __lit__00000000                          0x080000fc   Data           4  entry2.o(.ARM.Collect$$$$00002712)
    .emb_text                                0x08000100   Section      150  port.o(.emb_text)
    .text                                    0x08000198   Section       36  startup_stm32f103xb.o(.text)
    .text                                    0x080001bc   Section        0  memcpya.o(.text)
    .text                                    0x080001e0   Section        0  memseta.o(.text)
    .text                                    0x08000204   Section       36  init.o(.text)
    i.BusFault_Handler                       0x08000228   Section        0  stm32f1xx_it.o(i.BusFault_Handler)
    i.DebugMon_Handler                       0x0800022a   Section        0  stm32f1xx_it.o(i.DebugMon_Handler)
    i.HAL_Delay                              0x0800022c   Section        0  stm32f1xx_hal.o(i.HAL_Delay)
    i.HAL_GPIO_Init                          0x08000248   Section        0  stm32f1xx_hal_gpio.o(i.HAL_GPIO_Init)
    i.HAL_GPIO_TogglePin                     0x08000404   Section        0  stm32f1xx_hal_gpio.o(i.HAL_GPIO_TogglePin)
    i.HAL_GPIO_WritePin                      0x0800040c   Section        0  stm32f1xx_hal_gpio.o(i.HAL_GPIO_WritePin)
    i.HAL_GetTick                            0x08000418   Section        0  stm32f1xx_hal.o(i.HAL_GetTick)
    i.HAL_IncTick                            0x08000424   Section        0  stm32f1xx_hal.o(i.HAL_IncTick)
    i.HAL_Init                               0x08000434   Section        0  stm32f1xx_hal.o(i.HAL_Init)
    i.HAL_InitTick                           0x08000458   Section        0  stm32f1xx_hal.o(i.HAL_InitTick)
    i.HAL_MspInit                            0x08000480   Section        0  stm32f1xx_hal_msp.o(i.HAL_MspInit)
    i.HAL_NVIC_SetPriority                   0x08000504   Section        0  stm32f1xx_hal_cortex.o(i.HAL_NVIC_SetPriority)
    i.HAL_NVIC_SetPriorityGrouping           0x08000544   Section        0  stm32f1xx_hal_cortex.o(i.HAL_NVIC_SetPriorityGrouping)
    i.HAL_RCC_ClockConfig                    0x08000568   Section        0  stm32f1xx_hal_rcc.o(i.HAL_RCC_ClockConfig)
    i.HAL_RCC_GetHCLKFreq                    0x080006bc   Section        0  stm32f1xx_hal_rcc.o(i.HAL_RCC_GetHCLKFreq)
    i.HAL_RCC_GetSysClockFreq                0x080006c8   Section        0  stm32f1xx_hal_rcc.o(i.HAL_RCC_GetSysClockFreq)
    i.HAL_RCC_OscConfig                      0x08000734   Section        0  stm32f1xx_hal_rcc.o(i.HAL_RCC_OscConfig)
    i.HAL_SPI_GetState                       0x08000a38   Section        0  stm32f1xx_hal_spi.o(i.HAL_SPI_GetState)
    i.HAL_SPI_Init                           0x08000a3e   Section        0  stm32f1xx_hal_spi_ex.o(i.HAL_SPI_Init)
    i.HAL_SPI_MspInit                        0x08000ac0   Section        0  spi.o(i.HAL_SPI_MspInit)
    i.HAL_SPI_Transmit                       0x08000b04   Section        0  stm32f1xx_hal_spi.o(i.HAL_SPI_Transmit)
    i.HAL_SYSTICK_CLKSourceConfig            0x08000c6c   Section        0  stm32f1xx_hal_cortex.o(i.HAL_SYSTICK_CLKSourceConfig)
    i.HAL_SYSTICK_Config                     0x08000c84   Section        0  stm32f1xx_hal_cortex.o(i.HAL_SYSTICK_Config)
    i.HardFault_Handler                      0x08000cac   Section        0  stm32f1xx_it.o(i.HardFault_Handler)
    i.MX_FREERTOS_Init                       0x08000cb0   Section        0  freertos.o(i.MX_FREERTOS_Init)
    i.MX_GPIO_Init                           0x08000d04   Section        0  gpio.o(i.MX_GPIO_Init)
    i.MX_SPI2_Init                           0x08000da0   Section        0  spi.o(i.MX_SPI2_Init)
    i.MemManage_Handler                      0x08000df8   Section        0  stm32f1xx_it.o(i.MemManage_Handler)
    i.NMI_Handler                            0x08000dfa   Section        0  stm32f1xx_it.o(i.NMI_Handler)
    i.NVIC_SetPriority                       0x08000dfc   Section        0  stm32f1xx_hal_cortex.o(i.NVIC_SetPriority)
    NVIC_SetPriority                         0x08000dfd   Thumb Code    32  stm32f1xx_hal_cortex.o(i.NVIC_SetPriority)
    i.SPI_CheckFlag_BSY                      0x08000e1c   Section        0  stm32f1xx_hal_spi.o(i.SPI_CheckFlag_BSY)
    SPI_CheckFlag_BSY                        0x08000e1d   Thumb Code    32  stm32f1xx_hal_spi.o(i.SPI_CheckFlag_BSY)
    i.SPI_WaitFlagStateUntilTimeout          0x08000e3c   Section        0  stm32f1xx_hal_spi.o(i.SPI_WaitFlagStateUntilTimeout)
    SPI_WaitFlagStateUntilTimeout            0x08000e3d   Thumb Code   150  stm32f1xx_hal_spi.o(i.SPI_WaitFlagStateUntilTimeout)
    i.StartBlink                             0x08000ed4   Section        0  freertos.o(i.StartBlink)
    i.StartDefaultTask                       0x08000ef0   Section        0  freertos.o(i.StartDefaultTask)
    i.StartSpeed                             0x08000ef8   Section        0  freertos.o(i.StartSpeed)
    i.SysTick_Handler                        0x08000f18   Section        0  stm32f1xx_it.o(i.SysTick_Handler)
    i.SystemClock_Config                     0x08000f26   Section        0  main.o(i.SystemClock_Config)
    i.SystemInit                             0x08000f90   Section        0  system_stm32f1xx.o(i.SystemInit)
    i.UsageFault_Handler                     0x08000fd8   Section        0  stm32f1xx_it.o(i.UsageFault_Handler)
    i._Error_Handler                         0x08000fda   Section        0  main.o(i._Error_Handler)
    i.__scatterload_copy                     0x08000fdc   Section       14  handlers.o(i.__scatterload_copy)
    i.__scatterload_null                     0x08000fea   Section        2  handlers.o(i.__scatterload_null)
    i.__scatterload_zeroinit                 0x08000fec   Section       14  handlers.o(i.__scatterload_zeroinit)
    i.main                                   0x08000ffc   Section        0  main.o(i.main)
    i.makeFreeRtosPriority                   0x08001050   Section        0  cmsis_os.o(i.makeFreeRtosPriority)
    makeFreeRtosPriority                     0x08001051   Thumb Code    12  cmsis_os.o(i.makeFreeRtosPriority)
    i.osDelay                                0x0800105c   Section        0  cmsis_os.o(i.osDelay)
    i.osKernelStart                          0x0800106a   Section        0  cmsis_os.o(i.osKernelStart)
    i.osSystickHandler                       0x08001074   Section        0  cmsis_os.o(i.osSystickHandler)
    i.osThreadCreate                         0x08001088   Section        0  cmsis_os.o(i.osThreadCreate)
    i.prvAddCurrentTaskToDelayedList         0x080010b8   Section        0  tasks.o(i.prvAddCurrentTaskToDelayedList)
    prvAddCurrentTaskToDelayedList           0x080010b9   Thumb Code   102  tasks.o(i.prvAddCurrentTaskToDelayedList)
    i.prvAddNewTaskToReadyList               0x08001128   Section        0  tasks.o(i.prvAddNewTaskToReadyList)
    prvAddNewTaskToReadyList                 0x08001129   Thumb Code   194  tasks.o(i.prvAddNewTaskToReadyList)
    i.prvCheckTasksWaitingTermination        0x080011f8   Section        0  tasks.o(i.prvCheckTasksWaitingTermination)
    prvCheckTasksWaitingTermination          0x080011f9   Thumb Code    70  tasks.o(i.prvCheckTasksWaitingTermination)
    i.prvDeleteTCB                           0x08001248   Section        0  tasks.o(i.prvDeleteTCB)
    prvDeleteTCB                             0x08001249   Thumb Code    20  tasks.o(i.prvDeleteTCB)
    i.prvHeapInit                            0x0800125c   Section        0  heap_4.o(i.prvHeapInit)
    prvHeapInit                              0x0800125d   Thumb Code    66  heap_4.o(i.prvHeapInit)
    i.prvIdleTask                            0x080012a8   Section        0  tasks.o(i.prvIdleTask)
    prvIdleTask                              0x080012a9   Thumb Code    30  tasks.o(i.prvIdleTask)
    i.prvInitialiseNewTask                   0x080012d0   Section        0  tasks.o(i.prvInitialiseNewTask)
    prvInitialiseNewTask                     0x080012d1   Thumb Code   142  tasks.o(i.prvInitialiseNewTask)
    i.prvInsertBlockIntoFreeList             0x08001360   Section        0  heap_4.o(i.prvInsertBlockIntoFreeList)
    prvInsertBlockIntoFreeList               0x08001361   Thumb Code    72  heap_4.o(i.prvInsertBlockIntoFreeList)
    i.prvResetNextTaskUnblockTime            0x080013ac   Section        0  tasks.o(i.prvResetNextTaskUnblockTime)
    prvResetNextTaskUnblockTime              0x080013ad   Thumb Code    26  tasks.o(i.prvResetNextTaskUnblockTime)
    i.prvTaskExitError                       0x080013cc   Section        0  port.o(i.prvTaskExitError)
    prvTaskExitError                         0x080013cd   Thumb Code    36  port.o(i.prvTaskExitError)
    i.pvPortMalloc                           0x080013f4   Section        0  heap_4.o(i.pvPortMalloc)
    i.pxPortInitialiseStack                  0x080014cc   Section        0  port.o(i.pxPortInitialiseStack)
    i.speedo                                 0x080014f0   Section        0  speed.o(i.speedo)
    i.u8g2_ClearBuffer                       0x080015d4   Section        0  u8g2_buffer.o(i.u8g2_ClearBuffer)
    i.u8g2_DrawBox                           0x080015e6   Section        0  u8g2_box.o(i.u8g2_DrawBox)
    i.u8g2_DrawGlyph                         0x0800162a   Section        0  u8g2_font.o(i.u8g2_DrawGlyph)
    i.u8g2_DrawHVLine                        0x0800169a   Section        0  u8g2_hvline.o(i.u8g2_DrawHVLine)
    i.u8g2_DrawStr                           0x080016ac   Section        0  u8g2_font.o(i.u8g2_DrawStr)
    i.u8g2_IsIntersection                    0x080016bc   Section        0  u8g2_intersection.o(i.u8g2_IsIntersection)
    i.u8g2_SendBuffer                        0x080016ec   Section        0  u8g2_buffer.o(i.u8g2_SendBuffer)
    i.u8g2_SetFont                           0x080016fe   Section        0  u8g2_font.o(i.u8g2_SetFont)
    i.u8g2_SetFontPosBaseline                0x08001720   Section        0  u8g2_font.o(i.u8g2_SetFontPosBaseline)
    i.u8g2_SetupBuffer                       0x0800172c   Section        0  u8g2_setup.o(i.u8g2_SetupBuffer)
    i.u8g2_Setup_st7920_s_128x64_f           0x08001760   Section        0  u8g2_arm.o(i.u8g2_Setup_st7920_s_128x64_f)
    i.u8g2_UpdateRefHeight                   0x08001794   Section        0  u8g2_font.o(i.u8g2_UpdateRefHeight)
    i.u8g2_add_vector_x                      0x080017e6   Section        0  u8g2_font.o(i.u8g2_add_vector_x)
    u8g2_add_vector_x                        0x080017e7   Thumb Code    28  u8g2_font.o(i.u8g2_add_vector_x)
    i.u8g2_add_vector_y                      0x08001802   Section        0  u8g2_font.o(i.u8g2_add_vector_y)
    u8g2_add_vector_y                        0x08001803   Thumb Code    28  u8g2_font.o(i.u8g2_add_vector_y)
    i.u8g2_clip_intersection                 0x0800181e   Section        0  u8g2_hvline.o(i.u8g2_clip_intersection)
    u8g2_clip_intersection                   0x0800181f   Thumb Code    46  u8g2_hvline.o(i.u8g2_clip_intersection)
    i.u8g2_draw_hv_line_2dir                 0x0800184c   Section        0  u8g2_hvline.o(i.u8g2_draw_hv_line_2dir)
    u8g2_draw_hv_line_2dir                   0x0800184d   Thumb Code   130  u8g2_hvline.o(i.u8g2_draw_hv_line_2dir)
    i.u8g2_draw_hv_line_4dir                 0x080018ce   Section        0  u8g2_hvline.o(i.u8g2_draw_hv_line_4dir)
    i.u8g2_draw_l90_r0                       0x0800191e   Section        0  u8g2_setup.o(i.u8g2_draw_l90_r0)
    i.u8g2_draw_string                       0x0800192a   Section        0  u8g2_font.o(i.u8g2_draw_string)
    u8g2_draw_string                         0x0800192b   Thumb Code   118  u8g2_font.o(i.u8g2_draw_string)
    i.u8g2_font_calc_vref_font               0x080019a0   Section        0  u8g2_font.o(i.u8g2_font_calc_vref_font)
    i.u8g2_font_decode_get_signed_bits       0x080019a4   Section        0  u8g2_font.o(i.u8g2_font_decode_get_signed_bits)
    i.u8g2_font_decode_get_unsigned_bits     0x080019b8   Section        0  u8g2_font.o(i.u8g2_font_decode_get_unsigned_bits)
    i.u8g2_font_decode_glyph                 0x080019ec   Section        0  u8g2_font.o(i.u8g2_font_decode_glyph)
    i.u8g2_font_decode_len                   0x08001af8   Section        0  u8g2_font.o(i.u8g2_font_decode_len)
    i.u8g2_font_get_glyph_data               0x08001b84   Section        0  u8g2_font.o(i.u8g2_font_get_glyph_data)
    i.u8g2_font_get_word                     0x08001bda   Section        0  u8g2_font.o(i.u8g2_font_get_word)
    u8g2_font_get_word                       0x08001bdb   Thumb Code    20  u8g2_font.o(i.u8g2_font_get_word)
    i.u8g2_font_setup_decode                 0x08001bee   Section        0  u8g2_font.o(i.u8g2_font_setup_decode)
    u8g2_font_setup_decode                   0x08001bef   Thumb Code    52  u8g2_font.o(i.u8g2_font_setup_decode)
    i.u8g2_is_intersection_decision_tree     0x08001c22   Section        0  u8g2_intersection.o(i.u8g2_is_intersection_decision_tree)
    i.u8g2_ll_hvline_horizontal_right_lsb    0x08001c3c   Section        0  u8g2_ll_hvline.o(i.u8g2_ll_hvline_horizontal_right_lsb)
    i.u8g2_read_font_info                    0x08001cb2   Section        0  u8g2_font.o(i.u8g2_read_font_info)
    i.u8g2_send_buffer                       0x08001d1c   Section        0  u8g2_buffer.o(i.u8g2_send_buffer)
    u8g2_send_buffer                         0x08001d1d   Thumb Code    78  u8g2_buffer.o(i.u8g2_send_buffer)
    i.u8g2_update_dimension_common           0x08001d6a   Section        0  u8g2_setup.o(i.u8g2_update_dimension_common)
    u8g2_update_dimension_common             0x08001d6b   Thumb Code    88  u8g2_setup.o(i.u8g2_update_dimension_common)
    i.u8g2_update_dimension_r0               0x08001dc2   Section        0  u8g2_setup.o(i.u8g2_update_dimension_r0)
    i.u8x8_DrawTile                          0x08001de0   Section        0  u8x8_display.o(i.u8x8_DrawTile)
    i.u8x8_InitDisplay                       0x08001dfe   Section        0  u8x8_display.o(i.u8x8_InitDisplay)
    i.u8x8_RefreshDisplay                    0x08001e0e   Section        0  u8x8_display.o(i.u8x8_RefreshDisplay)
    i.u8x8_SetPowerSave                      0x08001e1e   Section        0  u8x8_display.o(i.u8x8_SetPowerSave)
    i.u8x8_Setup                             0x08001e2e   Section        0  u8x8_setup.o(i.u8x8_Setup)
    i.u8x8_SetupDefaults                     0x08001e50   Section        0  u8x8_setup.o(i.u8x8_SetupDefaults)
    i.u8x8_SetupMemory                       0x08001e74   Section        0  u8x8_display.o(i.u8x8_SetupMemory)
    i.u8x8_ascii_next                        0x08001e84   Section        0  u8x8_8x8.o(i.u8x8_ascii_next)
    i.u8x8_byte_SendByte                     0x08001e92   Section        0  u8x8_byte.o(i.u8x8_byte_SendByte)
    i.u8x8_byte_SendBytes                    0x08001ea0   Section        0  u8x8_byte.o(i.u8x8_byte_SendBytes)
    i.u8x8_byte_arm_hw_spi                   0x08001eb0   Section        0  u8g2_arm.o(i.u8x8_byte_arm_hw_spi)
    i.u8x8_cad_EndTransfer                   0x08001f1c   Section        0  u8x8_cad.o(i.u8x8_cad_EndTransfer)
    i.u8x8_cad_SendCmd                       0x08001f2c   Section        0  u8x8_cad.o(i.u8x8_cad_SendCmd)
    i.u8x8_cad_SendData                      0x08001f3c   Section        0  u8x8_cad.o(i.u8x8_cad_SendData)
    i.u8x8_cad_SendSequence                  0x08001f4c   Section        0  u8x8_cad.o(i.u8x8_cad_SendSequence)
    i.u8x8_cad_StartTransfer                 0x08001fb4   Section        0  u8x8_cad.o(i.u8x8_cad_StartTransfer)
    i.u8x8_cad_st7920_spi                    0x08001fc4   Section        0  u8x8_cad.o(i.u8x8_cad_st7920_spi)
    i.u8x8_d_helper_display_init             0x080020bc   Section        0  u8x8_display.o(i.u8x8_d_helper_display_init)
    i.u8x8_d_helper_display_setup_memory     0x0800211c   Section        0  u8x8_display.o(i.u8x8_d_helper_display_setup_memory)
    i.u8x8_d_st7920_128x64                   0x08002124   Section        0  u8x8_d_st7920.o(i.u8x8_d_st7920_128x64)
    i.u8x8_d_st7920_common                   0x08002140   Section        0  u8x8_d_st7920.o(i.u8x8_d_st7920_common)
    i.u8x8_dummy_cb                          0x080021e0   Section        0  u8x8_setup.o(i.u8x8_dummy_cb)
    i.u8x8_gpio_and_delay_arm                0x080021e4   Section        0  u8g2_arm.o(i.u8x8_gpio_and_delay_arm)
    i.u8x8_gpio_call                         0x080021fe   Section        0  u8x8_gpio.o(i.u8x8_gpio_call)
    i.u8x8_utf8_init                         0x0800220a   Section        0  u8x8_8x8.o(i.u8x8_utf8_init)
    i.uxListRemove                           0x08002212   Section        0  list.o(i.uxListRemove)
    i.vListInitialise                        0x08002236   Section        0  list.o(i.vListInitialise)
    i.vListInitialiseItem                    0x0800224c   Section        0  list.o(i.vListInitialiseItem)
    i.vListInsert                            0x08002252   Section        0  list.o(i.vListInsert)
    i.vListInsertEnd                         0x08002282   Section        0  list.o(i.vListInsertEnd)
    i.vPortEnterCritical                     0x0800229c   Section        0  port.o(i.vPortEnterCritical)
    i.vPortExitCritical                      0x080022dc   Section        0  port.o(i.vPortExitCritical)
    i.vPortFree                              0x08002304   Section        0  heap_4.o(i.vPortFree)
    i.vPortSetupTimerInterrupt               0x08002360   Section        0  port.o(i.vPortSetupTimerInterrupt)
    i.vTaskDelay                             0x08002380   Section        0  tasks.o(i.vTaskDelay)
    i.vTaskStartScheduler                    0x080023cc   Section        0  tasks.o(i.vTaskStartScheduler)
    i.vTaskSuspendAll                        0x08002434   Section        0  tasks.o(i.vTaskSuspendAll)
    i.vTaskSwitchContext                     0x08002444   Section        0  tasks.o(i.vTaskSwitchContext)
    i.xPortStartScheduler                    0x080024a0   Section        0  port.o(i.xPortStartScheduler)
    i.xPortSysTickHandler                    0x08002514   Section        0  port.o(i.xPortSysTickHandler)
    i.xTaskCreate                            0x08002540   Section        0  tasks.o(i.xTaskCreate)
    i.xTaskGetSchedulerState                 0x08002598   Section        0  tasks.o(i.xTaskGetSchedulerState)
    i.xTaskIncrementTick                     0x080025b4   Section        0  tasks.o(i.xTaskIncrementTick)
    i.xTaskResumeAll                         0x0800267c   Section        0  tasks.o(i.xTaskResumeAll)
    .constdata                               0x08002740   Section       16  system_stm32f1xx.o(.constdata)
    .constdata                               0x08002750   Section     1207  u8g2_arm.o(.constdata)
    .constdata                               0x08002c07   Section     2883  u8g2_arm.o(.constdata)
    .constdata                               0x0800374c   Section       60  freertos.o(.constdata)
    .constdata                               0x08003788   Section       88  u8x8_d_st7920.o(.constdata)
    u8x8_d_st7920_powersave1_seq             0x08003788   Data           7  u8x8_d_st7920.o(.constdata)
    u8x8_d_st7920_init_seq                   0x0800378f   Data          19  u8x8_d_st7920.o(.constdata)
    u8x8_d_st7920_powersave0_seq             0x080037a2   Data          11  u8x8_d_st7920.o(.constdata)
    u8x8_st7920_192x32_display_info          0x080037b0   Data          24  u8x8_d_st7920.o(.constdata)
    u8x8_st7920_128x64_display_info          0x080037c8   Data          24  u8x8_d_st7920.o(.constdata)
    .constdata                               0x080037e0   Section        8  u8g2_setup.o(.constdata)
    .conststring                             0x080037e8   Section       28  freertos.o(.conststring)
    .data                                    0x20000000   Section        4  system_stm32f1xx.o(.data)
    .data                                    0x20000004   Section        4  stm32f1xx_hal.o(.data)
    .data                                    0x20000008   Section       12  freertos.o(.data)
    .data                                    0x20000014   Section       60  tasks.o(.data)
    uxDeletedTasksWaitingCleanUp             0x20000018   Data           4  tasks.o(.data)
    uxCurrentNumberOfTasks                   0x2000001c   Data           4  tasks.o(.data)
    xTickCount                               0x20000020   Data           4  tasks.o(.data)
    uxTopReadyPriority                       0x20000024   Data           4  tasks.o(.data)
    xSchedulerRunning                        0x20000028   Data           4  tasks.o(.data)
    uxPendedTicks                            0x2000002c   Data           4  tasks.o(.data)
    xYieldPending                            0x20000030   Data           4  tasks.o(.data)
    xNumOfOverflows                          0x20000034   Data           4  tasks.o(.data)
    uxTaskNumber                             0x20000038   Data           4  tasks.o(.data)
    xNextTaskUnblockTime                     0x2000003c   Data           4  tasks.o(.data)
    xIdleTaskHandle                          0x20000040   Data           4  tasks.o(.data)
    uxSchedulerSuspended                     0x20000044   Data           4  tasks.o(.data)
    pxDelayedTaskList                        0x20000048   Data           4  tasks.o(.data)
    pxOverflowDelayedTaskList                0x2000004c   Data           4  tasks.o(.data)
    .data                                    0x20000050   Section       12  port.o(.data)
    ucMaxSysCallPriority                     0x20000050   Data           1  port.o(.data)
    uxCriticalNesting                        0x20000054   Data           4  port.o(.data)
    ulMaxPRIGROUPValue                       0x20000058   Data           4  port.o(.data)
    .data                                    0x2000005c   Section       24  heap_4.o(.data)
    pxEnd                                    0x2000005c   Data           4  heap_4.o(.data)
    xFreeBytesRemaining                      0x20000060   Data           4  heap_4.o(.data)
    xMinimumEverFreeBytesRemaining           0x20000064   Data           4  heap_4.o(.data)
    xBlockAllocatedBit                       0x20000068   Data           4  heap_4.o(.data)
    xStart                                   0x2000006c   Data           8  heap_4.o(.data)
    .bss                                     0x20000074   Section       88  spi.o(.bss)
    .bss                                     0x200000cc   Section     1024  u8g2_arm.o(.bss)
    buf                                      0x200000cc   Data        1024  u8g2_arm.o(.bss)
    .bss                                     0x200004cc   Section      140  freertos.o(.bss)
    .bss                                     0x20000558   Section       16  u8x8_cad.o(.bss)
    buf                                      0x20000558   Data          16  u8x8_cad.o(.bss)
    .bss                                     0x20000568   Section      240  tasks.o(.bss)
    pxReadyTasksLists                        0x20000568   Data         140  tasks.o(.bss)
    xDelayedTaskList1                        0x200005f4   Data          20  tasks.o(.bss)
    xDelayedTaskList2                        0x20000608   Data          20  tasks.o(.bss)
    xPendingReadyList                        0x2000061c   Data          20  tasks.o(.bss)
    xTasksWaitingTermination                 0x20000630   Data          20  tasks.o(.bss)
    xSuspendedTaskList                       0x20000644   Data          20  tasks.o(.bss)
    .bss                                     0x20000658   Section     3072  heap_4.o(.bss)
    ucHeap                                   0x20000658   Data        3072  heap_4.o(.bss)
    STACK                                    0x20001258   Section     1024  startup_stm32f103xb.o(STACK)

    Global Symbols

    Symbol Name                              Value     Ov Type        Size  Object(Section)

    BuildAttributes$$THM_ISAv4$P$D$K$B$S$PE$A:L22UL41UL21$X:L11$S22US41US21$IEEE1$IW$USESV6$~STKCKD$USESV7$~SHL$OSPACE$ROPI$EBA8$MICROLIB$REQ8$PRES8$EABIv2 0x00000000   Number         0  anon$$obj.o ABSOLUTE
    __ARM_use_no_argv                        0x00000000   Number         0  main.o ABSOLUTE
    _printf_a                                0x00000000   Number         0  stubs.o ABSOLUTE
    _printf_c                                0x00000000   Number         0  stubs.o ABSOLUTE
    _printf_charcount                        0x00000000   Number         0  stubs.o ABSOLUTE
    _printf_d                                0x00000000   Number         0  stubs.o ABSOLUTE
    _printf_e                                0x00000000   Number         0  stubs.o ABSOLUTE
    _printf_f                                0x00000000   Number         0  stubs.o ABSOLUTE
    _printf_flags                            0x00000000   Number         0  stubs.o ABSOLUTE
    _printf_fp_dec                           0x00000000   Number         0  stubs.o ABSOLUTE
    _printf_fp_hex                           0x00000000   Number         0  stubs.o ABSOLUTE
    _printf_g                                0x00000000   Number         0  stubs.o ABSOLUTE
    _printf_i                                0x00000000   Number         0  stubs.o ABSOLUTE
    _printf_int_dec                          0x00000000   Number         0  stubs.o ABSOLUTE
    _printf_l                                0x00000000   Number         0  stubs.o ABSOLUTE
    _printf_lc                               0x00000000   Number         0  stubs.o ABSOLUTE
    _printf_ll                               0x00000000   Number         0  stubs.o ABSOLUTE
    _printf_lld                              0x00000000   Number         0  stubs.o ABSOLUTE
    _printf_lli                              0x00000000   Number         0  stubs.o ABSOLUTE
    _printf_llo                              0x00000000   Number         0  stubs.o ABSOLUTE
    _printf_llu                              0x00000000   Number         0  stubs.o ABSOLUTE
    _printf_llx                              0x00000000   Number         0  stubs.o ABSOLUTE
    _printf_longlong_dec                     0x00000000   Number         0  stubs.o ABSOLUTE
    _printf_longlong_hex                     0x00000000   Number         0  stubs.o ABSOLUTE
    _printf_longlong_oct                     0x00000000   Number         0  stubs.o ABSOLUTE
    _printf_ls                               0x00000000   Number         0  stubs.o ABSOLUTE
    _printf_mbtowc                           0x00000000   Number         0  stubs.o ABSOLUTE
    _printf_n                                0x00000000   Number         0  stubs.o ABSOLUTE
    _printf_o                                0x00000000   Number         0  stubs.o ABSOLUTE
    _printf_p                                0x00000000   Number         0  stubs.o ABSOLUTE
    _printf_percent                          0x00000000   Number         0  stubs.o ABSOLUTE
    _printf_pre_padding                      0x00000000   Number         0  stubs.o ABSOLUTE
    _printf_return_value                     0x00000000   Number         0  stubs.o ABSOLUTE
    _printf_s                                0x00000000   Number         0  stubs.o ABSOLUTE
    _printf_sizespec                         0x00000000   Number         0  stubs.o ABSOLUTE
    _printf_str                              0x00000000   Number         0  stubs.o ABSOLUTE
    _printf_truncate_signed                  0x00000000   Number         0  stubs.o ABSOLUTE
    _printf_truncate_unsigned                0x00000000   Number         0  stubs.o ABSOLUTE
    _printf_u                                0x00000000   Number         0  stubs.o ABSOLUTE
    _printf_wc                               0x00000000   Number         0  stubs.o ABSOLUTE
    _printf_wctomb                           0x00000000   Number         0  stubs.o ABSOLUTE
    _printf_widthprec                        0x00000000   Number         0  stubs.o ABSOLUTE
    _printf_x                                0x00000000   Number         0  stubs.o ABSOLUTE
    __cpp_initialize__aeabi_                  - Undefined Weak Reference
    __cxa_finalize                            - Undefined Weak Reference
    __decompress                              - Undefined Weak Reference
    _clock_init                               - Undefined Weak Reference
    _microlib_exit                            - Undefined Weak Reference
    __Vectors_Size                           0x000000ec   Number         0  startup_stm32f103xb.o ABSOLUTE
    __Vectors                                0x08000000   Data           4  startup_stm32f103xb.o(RESET)
    __Vectors_End                            0x080000ec   Data           0  startup_stm32f103xb.o(RESET)
    __main                                   0x080000ed   Thumb Code     0  entry.o(.ARM.Collect$$$$00000000)
    _main_stk                                0x080000ed   Thumb Code     0  entry2.o(.ARM.Collect$$$$00000001)
    _main_scatterload                        0x080000f1   Thumb Code     0  entry5.o(.ARM.Collect$$$$00000004)
    __main_after_scatterload                 0x080000f5   Thumb Code     0  entry5.o(.ARM.Collect$$$$00000004)
    _main_clock                              0x080000f5   Thumb Code     0  entry7b.o(.ARM.Collect$$$$00000008)
    _main_cpp_init                           0x080000f5   Thumb Code     0  entry8b.o(.ARM.Collect$$$$0000000A)
    _main_init                               0x080000f5   Thumb Code     0  entry9a.o(.ARM.Collect$$$$0000000B)
    __rt_final_cpp                           0x080000fd   Thumb Code     0  entry10a.o(.ARM.Collect$$$$0000000D)
    __rt_final_exit                          0x080000fd   Thumb Code     0  entry11a.o(.ARM.Collect$$$$0000000F)
    SVC_Handler                              0x08000101   Thumb Code    32  port.o(.emb_text)
    __asm___6_port_c_39a90d8d__prvStartFirstTask 0x08000125   Thumb Code    28  port.o(.emb_text)
    PendSV_Handler                           0x08000145   Thumb Code    72  port.o(.emb_text)
    vPortGetIPSR                             0x08000191   Thumb Code     6  port.o(.emb_text)
    Reset_Handler                            0x08000199   Thumb Code     8  startup_stm32f103xb.o(.text)
    ADC1_2_IRQHandler                        0x080001b3   Thumb Code     0  startup_stm32f103xb.o(.text)
    CAN1_RX1_IRQHandler                      0x080001b3   Thumb Code     0  startup_stm32f103xb.o(.text)
    CAN1_SCE_IRQHandler                      0x080001b3   Thumb Code     0  startup_stm32f103xb.o(.text)
    DMA1_Channel1_IRQHandler                 0x080001b3   Thumb Code     0  startup_stm32f103xb.o(.text)
    DMA1_Channel2_IRQHandler                 0x080001b3   Thumb Code     0  startup_stm32f103xb.o(.text)
    DMA1_Channel3_IRQHandler                 0x080001b3   Thumb Code     0  startup_stm32f103xb.o(.text)
    DMA1_Channel4_IRQHandler                 0x080001b3   Thumb Code     0  startup_stm32f103xb.o(.text)
    DMA1_Channel5_IRQHandler                 0x080001b3   Thumb Code     0  startup_stm32f103xb.o(.text)
    DMA1_Channel6_IRQHandler                 0x080001b3   Thumb Code     0  startup_stm32f103xb.o(.text)
    DMA1_Channel7_IRQHandler                 0x080001b3   Thumb Code     0  startup_stm32f103xb.o(.text)
    EXTI0_IRQHandler                         0x080001b3   Thumb Code     0  startup_stm32f103xb.o(.text)
    EXTI15_10_IRQHandler                     0x080001b3   Thumb Code     0  startup_stm32f103xb.o(.text)
    EXTI1_IRQHandler                         0x080001b3   Thumb Code     0  startup_stm32f103xb.o(.text)
    EXTI2_IRQHandler                         0x080001b3   Thumb Code     0  startup_stm32f103xb.o(.text)
    EXTI3_IRQHandler                         0x080001b3   Thumb Code     0  startup_stm32f103xb.o(.text)
    EXTI4_IRQHandler                         0x080001b3   Thumb Code     0  startup_stm32f103xb.o(.text)
    EXTI9_5_IRQHandler                       0x080001b3   Thumb Code     0  startup_stm32f103xb.o(.text)
    FLASH_IRQHandler                         0x080001b3   Thumb Code     0  startup_stm32f103xb.o(.text)
    I2C1_ER_IRQHandler                       0x080001b3   Thumb Code     0  startup_stm32f103xb.o(.text)
    I2C1_EV_IRQHandler                       0x080001b3   Thumb Code     0  startup_stm32f103xb.o(.text)
    I2C2_ER_IRQHandler                       0x080001b3   Thumb Code     0  startup_stm32f103xb.o(.text)
    I2C2_EV_IRQHandler                       0x080001b3   Thumb Code     0  startup_stm32f103xb.o(.text)
    PVD_IRQHandler                           0x080001b3   Thumb Code     0  startup_stm32f103xb.o(.text)
    RCC_IRQHandler                           0x080001b3   Thumb Code     0  startup_stm32f103xb.o(.text)
    RTC_Alarm_IRQHandler                     0x080001b3   Thumb Code     0  startup_stm32f103xb.o(.text)
    RTC_IRQHandler                           0x080001b3   Thumb Code     0  startup_stm32f103xb.o(.text)
    SPI1_IRQHandler                          0x080001b3   Thumb Code     0  startup_stm32f103xb.o(.text)
    SPI2_IRQHandler                          0x080001b3   Thumb Code     0  startup_stm32f103xb.o(.text)
    TAMPER_IRQHandler                        0x080001b3   Thumb Code     0  startup_stm32f103xb.o(.text)
    TIM1_BRK_IRQHandler                      0x080001b3   Thumb Code     0  startup_stm32f103xb.o(.text)
    TIM1_CC_IRQHandler                       0x080001b3   Thumb Code     0  startup_stm32f103xb.o(.text)
    TIM1_TRG_COM_IRQHandler                  0x080001b3   Thumb Code     0  startup_stm32f103xb.o(.text)
    TIM1_UP_IRQHandler                       0x080001b3   Thumb Code     0  startup_stm32f103xb.o(.text)
    TIM2_IRQHandler                          0x080001b3   Thumb Code     0  startup_stm32f103xb.o(.text)
    TIM3_IRQHandler                          0x080001b3   Thumb Code     0  startup_stm32f103xb.o(.text)
    TIM4_IRQHandler                          0x080001b3   Thumb Code     0  startup_stm32f103xb.o(.text)
    USART1_IRQHandler                        0x080001b3   Thumb Code     0  startup_stm32f103xb.o(.text)
    USART2_IRQHandler                        0x080001b3   Thumb Code     0  startup_stm32f103xb.o(.text)
    USART3_IRQHandler                        0x080001b3   Thumb Code     0  startup_stm32f103xb.o(.text)
    USBWakeUp_IRQHandler                     0x080001b3   Thumb Code     0  startup_stm32f103xb.o(.text)
    USB_HP_CAN1_TX_IRQHandler                0x080001b3   Thumb Code     0  startup_stm32f103xb.o(.text)
    USB_LP_CAN1_RX0_IRQHandler               0x080001b3   Thumb Code     0  startup_stm32f103xb.o(.text)
    WWDG_IRQHandler                          0x080001b3   Thumb Code     0  startup_stm32f103xb.o(.text)
    __aeabi_memcpy                           0x080001bd   Thumb Code    36  memcpya.o(.text)
    __aeabi_memcpy4                          0x080001bd   Thumb Code     0  memcpya.o(.text)
    __aeabi_memcpy8                          0x080001bd   Thumb Code     0  memcpya.o(.text)
    __aeabi_memset                           0x080001e1   Thumb Code    14  memseta.o(.text)
    __aeabi_memset4                          0x080001e1   Thumb Code     0  memseta.o(.text)
    __aeabi_memset8                          0x080001e1   Thumb Code     0  memseta.o(.text)
    __aeabi_memclr                           0x080001ef   Thumb Code     4  memseta.o(.text)
    __aeabi_memclr4                          0x080001ef   Thumb Code     0  memseta.o(.text)
    __aeabi_memclr8                          0x080001ef   Thumb Code     0  memseta.o(.text)
    _memset$wrapper                          0x080001f3   Thumb Code    18  memseta.o(.text)
    __scatterload                            0x08000205   Thumb Code    28  init.o(.text)
    __scatterload_rt2                        0x08000205   Thumb Code     0  init.o(.text)
    BusFault_Handler                         0x08000229   Thumb Code     2  stm32f1xx_it.o(i.BusFault_Handler)
    DebugMon_Handler                         0x0800022b   Thumb Code     2  stm32f1xx_it.o(i.DebugMon_Handler)
    HAL_Delay                                0x0800022d   Thumb Code    28  stm32f1xx_hal.o(i.HAL_Delay)
    HAL_GPIO_Init                            0x08000249   Thumb Code   408  stm32f1xx_hal_gpio.o(i.HAL_GPIO_Init)
    HAL_GPIO_TogglePin                       0x08000405   Thumb Code     8  stm32f1xx_hal_gpio.o(i.HAL_GPIO_TogglePin)
    HAL_GPIO_WritePin                        0x0800040d   Thumb Code    10  stm32f1xx_hal_gpio.o(i.HAL_GPIO_WritePin)
    HAL_GetTick                              0x08000419   Thumb Code     6  stm32f1xx_hal.o(i.HAL_GetTick)
    HAL_IncTick                              0x08000425   Thumb Code    10  stm32f1xx_hal.o(i.HAL_IncTick)
    HAL_Init                                 0x08000435   Thumb Code    32  stm32f1xx_hal.o(i.HAL_Init)
    HAL_InitTick                             0x08000459   Thumb Code    34  stm32f1xx_hal.o(i.HAL_InitTick)
    HAL_MspInit                              0x08000481   Thumb Code   122  stm32f1xx_hal_msp.o(i.HAL_MspInit)
    HAL_NVIC_SetPriority                     0x08000505   Thumb Code    60  stm32f1xx_hal_cortex.o(i.HAL_NVIC_SetPriority)
    HAL_NVIC_SetPriorityGrouping             0x08000545   Thumb Code    26  stm32f1xx_hal_cortex.o(i.HAL_NVIC_SetPriorityGrouping)
    HAL_RCC_ClockConfig                      0x08000569   Thumb Code   322  stm32f1xx_hal_rcc.o(i.HAL_RCC_ClockConfig)
    HAL_RCC_GetHCLKFreq                      0x080006bd   Thumb Code     6  stm32f1xx_hal_rcc.o(i.HAL_RCC_GetHCLKFreq)
    HAL_RCC_GetSysClockFreq                  0x080006c9   Thumb Code    74  stm32f1xx_hal_rcc.o(i.HAL_RCC_GetSysClockFreq)
    HAL_RCC_OscConfig                        0x08000735   Thumb Code   750  stm32f1xx_hal_rcc.o(i.HAL_RCC_OscConfig)
    HAL_SPI_GetState                         0x08000a39   Thumb Code     6  stm32f1xx_hal_spi.o(i.HAL_SPI_GetState)
    HAL_SPI_Init                             0x08000a3f   Thumb Code   130  stm32f1xx_hal_spi_ex.o(i.HAL_SPI_Init)
    HAL_SPI_MspInit                          0x08000ac1   Thumb Code    56  spi.o(i.HAL_SPI_MspInit)
    HAL_SPI_Transmit                         0x08000b05   Thumb Code   360  stm32f1xx_hal_spi.o(i.HAL_SPI_Transmit)
    HAL_SYSTICK_CLKSourceConfig              0x08000c6d   Thumb Code    24  stm32f1xx_hal_cortex.o(i.HAL_SYSTICK_CLKSourceConfig)
    HAL_SYSTICK_Config                       0x08000c85   Thumb Code    40  stm32f1xx_hal_cortex.o(i.HAL_SYSTICK_Config)
    HardFault_Handler                        0x08000cad   Thumb Code     2  stm32f1xx_it.o(i.HardFault_Handler)
    MX_FREERTOS_Init                         0x08000cb1   Thumb Code    74  freertos.o(i.MX_FREERTOS_Init)
    MX_GPIO_Init                             0x08000d05   Thumb Code   144  gpio.o(i.MX_GPIO_Init)
    MX_SPI2_Init                             0x08000da1   Thumb Code    64  spi.o(i.MX_SPI2_Init)
    MemManage_Handler                        0x08000df9   Thumb Code     2  stm32f1xx_it.o(i.MemManage_Handler)
    NMI_Handler                              0x08000dfb   Thumb Code     2  stm32f1xx_it.o(i.NMI_Handler)
    StartBlink                               0x08000ed5   Thumb Code    22  freertos.o(i.StartBlink)
    StartDefaultTask                         0x08000ef1   Thumb Code     8  freertos.o(i.StartDefaultTask)
    StartSpeed                               0x08000ef9   Thumb Code    28  freertos.o(i.StartSpeed)
    SysTick_Handler                          0x08000f19   Thumb Code    14  stm32f1xx_it.o(i.SysTick_Handler)
    SystemClock_Config                       0x08000f27   Thumb Code   104  main.o(i.SystemClock_Config)
    SystemInit                               0x08000f91   Thumb Code    56  system_stm32f1xx.o(i.SystemInit)
    UsageFault_Handler                       0x08000fd9   Thumb Code     2  stm32f1xx_it.o(i.UsageFault_Handler)
    _Error_Handler                           0x08000fdb   Thumb Code     2  main.o(i._Error_Handler)
    __scatterload_copy                       0x08000fdd   Thumb Code    14  handlers.o(i.__scatterload_copy)
    __scatterload_null                       0x08000feb   Thumb Code     2  handlers.o(i.__scatterload_null)
    __scatterload_zeroinit                   0x08000fed   Thumb Code    14  handlers.o(i.__scatterload_zeroinit)
    main                                     0x08000ffd   Thumb Code    62  main.o(i.main)
    osDelay                                  0x0800105d   Thumb Code    14  cmsis_os.o(i.osDelay)
    osKernelStart                            0x0800106b   Thumb Code    10  cmsis_os.o(i.osKernelStart)
    osSystickHandler                         0x08001075   Thumb Code    20  cmsis_os.o(i.osSystickHandler)
    osThreadCreate                           0x08001089   Thumb Code    46  cmsis_os.o(i.osThreadCreate)
    pvPortMalloc                             0x080013f5   Thumb Code   210  heap_4.o(i.pvPortMalloc)
    pxPortInitialiseStack                    0x080014cd   Thumb Code    32  port.o(i.pxPortInitialiseStack)
    speedo                                   0x080014f1   Thumb Code   150  speed.o(i.speedo)
    u8g2_ClearBuffer                         0x080015d5   Thumb Code    18  u8g2_buffer.o(i.u8g2_ClearBuffer)
    u8g2_DrawBox                             0x080015e7   Thumb Code    68  u8g2_box.o(i.u8g2_DrawBox)
    u8g2_DrawGlyph                           0x0800162b   Thumb Code   112  u8g2_font.o(i.u8g2_DrawGlyph)
    u8g2_DrawHVLine                          0x0800169b   Thumb Code    18  u8g2_hvline.o(i.u8g2_DrawHVLine)
    u8g2_DrawStr                             0x080016ad   Thumb Code    12  u8g2_font.o(i.u8g2_DrawStr)
    u8g2_IsIntersection                      0x080016bd   Thumb Code    48  u8g2_intersection.o(i.u8g2_IsIntersection)
    u8g2_SendBuffer                          0x080016ed   Thumb Code    18  u8g2_buffer.o(i.u8g2_SendBuffer)
    u8g2_SetFont                             0x080016ff   Thumb Code    32  u8g2_font.o(i.u8g2_SetFont)
    u8g2_SetFontPosBaseline                  0x08001721   Thumb Code     6  u8g2_font.o(i.u8g2_SetFontPosBaseline)
    u8g2_SetupBuffer                         0x0800172d   Thumb Code    52  u8g2_setup.o(i.u8g2_SetupBuffer)
    u8g2_Setup_st7920_s_128x64_f             0x08001761   Thumb Code    34  u8g2_arm.o(i.u8g2_Setup_st7920_s_128x64_f)
    u8g2_UpdateRefHeight                     0x08001795   Thumb Code    82  u8g2_font.o(i.u8g2_UpdateRefHeight)
    u8g2_draw_hv_line_4dir                   0x080018cf   Thumb Code    80  u8g2_hvline.o(i.u8g2_draw_hv_line_4dir)
    u8g2_draw_l90_r0                         0x0800191f   Thumb Code    12  u8g2_setup.o(i.u8g2_draw_l90_r0)
    u8g2_font_calc_vref_font                 0x080019a1   Thumb Code     4  u8g2_font.o(i.u8g2_font_calc_vref_font)
    u8g2_font_decode_get_signed_bits         0x080019a5   Thumb Code    20  u8g2_font.o(i.u8g2_font_decode_get_signed_bits)
    u8g2_font_decode_get_unsigned_bits       0x080019b9   Thumb Code    52  u8g2_font.o(i.u8g2_font_decode_get_unsigned_bits)
    u8g2_font_decode_glyph                   0x080019ed   Thumb Code   268  u8g2_font.o(i.u8g2_font_decode_glyph)
    u8g2_font_decode_len                     0x08001af9   Thumb Code   140  u8g2_font.o(i.u8g2_font_decode_len)
    u8g2_font_get_glyph_data                 0x08001b85   Thumb Code    86  u8g2_font.o(i.u8g2_font_get_glyph_data)
    u8g2_is_intersection_decision_tree       0x08001c23   Thumb Code    24  u8g2_intersection.o(i.u8g2_is_intersection_decision_tree)
    u8g2_ll_hvline_horizontal_right_lsb      0x08001c3d   Thumb Code   118  u8g2_ll_hvline.o(i.u8g2_ll_hvline_horizontal_right_lsb)
    u8g2_read_font_info                      0x08001cb3   Thumb Code   106  u8g2_font.o(i.u8g2_read_font_info)
    u8g2_update_dimension_r0                 0x08001dc3   Thumb Code    30  u8g2_setup.o(i.u8g2_update_dimension_r0)
    u8x8_DrawTile                            0x08001de1   Thumb Code    30  u8x8_display.o(i.u8x8_DrawTile)
    u8x8_InitDisplay                         0x08001dff   Thumb Code    16  u8x8_display.o(i.u8x8_InitDisplay)
    u8x8_RefreshDisplay                      0x08001e0f   Thumb Code    16  u8x8_display.o(i.u8x8_RefreshDisplay)
    u8x8_SetPowerSave                        0x08001e1f   Thumb Code    16  u8x8_display.o(i.u8x8_SetPowerSave)
    u8x8_Setup                               0x08001e2f   Thumb Code    34  u8x8_setup.o(i.u8x8_Setup)
    u8x8_SetupDefaults                       0x08001e51   Thumb Code    30  u8x8_setup.o(i.u8x8_SetupDefaults)
    u8x8_SetupMemory                         0x08001e75   Thumb Code    16  u8x8_display.o(i.u8x8_SetupMemory)
    u8x8_ascii_next                          0x08001e85   Thumb Code    14  u8x8_8x8.o(i.u8x8_ascii_next)
    u8x8_byte_SendByte                       0x08001e93   Thumb Code    14  u8x8_byte.o(i.u8x8_byte_SendByte)
    u8x8_byte_SendBytes                      0x08001ea1   Thumb Code    16  u8x8_byte.o(i.u8x8_byte_SendBytes)
    u8x8_byte_arm_hw_spi                     0x08001eb1   Thumb Code    98  u8g2_arm.o(i.u8x8_byte_arm_hw_spi)
    u8x8_cad_EndTransfer                     0x08001f1d   Thumb Code    16  u8x8_cad.o(i.u8x8_cad_EndTransfer)
    u8x8_cad_SendCmd                         0x08001f2d   Thumb Code    16  u8x8_cad.o(i.u8x8_cad_SendCmd)
    u8x8_cad_SendData                        0x08001f3d   Thumb Code    16  u8x8_cad.o(i.u8x8_cad_SendData)
    u8x8_cad_SendSequence                    0x08001f4d   Thumb Code   104  u8x8_cad.o(i.u8x8_cad_SendSequence)
    u8x8_cad_StartTransfer                   0x08001fb5   Thumb Code    16  u8x8_cad.o(i.u8x8_cad_StartTransfer)
    u8x8_cad_st7920_spi                      0x08001fc5   Thumb Code   244  u8x8_cad.o(i.u8x8_cad_st7920_spi)
    u8x8_d_helper_display_init               0x080020bd   Thumb Code    96  u8x8_display.o(i.u8x8_d_helper_display_init)
    u8x8_d_helper_display_setup_memory       0x0800211d   Thumb Code     8  u8x8_display.o(i.u8x8_d_helper_display_setup_memory)
    u8x8_d_st7920_128x64                     0x08002125   Thumb Code    24  u8x8_d_st7920.o(i.u8x8_d_st7920_128x64)
    u8x8_d_st7920_common                     0x08002141   Thumb Code   156  u8x8_d_st7920.o(i.u8x8_d_st7920_common)
    u8x8_dummy_cb                            0x080021e1   Thumb Code     4  u8x8_setup.o(i.u8x8_dummy_cb)
    u8x8_gpio_and_delay_arm                  0x080021e5   Thumb Code    26  u8g2_arm.o(i.u8x8_gpio_and_delay_arm)
    u8x8_gpio_call                           0x080021ff   Thumb Code    12  u8x8_gpio.o(i.u8x8_gpio_call)
    u8x8_utf8_init                           0x0800220b   Thumb Code     8  u8x8_8x8.o(i.u8x8_utf8_init)
    uxListRemove                             0x08002213   Thumb Code    36  list.o(i.uxListRemove)
    vListInitialise                          0x08002237   Thumb Code    22  list.o(i.vListInitialise)
    vListInitialiseItem                      0x0800224d   Thumb Code     6  list.o(i.vListInitialiseItem)
    vListInsert                              0x08002253   Thumb Code    48  list.o(i.vListInsert)
    vListInsertEnd                           0x08002283   Thumb Code    24  list.o(i.vListInsertEnd)
    vPortEnterCritical                       0x0800229d   Thumb Code    54  port.o(i.vPortEnterCritical)
    vPortExitCritical                        0x080022dd   Thumb Code    34  port.o(i.vPortExitCritical)
    vPortFree                                0x08002305   Thumb Code    88  heap_4.o(i.vPortFree)
    vPortSetupTimerInterrupt                 0x08002361   Thumb Code    26  port.o(i.vPortSetupTimerInterrupt)
    vTaskDelay                               0x08002381   Thumb Code    66  tasks.o(i.vTaskDelay)
    vTaskStartScheduler                      0x080023cd   Thumb Code    86  tasks.o(i.vTaskStartScheduler)
    vTaskSuspendAll                          0x08002435   Thumb Code    10  tasks.o(i.vTaskSuspendAll)
    vTaskSwitchContext                       0x08002445   Thumb Code    82  tasks.o(i.vTaskSwitchContext)
    xPortStartScheduler                      0x080024a1   Thumb Code   102  port.o(i.xPortStartScheduler)
    xPortSysTickHandler                      0x08002515   Thumb Code    38  port.o(i.xPortSysTickHandler)
    xTaskCreate                              0x08002541   Thumb Code    86  tasks.o(i.xTaskCreate)
    xTaskGetSchedulerState                   0x08002599   Thumb Code    22  tasks.o(i.xTaskGetSchedulerState)
    xTaskIncrementTick                       0x080025b5   Thumb Code   192  tasks.o(i.xTaskIncrementTick)
    xTaskResumeAll                           0x0800267d   Thumb Code   182  tasks.o(i.xTaskResumeAll)
    AHBPrescTable                            0x08002740   Data          16  system_stm32f1xx.o(.constdata)
    u8g2_font_9x18B_tr                       0x08002750   Data        1207  u8g2_arm.o(.constdata)
    u8g2_font_logisoso30_tr                  0x08002c07   Data        2883  u8g2_arm.o(.constdata)
    u8g2_cb_r0                               0x080037e0   Data           8  u8g2_setup.o(.constdata)
    Region$$Table$$Base                      0x08003804   Number         0  anon$$obj.o(Region$$Table)
    Region$$Table$$Limit                     0x08003824   Number         0  anon$$obj.o(Region$$Table)
    SystemCoreClock                          0x20000000   Data           4  system_stm32f1xx.o(.data)
    uwTick                                   0x20000004   Data           4  stm32f1xx_hal.o(.data)
    defaultTaskHandle                        0x20000008   Data           4  freertos.o(.data)
    mySpeedHandle                            0x2000000c   Data           4  freertos.o(.data)
    myBlinkHandle                            0x20000010   Data           4  freertos.o(.data)
    pxCurrentTCB                             0x20000014   Data           4  tasks.o(.data)
    hspi2                                    0x20000074   Data          88  spi.o(.bss)
    u8g2                                     0x200004cc   Data         140  freertos.o(.bss)
    __initial_sp                             0x20001658   Data           0  startup_stm32f103xb.o(STACK)



==============================================================================

Memory Map of the image

  Image Entry point : 0x080000ed

  Load Region LR_IROM1 (Base: 0x08000000, Size: 0x00003898, Max: 0x00010000, ABSOLUTE)

    Execution Region ER_IROM1 (Exec base: 0x08000000, Load base: 0x08000000, Size: 0x00003824, Max: 0x00010000, ABSOLUTE)

    Exec Addr    Load Addr    Size         Type   Attr      Idx    E Section Name        Object

    0x08000000   0x08000000   0x000000ec   Data   RO          115    RESET               startup_stm32f103xb.o
    0x080000ec   0x080000ec   0x00000000   Code   RO         5352  * .ARM.Collect$$$$00000000  mc_w.l(entry.o)
    0x080000ec   0x080000ec   0x00000004   Code   RO         5624    .ARM.Collect$$$$00000001  mc_w.l(entry2.o)
    0x080000f0   0x080000f0   0x00000004   Code   RO         5627    .ARM.Collect$$$$00000004  mc_w.l(entry5.o)
    0x080000f4   0x080000f4   0x00000000   Code   RO         5629    .ARM.Collect$$$$00000008  mc_w.l(entry7b.o)
    0x080000f4   0x080000f4   0x00000000   Code   RO         5631    .ARM.Collect$$$$0000000A  mc_w.l(entry8b.o)
    0x080000f4   0x080000f4   0x00000008   Code   RO         5632    .ARM.Collect$$$$0000000B  mc_w.l(entry9a.o)
    0x080000fc   0x080000fc   0x00000000   Code   RO         5634    .ARM.Collect$$$$0000000D  mc_w.l(entry10a.o)
    0x080000fc   0x080000fc   0x00000000   Code   RO         5636    .ARM.Collect$$$$0000000F  mc_w.l(entry11a.o)
    0x080000fc   0x080000fc   0x00000004   Code   RO         5625    .ARM.Collect$$$$00002712  mc_w.l(entry2.o)
    0x08000100   0x08000100   0x00000096   Code   RO         4581    .emb_text           port.o
    0x08000196   0x08000196   0x00000002   PAD
    0x08000198   0x08000198   0x00000024   Code   RO          116    .text               startup_stm32f103xb.o
    0x080001bc   0x080001bc   0x00000024   Code   RO         5357    .text               mc_w.l(memcpya.o)
    0x080001e0   0x080001e0   0x00000024   Code   RO         5359    .text               mc_w.l(memseta.o)
    0x08000204   0x08000204   0x00000024   Code   RO         5656    .text               mc_w.l(init.o)
    0x08000228   0x08000228   0x00000002   Code   RO         1416    i.BusFault_Handler  stm32f1xx_it.o
    0x0800022a   0x0800022a   0x00000002   Code   RO         1417    i.DebugMon_Handler  stm32f1xx_it.o
    0x0800022c   0x0800022c   0x0000001c   Code   RO          687    i.HAL_Delay         stm32f1xx_hal.o
    0x08000248   0x08000248   0x000001bc   Code   RO         1353    i.HAL_GPIO_Init     stm32f1xx_hal_gpio.o
    0x08000404   0x08000404   0x00000008   Code   RO         1356    i.HAL_GPIO_TogglePin  stm32f1xx_hal_gpio.o
    0x0800040c   0x0800040c   0x0000000a   Code   RO         1357    i.HAL_GPIO_WritePin  stm32f1xx_hal_gpio.o
    0x08000416   0x08000416   0x00000002   PAD
    0x08000418   0x08000418   0x0000000c   Code   RO          691    i.HAL_GetTick       stm32f1xx_hal.o
    0x08000424   0x08000424   0x00000010   Code   RO          693    i.HAL_IncTick       stm32f1xx_hal.o
    0x08000434   0x08000434   0x00000024   Code   RO          694    i.HAL_Init          stm32f1xx_hal.o
    0x08000458   0x08000458   0x00000028   Code   RO          695    i.HAL_InitTick      stm32f1xx_hal.o
    0x08000480   0x08000480   0x00000084   Code   RO         1606    i.HAL_MspInit       stm32f1xx_hal_msp.o
    0x08000504   0x08000504   0x00000040   Code   RO          499    i.HAL_NVIC_SetPriority  stm32f1xx_hal_cortex.o
    0x08000544   0x08000544   0x00000024   Code   RO          500    i.HAL_NVIC_SetPriorityGrouping  stm32f1xx_hal_cortex.o
    0x08000568   0x08000568   0x00000154   Code   RO          295    i.HAL_RCC_ClockConfig  stm32f1xx_hal_rcc.o
    0x080006bc   0x080006bc   0x0000000c   Code   RO          300    i.HAL_RCC_GetHCLKFreq  stm32f1xx_hal_rcc.o
    0x080006c8   0x080006c8   0x0000006c   Code   RO          304    i.HAL_RCC_GetSysClockFreq  stm32f1xx_hal_rcc.o
    0x08000734   0x08000734   0x00000304   Code   RO          307    i.HAL_RCC_OscConfig  stm32f1xx_hal_rcc.o
    0x08000a38   0x08000a38   0x00000006   Code   RO          933    i.HAL_SPI_GetState  stm32f1xx_hal_spi.o
    0x08000a3e   0x08000a3e   0x00000082   Code   RO          270    i.HAL_SPI_Init      stm32f1xx_hal_spi_ex.o
    0x08000ac0   0x08000ac0   0x00000044   Code   RO         1631    i.HAL_SPI_MspInit   spi.o
    0x08000b04   0x08000b04   0x00000168   Code   RO          943    i.HAL_SPI_Transmit  stm32f1xx_hal_spi.o
    0x08000c6c   0x08000c6c   0x00000018   Code   RO          502    i.HAL_SYSTICK_CLKSourceConfig  stm32f1xx_hal_cortex.o
    0x08000c84   0x08000c84   0x00000028   Code   RO          504    i.HAL_SYSTICK_Config  stm32f1xx_hal_cortex.o
    0x08000cac   0x08000cac   0x00000002   Code   RO         1418    i.HardFault_Handler  stm32f1xx_it.o
    0x08000cae   0x08000cae   0x00000002   PAD
    0x08000cb0   0x08000cb0   0x00000054   Code   RO         1775    i.MX_FREERTOS_Init  freertos.o
    0x08000d04   0x08000d04   0x0000009c   Code   RO         1582    i.MX_GPIO_Init      gpio.o
    0x08000da0   0x08000da0   0x00000058   Code   RO         1632    i.MX_SPI2_Init      spi.o
    0x08000df8   0x08000df8   0x00000002   Code   RO         1419    i.MemManage_Handler  stm32f1xx_it.o
    0x08000dfa   0x08000dfa   0x00000002   Code   RO         1420    i.NMI_Handler       stm32f1xx_it.o
    0x08000dfc   0x08000dfc   0x00000020   Code   RO          506    i.NVIC_SetPriority  stm32f1xx_hal_cortex.o
    0x08000e1c   0x08000e1c   0x00000020   Code   RO          959    i.SPI_CheckFlag_BSY  stm32f1xx_hal_spi.o
    0x08000e3c   0x08000e3c   0x00000096   Code   RO          978    i.SPI_WaitFlagStateUntilTimeout  stm32f1xx_hal_spi.o
    0x08000ed2   0x08000ed2   0x00000002   PAD
    0x08000ed4   0x08000ed4   0x0000001c   Code   RO         1776    i.StartBlink        freertos.o
    0x08000ef0   0x08000ef0   0x00000008   Code   RO         1777    i.StartDefaultTask  freertos.o
    0x08000ef8   0x08000ef8   0x00000020   Code   RO         1778    i.StartSpeed        freertos.o
    0x08000f18   0x08000f18   0x0000000e   Code   RO         1421    i.SysTick_Handler   stm32f1xx_it.o
    0x08000f26   0x08000f26   0x00000068   Code   RO         1524    i.SystemClock_Config  main.o
    0x08000f8e   0x08000f8e   0x00000002   PAD
    0x08000f90   0x08000f90   0x00000048   Code   RO            5    i.SystemInit        system_stm32f1xx.o
    0x08000fd8   0x08000fd8   0x00000002   Code   RO         1422    i.UsageFault_Handler  stm32f1xx_it.o
    0x08000fda   0x08000fda   0x00000002   Code   RO         1525    i._Error_Handler    main.o
    0x08000fdc   0x08000fdc   0x0000000e   Code   RO         5668    i.__scatterload_copy  mc_w.l(handlers.o)
    0x08000fea   0x08000fea   0x00000002   Code   RO         5669    i.__scatterload_null  mc_w.l(handlers.o)
    0x08000fec   0x08000fec   0x0000000e   Code   RO         5670    i.__scatterload_zeroinit  mc_w.l(handlers.o)
    0x08000ffa   0x08000ffa   0x00000002   PAD
    0x08000ffc   0x08000ffc   0x00000054   Code   RO         1526    i.main              main.o
    0x08001050   0x08001050   0x0000000c   Code   RO         4979    i.makeFreeRtosPriority  cmsis_os.o
    0x0800105c   0x0800105c   0x0000000e   Code   RO         4981    i.osDelay           cmsis_os.o
    0x0800106a   0x0800106a   0x0000000a   Code   RO         4984    i.osKernelStart     cmsis_os.o
    0x08001074   0x08001074   0x00000014   Code   RO         5017    i.osSystickHandler  cmsis_os.o
    0x08001088   0x08001088   0x0000002e   Code   RO         5018    i.osThreadCreate    cmsis_os.o
    0x080010b6   0x080010b6   0x00000002   PAD
    0x080010b8   0x080010b8   0x00000070   Code   RO         4278    i.prvAddCurrentTaskToDelayedList  tasks.o
    0x08001128   0x08001128   0x000000d0   Code   RO         4279    i.prvAddNewTaskToReadyList  tasks.o
    0x080011f8   0x080011f8   0x00000050   Code   RO         4280    i.prvCheckTasksWaitingTermination  tasks.o
    0x08001248   0x08001248   0x00000014   Code   RO         4281    i.prvDeleteTCB      tasks.o
    0x0800125c   0x0800125c   0x0000004c   Code   RO         4658    i.prvHeapInit       heap_4.o
    0x080012a8   0x080012a8   0x00000028   Code   RO         4282    i.prvIdleTask       tasks.o
    0x080012d0   0x080012d0   0x0000008e   Code   RO         4283    i.prvInitialiseNewTask  tasks.o
    0x0800135e   0x0800135e   0x00000002   PAD
    0x08001360   0x08001360   0x0000004c   Code   RO         4659    i.prvInsertBlockIntoFreeList  heap_4.o
    0x080013ac   0x080013ac   0x00000020   Code   RO         4284    i.prvResetNextTaskUnblockTime  tasks.o
    0x080013cc   0x080013cc   0x00000028   Code   RO         4582    i.prvTaskExitError  port.o
    0x080013f4   0x080013f4   0x000000d8   Code   RO         4660    i.pvPortMalloc      heap_4.o
    0x080014cc   0x080014cc   0x00000024   Code   RO         4583    i.pxPortInitialiseStack  port.o
    0x080014f0   0x080014f0   0x000000e4   Code   RO         1737    i.speedo            speed.o
    0x080015d4   0x080015d4   0x00000012   Code   RO         1920    i.u8g2_ClearBuffer  u8g2_buffer.o
    0x080015e6   0x080015e6   0x00000044   Code   RO         1890    i.u8g2_DrawBox      u8g2_box.o
    0x0800162a   0x0800162a   0x00000070   Code   RO         2047    i.u8g2_DrawGlyph    u8g2_font.o
    0x0800169a   0x0800169a   0x00000012   Code   RO         2320    i.u8g2_DrawHVLine   u8g2_hvline.o
    0x080016ac   0x080016ac   0x00000010   Code   RO         2048    i.u8g2_DrawStr      u8g2_font.o
    0x080016bc   0x080016bc   0x00000030   Code   RO         2386    i.u8g2_IsIntersection  u8g2_intersection.o
    0x080016ec   0x080016ec   0x00000012   Code   RO         1923    i.u8g2_SendBuffer   u8g2_buffer.o
    0x080016fe   0x080016fe   0x00000020   Code   RO         2063    i.u8g2_SetFont      u8g2_font.o
    0x0800171e   0x0800171e   0x00000002   PAD
    0x08001720   0x08001720   0x0000000c   Code   RO         2066    i.u8g2_SetFontPosBaseline  u8g2_font.o
    0x0800172c   0x0800172c   0x00000034   Code   RO         4190    i.u8g2_SetupBuffer  u8g2_setup.o
    0x08001760   0x08001760   0x00000034   Code   RO         1672    i.u8g2_Setup_st7920_s_128x64_f  u8g2_arm.o
    0x08001794   0x08001794   0x00000052   Code   RO         2073    i.u8g2_UpdateRefHeight  u8g2_font.o
    0x080017e6   0x080017e6   0x0000001c   Code   RO         2074    i.u8g2_add_vector_x  u8g2_font.o
    0x08001802   0x08001802   0x0000001c   Code   RO         2075    i.u8g2_add_vector_y  u8g2_font.o
    0x0800181e   0x0800181e   0x0000002e   Code   RO         2324    i.u8g2_clip_intersection  u8g2_hvline.o
    0x0800184c   0x0800184c   0x00000082   Code   RO         2325    i.u8g2_draw_hv_line_2dir  u8g2_hvline.o
    0x080018ce   0x080018ce   0x00000050   Code   RO         2326    i.u8g2_draw_hv_line_4dir  u8g2_hvline.o
    0x0800191e   0x0800191e   0x0000000c   Code   RO         4192    i.u8g2_draw_l90_r0  u8g2_setup.o
    0x0800192a   0x0800192a   0x00000076   Code   RO         2077    i.u8g2_draw_string  u8g2_font.o
    0x080019a0   0x080019a0   0x00000004   Code   RO         2080    i.u8g2_font_calc_vref_font  u8g2_font.o
    0x080019a4   0x080019a4   0x00000014   Code   RO         2082    i.u8g2_font_decode_get_signed_bits  u8g2_font.o
    0x080019b8   0x080019b8   0x00000034   Code   RO         2083    i.u8g2_font_decode_get_unsigned_bits  u8g2_font.o
    0x080019ec   0x080019ec   0x0000010c   Code   RO         2084    i.u8g2_font_decode_glyph  u8g2_font.o
    0x08001af8   0x08001af8   0x0000008c   Code   RO         2085    i.u8g2_font_decode_len  u8g2_font.o
    0x08001b84   0x08001b84   0x00000056   Code   RO         2086    i.u8g2_font_get_glyph_data  u8g2_font.o
    0x08001bda   0x08001bda   0x00000014   Code   RO         2087    i.u8g2_font_get_word  u8g2_font.o
    0x08001bee   0x08001bee   0x00000034   Code   RO         2088    i.u8g2_font_setup_decode  u8g2_font.o
    0x08001c22   0x08001c22   0x00000018   Code   RO         2387    i.u8g2_is_intersection_decision_tree  u8g2_intersection.o
    0x08001c3a   0x08001c3a   0x00000002   PAD
    0x08001c3c   0x08001c3c   0x00000076   Code   RO         2434    i.u8g2_ll_hvline_horizontal_right_lsb  u8g2_ll_hvline.o
    0x08001cb2   0x08001cb2   0x0000006a   Code   RO         2089    i.u8g2_read_font_info  u8g2_font.o
    0x08001d1c   0x08001d1c   0x0000004e   Code   RO         1925    i.u8g2_send_buffer  u8g2_buffer.o
    0x08001d6a   0x08001d6a   0x00000058   Code   RO         4196    i.u8g2_update_dimension_common  u8g2_setup.o
    0x08001dc2   0x08001dc2   0x0000001e   Code   RO         4197    i.u8g2_update_dimension_r0  u8g2_setup.o
    0x08001de0   0x08001de0   0x0000001e   Code   RO         3870    i.u8x8_DrawTile     u8x8_display.o
    0x08001dfe   0x08001dfe   0x00000010   Code   RO         3872    i.u8x8_InitDisplay  u8x8_display.o
    0x08001e0e   0x08001e0e   0x00000010   Code   RO         3873    i.u8x8_RefreshDisplay  u8x8_display.o
    0x08001e1e   0x08001e1e   0x00000010   Code   RO         3876    i.u8x8_SetPowerSave  u8x8_display.o
    0x08001e2e   0x08001e2e   0x00000022   Code   RO         4090    i.u8x8_Setup        u8x8_setup.o
    0x08001e50   0x08001e50   0x00000024   Code   RO         4091    i.u8x8_SetupDefaults  u8x8_setup.o
    0x08001e74   0x08001e74   0x00000010   Code   RO         3877    i.u8x8_SetupMemory  u8x8_display.o
    0x08001e84   0x08001e84   0x0000000e   Code   RO         2594    i.u8x8_ascii_next   u8x8_8x8.o
    0x08001e92   0x08001e92   0x0000000e   Code   RO         2694    i.u8x8_byte_SendByte  u8x8_byte.o
    0x08001ea0   0x08001ea0   0x00000010   Code   RO         2695    i.u8x8_byte_SendBytes  u8x8_byte.o
    0x08001eb0   0x08001eb0   0x0000006c   Code   RO         1674    i.u8x8_byte_arm_hw_spi  u8g2_arm.o
    0x08001f1c   0x08001f1c   0x00000010   Code   RO         2806    i.u8x8_cad_EndTransfer  u8x8_cad.o
    0x08001f2c   0x08001f2c   0x00000010   Code   RO         2808    i.u8x8_cad_SendCmd  u8x8_cad.o
    0x08001f3c   0x08001f3c   0x00000010   Code   RO         2809    i.u8x8_cad_SendData  u8x8_cad.o
    0x08001f4c   0x08001f4c   0x00000068   Code   RO         2811    i.u8x8_cad_SendSequence  u8x8_cad.o
    0x08001fb4   0x08001fb4   0x00000010   Code   RO         2812    i.u8x8_cad_StartTransfer  u8x8_cad.o
    0x08001fc4   0x08001fc4   0x000000f8   Code   RO         2817    i.u8x8_cad_st7920_spi  u8x8_cad.o
    0x080020bc   0x080020bc   0x00000060   Code   RO         3878    i.u8x8_d_helper_display_init  u8x8_display.o
    0x0800211c   0x0800211c   0x00000008   Code   RO         3879    i.u8x8_d_helper_display_setup_memory  u8x8_display.o
    0x08002124   0x08002124   0x0000001c   Code   RO         3613    i.u8x8_d_st7920_128x64  u8x8_d_st7920.o
    0x08002140   0x08002140   0x000000a0   Code   RO         3615    i.u8x8_d_st7920_common  u8x8_d_st7920.o
    0x080021e0   0x080021e0   0x00000004   Code   RO         4092    i.u8x8_dummy_cb     u8x8_setup.o
    0x080021e4   0x080021e4   0x0000001a   Code   RO         1675    i.u8x8_gpio_and_delay_arm  u8g2_arm.o
    0x080021fe   0x080021fe   0x0000000c   Code   RO         4012    i.u8x8_gpio_call    u8x8_gpio.o
    0x0800220a   0x0800220a   0x00000008   Code   RO         2600    i.u8x8_utf8_init    u8x8_8x8.o
    0x08002212   0x08002212   0x00000024   Code   RO         4796    i.uxListRemove      list.o
    0x08002236   0x08002236   0x00000016   Code   RO         4797    i.vListInitialise   list.o
    0x0800224c   0x0800224c   0x00000006   Code   RO         4798    i.vListInitialiseItem  list.o
    0x08002252   0x08002252   0x00000030   Code   RO         4799    i.vListInsert       list.o
    0x08002282   0x08002282   0x00000018   Code   RO         4800    i.vListInsertEnd    list.o
    0x0800229a   0x0800229a   0x00000002   PAD
    0x0800229c   0x0800229c   0x00000040   Code   RO         4585    i.vPortEnterCritical  port.o
    0x080022dc   0x080022dc   0x00000028   Code   RO         4586    i.vPortExitCritical  port.o
    0x08002304   0x08002304   0x0000005c   Code   RO         4661    i.vPortFree         heap_4.o
    0x08002360   0x08002360   0x00000020   Code   RO         4587    i.vPortSetupTimerInterrupt  port.o
    0x08002380   0x08002380   0x0000004c   Code   RO         4292    i.vTaskDelay        tasks.o
    0x080023cc   0x080023cc   0x00000068   Code   RO         4303    i.vTaskStartScheduler  tasks.o
    0x08002434   0x08002434   0x00000010   Code   RO         4305    i.vTaskSuspendAll   tasks.o
    0x08002444   0x08002444   0x0000005c   Code   RO         4306    i.vTaskSwitchContext  tasks.o
    0x080024a0   0x080024a0   0x00000074   Code   RO         4589    i.xPortStartScheduler  port.o
    0x08002514   0x08002514   0x0000002c   Code   RO         4590    i.xPortSysTickHandler  port.o
    0x08002540   0x08002540   0x00000056   Code   RO         4308    i.xTaskCreate       tasks.o
    0x08002596   0x08002596   0x00000002   PAD
    0x08002598   0x08002598   0x0000001c   Code   RO         4312    i.xTaskGetSchedulerState  tasks.o
    0x080025b4   0x080025b4   0x000000c8   Code   RO         4315    i.xTaskIncrementTick  tasks.o
    0x0800267c   0x0800267c   0x000000c4   Code   RO         4321    i.xTaskResumeAll    tasks.o
    0x08002740   0x08002740   0x00000010   Data   RO            6    .constdata          system_stm32f1xx.o
    0x08002750   0x08002750   0x000004b7   Data   RO         1677    .constdata          u8g2_arm.o
    0x08002c07   0x08002c07   0x00000b43   Data   RO         1678    .constdata          u8g2_arm.o
    0x0800374a   0x0800374a   0x00000002   PAD
    0x0800374c   0x0800374c   0x0000003c   Data   RO         1780    .constdata          freertos.o
    0x08003788   0x08003788   0x00000058   Data   RO         3616    .constdata          u8x8_d_st7920.o
    0x080037e0   0x080037e0   0x00000008   Data   RO         4201    .constdata          u8g2_setup.o
    0x080037e8   0x080037e8   0x0000001c   Data   RO         1781    .conststring        freertos.o
    0x08003804   0x08003804   0x00000020   Data   RO         5666    Region$$Table       anon$$obj.o


    Execution Region RW_IRAM1 (Exec base: 0x20000000, Load base: 0x08003824, Size: 0x00001658, Max: 0x00005000, ABSOLUTE)

    Exec Addr    Load Addr    Size         Type   Attr      Idx    E Section Name        Object

    0x20000000   0x08003824   0x00000004   Data   RW            8    .data               system_stm32f1xx.o
    0x20000004   0x08003828   0x00000004   Data   RW          700    .data               stm32f1xx_hal.o
    0x20000008   0x0800382c   0x0000000c   Data   RW         1782    .data               freertos.o
    0x20000014   0x08003838   0x0000003c   Data   RW         4324    .data               tasks.o
    0x20000050   0x08003874   0x0000000c   Data   RW         4591    .data               port.o
    0x2000005c   0x08003880   0x00000018   Data   RW         4666    .data               heap_4.o
    0x20000074        -       0x00000058   Zero   RW         1633    .bss                spi.o
    0x200000cc        -       0x00000400   Zero   RW         1676    .bss                u8g2_arm.o
    0x200004cc        -       0x0000008c   Zero   RW         1779    .bss                freertos.o
    0x20000558        -       0x00000010   Zero   RW         2820    .bss                u8x8_cad.o
    0x20000568        -       0x000000f0   Zero   RW         4323    .bss                tasks.o
    0x20000658        -       0x00000c00   Zero   RW         4665    .bss                heap_4.o
    0x20001258        -       0x00000400   Zero   RW          113    STACK               startup_stm32f103xb.o


==============================================================================

Image component sizes


      Code (inc. data)   RO Data    RW Data    ZI Data      Debug   Object Name

       102          0          0          0          0      13044   cmsis_os.o
       152         20         88         12        140       2725   freertos.o
       156         12          0          0          0        899   gpio.o
       460         24          0         24       3072       7119   heap_4.o
       136          0          0          0          0       3282   list.o
       190         22          0          0          0      82614   main.o
       522         62          0         12          0      10012   port.o
       228         78          0          0          0        441   speed.o
       156         36          0          0         88       1501   spi.o
        36          8        236          0       1024        752   startup_stm32f103xb.o
       132         22          0          4          0       3535   stm32f1xx_hal.o
       196         14          0          0          0      25608   stm32f1xx_hal_cortex.o
       462         36          0          0          0       3381   stm32f1xx_hal_gpio.o
       132         10          0          0          0        810   stm32f1xx_hal_msp.o
      1232         80          0          0          0       4414   stm32f1xx_hal_rcc.o
       548          0          0          0          0       3762   stm32f1xx_hal_spi.o
       130          0          0          0          0       1031   stm32f1xx_hal_spi_ex.o
        26          0          0          0          0      23371   stm32f1xx_it.o
        72         16         16          4          0     401783   system_stm32f1xx.o
      1432        122          0         60        240      24799   tasks.o
       186         28       4090          0       1024      73430   u8g2_arm.o
         0          0          0          0          0      88999   u8g2_bitmap.o
        68          0          0          0          0        679   u8g2_box.o
       114          0          0          0          0       2331   u8g2_buffer.o
      1176         10          0          0          0      12804   u8g2_font.o
       274          0          0          0          0       3095   u8g2_hvline.o
        72          0          0          0          0       1791   u8g2_intersection.o
       118          0          0          0          0       1198   u8g2_ll_hvline.o
       182          0          8          0          0      81464   u8g2_setup.o
        22          0          0          0          0       1508   u8x8_8x8.o
        30          0          0          0          0       1739   u8x8_byte.o
       416         10          0          0         16       4305   u8x8_cad.o
       188          8         88          0          0       2322   u8x8_d_st7920.o
       198          0          0          0          0       4038   u8x8_display.o
        12          0          0          0          0        549   u8x8_gpio.o
        74          6          0          0          0       1626   u8x8_setup.o

    ----------------------------------------------------------------------
      9652        624       4560        116       5604     896761   Object Totals
         0          0         32          0          0          0   (incl. Generated)
        22          0          2          0          0          0   (incl. Padding)

    ----------------------------------------------------------------------

      Code (inc. data)   RO Data    RW Data    ZI Data      Debug   Library Member Name

         0          0          0          0          0          0   entry.o
         0          0          0          0          0          0   entry10a.o
         0          0          0          0          0          0   entry11a.o
         8          4          0          0          0          0   entry2.o
         4          0          0          0          0          0   entry5.o
         0          0          0          0          0          0   entry7b.o
         0          0          0          0          0          0   entry8b.o
         8          4          0          0          0          0   entry9a.o
        30          0          0          0          0          0   handlers.o
        36          8          0          0          0         68   init.o
        36          0          0          0          0         68   memcpya.o
        36          0          0          0          0        108   memseta.o

    ----------------------------------------------------------------------
       160         16          0          0          0        244   Library Totals
         2          0          0          0          0          0   (incl. Padding)

    ----------------------------------------------------------------------

      Code (inc. data)   RO Data    RW Data    ZI Data      Debug   Library Name

       158         16          0          0          0        244   mc_w.l

    ----------------------------------------------------------------------
       160         16          0          0          0        244   Library Totals

    ----------------------------------------------------------------------

==============================================================================


      Code (inc. data)   RO Data    RW Data    ZI Data      Debug   

      9812        640       4560        116       5604     890241   Grand Totals
      9812        640       4560        116       5604     890241   ELF Image Totals
      9812        640       4560        116          0          0   ROM Totals

==============================================================================

    Total RO  Size (Code + RO Data)                14372 (  14.04kB)
    Total RW  Size (RW Data + ZI Data)              5720 (   5.59kB)
    Total ROM Size (Code + RO Data + RW Data)      14488 (  14.15kB)

==============================================================================

