<html>
<body>
<pre>
<h1>µVision Build Log</h1>
<h2>Tool Versions:</h2>
IDE-Version: µVision V5.24.2.0
Copyright (C) 2017 ARM Ltd and ARM Germany GmbH. All rights reserved.
License Information: R P, E, LIC=----
 
Tool Versions:
Toolchain:       MDK-Lite  Version: 5.24.1
Toolchain Path:  C:\Keil_v5\ARM\ARMCC\Bin
C Compiler:      Armcc.exe V5.06 update 5 (build 528)
Assembler:       Armasm.exe V5.06 update 5 (build 528)
Linker/Locator:  ArmLink.exe V5.06 update 5 (build 528)
Library Manager: ArmAr.exe V5.06 update 5 (build 528)
Hex Converter:   FromElf.exe V5.06 update 5 (build 528)
CPU DLL:         SARMCM3.DLL V5.24.1
Dialog DLL:      DCM.DLL V1.16.0.0
Target DLL:      STLink\ST-LINKIII-KEIL_SWO.dll V3.0.1.0
Dialog DLL:      TCM.DLL V1.32.0.0
 
<h2>Project:</h2>
D:\TMP\Dashboard\STM32\GPSpeedometer\MDK-ARM\GPSpeedometer.uvprojx
Project File Date:  03/07/2018

<h2>Output:</h2>
*** Using Compiler 'V5.06 update 5 (build 528)', folder: 'C:\Keil_v5\ARM\ARMCC\Bin'
Build target 'GPSpeedometer'
compiling speed.c...
../Inc/u8g2_arm.h(19): warning:  #1-D: last line of file ends without a newline
   
../Inc/speed.h(6): warning:  #1-D: last line of file ends without a newline
  extern u8g2_t u8g2;
..\Src\speed.c: 2 warnings, 0 errors
compiling freertos.c...
../Inc/u8g2_arm.h(19): warning:  #1-D: last line of file ends without a newline
   
../Inc/speed.h(6): warning:  #1-D: last line of file ends without a newline
  extern u8g2_t u8g2;
..\Src\NeoGPS\Location.h(194): warning:  #1-D: last line of file ends without a newline
  #endif*/
../Src/freertos.c(186): warning:  #177-D: variable "LastTick"  was declared but never referenced
  	        portTickType LastTick = 0; 
../Src/freertos.c(187): warning:  #177-D: variable "count"  was declared but never referenced
          uint16_t count = 0;                //??? ??????? ???????
../Src/freertos.c(188): warning:  #177-D: variable "max_count"  was declared but never referenced
          uint16_t max_count = 0;            //???????????? ???????? ????????, ??????????? ??? ?????????? ? ????????????? 100% CPU idle
../Src/freertos.c: 6 warnings, 0 errors
compiling usart.c...
compiling Location.c...
..\Src\NeoGPS\Location.h(194): warning:  #1-D: last line of file ends without a newline
  #endif*/
..\Src\NeoGPS\Location.c(153): warning:  #1-D: last line of file ends without a newline
  } // OffsetBy*/
..\Src\NeoGPS\Location.c: 2 warnings, 0 errors
compiling u8g2_font.c...
linking...
Program Size: Code=22456 RO-data=2044 RW-data=156 ZI-data=6260  
FromELF: creating hex file...
".\GPSpeedometer\GPSpeedometer.axf" - 0 Error(s), 10 Warning(s).

<h2>Software Packages used:</h2>

Package Vendor: ARM
                http://www.keil.com/pack/ARM.CMSIS.5.0.1.pack
                ARM.CMSIS.5.0.1
                CMSIS (Cortex Microcontroller Software Interface Standard)
   * Component: CORE Version: 5.0.1

Package Vendor: Keil
                http://www.keil.com/pack/Keil.STM32F1xx_DFP.2.2.0.pack
                Keil.STM32F1xx_DFP.2.2.0
                STMicroelectronics STM32F1 Series Device Support, Drivers and Examples

<h2>Collection of Component include folders:</h2>
  .\RTE\_GPSpeedometer
  C:\Keil_v5\ARM\PACK\ARM\CMSIS\5.0.1\CMSIS\Include
  C:\Keil_v5\ARM\PACK\Keil\STM32F1xx_DFP\2.2.0\Device\Include

<h2>Collection of Component Files used:</h2>

   * Component: ARM::CMSIS:CORE:5.0.1
Build Time Elapsed:  00:00:03
</pre>
</body>
</html>
