Component: ARM Compiler 5.06 update 5 (build 528) Tool: armlink [4d35e2]

==============================================================================

Section Cross References

    system_stm32f1xx.o(i.SystemCoreClockUpdate) refers to system_stm32f1xx.o(.data) for .data
    system_stm32f1xx.o(i.SystemCoreClockUpdate) refers to system_stm32f1xx.o(.constdata) for .constdata
    startup_stm32f103xb.o(RESET) refers to startup_stm32f103xb.o(STACK) for __initial_sp
    startup_stm32f103xb.o(RESET) refers to startup_stm32f103xb.o(.text) for Reset_Handler
    startup_stm32f103xb.o(RESET) refers to stm32f1xx_it.o(i.NMI_Handler) for NMI_Handler
    startup_stm32f103xb.o(RESET) refers to stm32f1xx_it.o(i.HardFault_Handler) for HardFault_Handler
    startup_stm32f103xb.o(RESET) refers to stm32f1xx_it.o(i.MemManage_Handler) for MemManage_Handler
    startup_stm32f103xb.o(RESET) refers to stm32f1xx_it.o(i.BusFault_Handler) for BusFault_Handler
    startup_stm32f103xb.o(RESET) refers to stm32f1xx_it.o(i.UsageFault_Handler) for UsageFault_Handler
    startup_stm32f103xb.o(RESET) refers to port.o(.emb_text) for SVC_Handler
    startup_stm32f103xb.o(RESET) refers to stm32f1xx_it.o(i.DebugMon_Handler) for DebugMon_Handler
    startup_stm32f103xb.o(RESET) refers to stm32f1xx_it.o(i.SysTick_Handler) for SysTick_Handler
    startup_stm32f103xb.o(RESET) refers to stm32f1xx_it.o(i.EXTI1_IRQHandler) for EXTI1_IRQHandler
    startup_stm32f103xb.o(RESET) refers to stm32f1xx_it.o(i.EXTI2_IRQHandler) for EXTI2_IRQHandler
    startup_stm32f103xb.o(RESET) refers to stm32f1xx_it.o(i.EXTI3_IRQHandler) for EXTI3_IRQHandler
    startup_stm32f103xb.o(RESET) refers to stm32f1xx_it.o(i.EXTI4_IRQHandler) for EXTI4_IRQHandler
    startup_stm32f103xb.o(RESET) refers to stm32f1xx_it.o(i.TIM1_UP_IRQHandler) for TIM1_UP_IRQHandler
    startup_stm32f103xb.o(RESET) refers to stm32f1xx_it.o(i.USART1_IRQHandler) for USART1_IRQHandler
    startup_stm32f103xb.o(.text) refers to system_stm32f1xx.o(i.SystemInit) for SystemInit
    startup_stm32f103xb.o(.text) refers to entry.o(.ARM.Collect$$$$00000000) for __main
    stm32f1xx_hal_pwr.o(i.HAL_PWR_EnterSTOPMode) refers to stm32f1xx_hal_pwr.o(i.PWR_OverloadWfe) for PWR_OverloadWfe
    stm32f1xx_hal_pwr.o(i.HAL_PWR_PVD_IRQHandler) refers to stm32f1xx_hal_pwr.o(i.HAL_PWR_PVDCallback) for HAL_PWR_PVDCallback
    stm32f1xx_hal_tim.o(i.HAL_TIM_Base_DeInit) refers to stm32f1xx_hal_tim.o(i.HAL_TIM_Base_MspDeInit) for HAL_TIM_Base_MspDeInit
    stm32f1xx_hal_tim.o(i.HAL_TIM_Base_Init) refers to stm32f1xx_hal_tim.o(i.HAL_TIM_Base_MspInit) for HAL_TIM_Base_MspInit
    stm32f1xx_hal_tim.o(i.HAL_TIM_Base_Init) refers to stm32f1xx_hal_tim.o(i.TIM_Base_SetConfig) for TIM_Base_SetConfig
    stm32f1xx_hal_tim.o(i.HAL_TIM_Base_Start_DMA) refers to stm32f1xx_hal_dma.o(i.HAL_DMA_Start_IT) for HAL_DMA_Start_IT
    stm32f1xx_hal_tim.o(i.HAL_TIM_Base_Start_DMA) refers to stm32f1xx_hal_tim.o(i.TIM_DMAPeriodElapsedCplt) for TIM_DMAPeriodElapsedCplt
    stm32f1xx_hal_tim.o(i.HAL_TIM_Base_Start_DMA) refers to stm32f1xx_hal_tim.o(i.TIM_DMAError) for TIM_DMAError
    stm32f1xx_hal_tim.o(i.HAL_TIM_ConfigClockSource) refers to stm32f1xx_hal_tim.o(i.TIM_ETR_SetConfig) for TIM_ETR_SetConfig
    stm32f1xx_hal_tim.o(i.HAL_TIM_ConfigClockSource) refers to stm32f1xx_hal_tim.o(i.TIM_TI1_ConfigInputStage) for TIM_TI1_ConfigInputStage
    stm32f1xx_hal_tim.o(i.HAL_TIM_ConfigClockSource) refers to stm32f1xx_hal_tim.o(i.TIM_TI2_ConfigInputStage) for TIM_TI2_ConfigInputStage
    stm32f1xx_hal_tim.o(i.HAL_TIM_ConfigClockSource) refers to stm32f1xx_hal_tim.o(i.TIM_ITRx_SetConfig) for TIM_ITRx_SetConfig
    stm32f1xx_hal_tim.o(i.HAL_TIM_ConfigOCrefClear) refers to stm32f1xx_hal_tim.o(i.TIM_ETR_SetConfig) for TIM_ETR_SetConfig
    stm32f1xx_hal_tim.o(i.HAL_TIM_DMABurst_ReadStart) refers to stm32f1xx_hal_dma.o(i.HAL_DMA_Start_IT) for HAL_DMA_Start_IT
    stm32f1xx_hal_tim.o(i.HAL_TIM_DMABurst_ReadStart) refers to stm32f1xx_hal_tim.o(i.TIM_DMAError) for TIM_DMAError
    stm32f1xx_hal_tim.o(i.HAL_TIM_DMABurst_ReadStart) refers to stm32f1xx_hal_tim.o(i.TIM_DMACaptureCplt) for TIM_DMACaptureCplt
    stm32f1xx_hal_tim.o(i.HAL_TIM_DMABurst_ReadStart) refers to stm32f1xx_hal_tim.o(i.TIM_DMAPeriodElapsedCplt) for TIM_DMAPeriodElapsedCplt
    stm32f1xx_hal_tim.o(i.HAL_TIM_DMABurst_ReadStart) refers to stm32f1xx_hal_tim_ex.o(i.TIMEx_DMACommutationCplt) for TIMEx_DMACommutationCplt
    stm32f1xx_hal_tim.o(i.HAL_TIM_DMABurst_ReadStart) refers to stm32f1xx_hal_tim.o(i.TIM_DMATriggerCplt) for TIM_DMATriggerCplt
    stm32f1xx_hal_tim.o(i.HAL_TIM_DMABurst_ReadStop) refers to stm32f1xx_hal_dma.o(i.HAL_DMA_Abort) for HAL_DMA_Abort
    stm32f1xx_hal_tim.o(i.HAL_TIM_DMABurst_WriteStart) refers to stm32f1xx_hal_dma.o(i.HAL_DMA_Start_IT) for HAL_DMA_Start_IT
    stm32f1xx_hal_tim.o(i.HAL_TIM_DMABurst_WriteStart) refers to stm32f1xx_hal_tim.o(i.TIM_DMAError) for TIM_DMAError
[...]
    i.u8g2_UpdateRefHeight                   0x08003eb4   Section        0  u8g2_font.o(i.u8g2_UpdateRefHeight)
    i.u8g2_add_vector_x                      0x08003f06   Section        0  u8g2_font.o(i.u8g2_add_vector_x)
    u8g2_add_vector_x                        0x08003f07   Thumb Code    28  u8g2_font.o(i.u8g2_add_vector_x)
    i.u8g2_add_vector_y                      0x08003f22   Section        0  u8g2_font.o(i.u8g2_add_vector_y)
    u8g2_add_vector_y                        0x08003f23   Thumb Code    28  u8g2_font.o(i.u8g2_add_vector_y)
    i.u8g2_clip_intersection                 0x08003f3e   Section        0  u8g2_hvline.o(i.u8g2_clip_intersection)
    u8g2_clip_intersection                   0x08003f3f   Thumb Code    46  u8g2_hvline.o(i.u8g2_clip_intersection)
    i.u8g2_draw_hv_line_2dir                 0x08003f6c   Section        0  u8g2_hvline.o(i.u8g2_draw_hv_line_2dir)
    u8g2_draw_hv_line_2dir                   0x08003f6d   Thumb Code   130  u8g2_hvline.o(i.u8g2_draw_hv_line_2dir)
    i.u8g2_draw_hv_line_4dir                 0x08003fee   Section        0  u8g2_hvline.o(i.u8g2_draw_hv_line_4dir)
    i.u8g2_draw_l90_r0                       0x0800403e   Section        0  u8g2_setup.o(i.u8g2_draw_l90_r0)
    i.u8g2_draw_string                       0x0800404a   Section        0  u8g2_font.o(i.u8g2_draw_string)
    u8g2_draw_string                         0x0800404b   Thumb Code   118  u8g2_font.o(i.u8g2_draw_string)
    i.u8g2_font_calc_vref_font               0x080040c0   Section        0  u8g2_font.o(i.u8g2_font_calc_vref_font)
    i.u8g2_font_decode_get_signed_bits       0x080040c4   Section        0  u8g2_font.o(i.u8g2_font_decode_get_signed_bits)
    i.u8g2_font_decode_get_unsigned_bits     0x080040d8   Section        0  u8g2_font.o(i.u8g2_font_decode_get_unsigned_bits)
    i.u8g2_font_decode_glyph                 0x0800410c   Section        0  u8g2_font.o(i.u8g2_font_decode_glyph)
    i.u8g2_font_decode_len                   0x08004218   Section        0  u8g2_font.o(i.u8g2_font_decode_len)
    i.u8g2_font_get_glyph_data               0x080042a4   Section        0  u8g2_font.o(i.u8g2_font_get_glyph_data)
    i.u8g2_font_get_word                     0x080042fa   Section        0  u8g2_font.o(i.u8g2_font_get_word)
    u8g2_font_get_word                       0x080042fb   Thumb Code    20  u8g2_font.o(i.u8g2_font_get_word)
    i.u8g2_font_setup_decode                 0x0800430e   Section        0  u8g2_font.o(i.u8g2_font_setup_decode)
    u8g2_font_setup_decode                   0x0800430f   Thumb Code    52  u8g2_font.o(i.u8g2_font_setup_decode)
    i.u8g2_is_intersection_decision_tree     0x08004342   Section        0  u8g2_intersection.o(i.u8g2_is_intersection_decision_tree)
    i.u8g2_ll_hvline_horizontal_right_lsb    0x0800435c   Section        0  u8g2_ll_hvline.o(i.u8g2_ll_hvline_horizontal_right_lsb)
    i.u8g2_read_font_info                    0x080043d2   Section        0  u8g2_font.o(i.u8g2_read_font_info)
    i.u8g2_send_buffer                       0x0800443c   Section        0  u8g2_buffer.o(i.u8g2_send_buffer)
    u8g2_send_buffer                         0x0800443d   Thumb Code    78  u8g2_buffer.o(i.u8g2_send_buffer)
    i.u8g2_update_dimension_common           0x0800448a   Section        0  u8g2_setup.o(i.u8g2_update_dimension_common)
    u8g2_update_dimension_common             0x0800448b   Thumb Code    88  u8g2_setup.o(i.u8g2_update_dimension_common)
    i.u8g2_update_dimension_r0               0x080044e2   Section        0  u8g2_setup.o(i.u8g2_update_dimension_r0)
    i.u8x8_DrawTile                          0x08004500   Section        0  u8x8_display.o(i.u8x8_DrawTile)
    i.u8x8_InitDisplay                       0x0800451e   Section        0  u8x8_display.o(i.u8x8_InitDisplay)
    i.u8x8_RefreshDisplay                    0x0800452e   Section        0  u8x8_display.o(i.u8x8_RefreshDisplay)
    i.u8x8_SetPowerSave                      0x0800453e   Section        0  u8x8_display.o(i.u8x8_SetPowerSave)
    i.u8x8_Setup                             0x0800454e   Section        0  u8x8_setup.o(i.u8x8_Setup)
    i.u8x8_SetupDefaults                     0x08004570   Section        0  u8x8_setup.o(i.u8x8_SetupDefaults)
    i.u8x8_SetupMemory                       0x08004594   Section        0  u8x8_display.o(i.u8x8_SetupMemory)
    i.u8x8_ascii_next                        0x080045a4   Section        0  u8x8_8x8.o(i.u8x8_ascii_next)
    i.u8x8_byte_SendByte                     0x080045b2   Section        0  u8x8_byte.o(i.u8x8_byte_SendByte)
    i.u8x8_byte_SendBytes                    0x080045c0   Section        0  u8x8_byte.o(i.u8x8_byte_SendBytes)
    i.u8x8_byte_arm_hw_spi                   0x080045d0   Section        0  u8g2_arm.o(i.u8x8_byte_arm_hw_spi)
    i.u8x8_cad_EndTransfer                   0x0800463c   Section        0  u8x8_cad.o(i.u8x8_cad_EndTransfer)
    i.u8x8_cad_SendCmd                       0x0800464c   Section        0  u8x8_cad.o(i.u8x8_cad_SendCmd)
    i.u8x8_cad_SendData                      0x0800465c   Section        0  u8x8_cad.o(i.u8x8_cad_SendData)
    i.u8x8_cad_SendSequence                  0x0800466c   Section        0  u8x8_cad.o(i.u8x8_cad_SendSequence)
    i.u8x8_cad_StartTransfer                 0x080046d4   Section        0  u8x8_cad.o(i.u8x8_cad_StartTransfer)
    i.u8x8_cad_st7920_spi                    0x080046e4   Section        0  u8x8_cad.o(i.u8x8_cad_st7920_spi)
    i.u8x8_d_helper_display_init             0x080047dc   Section        0  u8x8_display.o(i.u8x8_d_helper_display_init)
    i.u8x8_d_helper_display_setup_memory     0x0800483c   Section        0  u8x8_display.o(i.u8x8_d_helper_display_setup_memory)
    i.u8x8_d_st7920_128x64                   0x08004844   Section        0  u8x8_d_st7920.o(i.u8x8_d_st7920_128x64)
    i.u8x8_d_st7920_common                   0x08004860   Section        0  u8x8_d_st7920.o(i.u8x8_d_st7920_common)
    i.u8x8_dummy_cb                          0x08004900   Section        0  u8x8_setup.o(i.u8x8_dummy_cb)
    i.u8x8_gpio_and_delay_arm                0x08004904   Section        0  u8g2_arm.o(i.u8x8_gpio_and_delay_arm)
    i.u8x8_gpio_call                         0x0800491e   Section        0  u8x8_gpio.o(i.u8x8_gpio_call)
    i.u8x8_utf8_init                         0x0800492a   Section        0  u8x8_8x8.o(i.u8x8_utf8_init)
    i.uxListRemove                           0x08004932   Section        0  list.o(i.uxListRemove)
    i.vListInitialise                        0x08004956   Section        0  list.o(i.vListInitialise)
    i.vListInitialiseItem                    0x0800496c   Section        0  list.o(i.vListInitialiseItem)
    i.vListInsert                            0x08004972   Section        0  list.o(i.vListInsert)
    i.vListInsertEnd                         0x080049a2   Section        0  list.o(i.vListInsertEnd)
    i.vPortEnterCritical                     0x080049bc   Section        0  port.o(i.vPortEnterCritical)
    i.vPortExitCritical                      0x080049fc   Section        0  port.o(i.vPortExitCritical)
    i.vPortFree                              0x08004a24   Section        0  heap_4.o(i.vPortFree)
    i.vPortSetupTimerInterrupt               0x08004a80   Section        0  port.o(i.vPortSetupTimerInterrupt)
    i.vPortValidateInterruptPriority         0x08004aa0   Section        0  port.o(i.vPortValidateInterruptPriority)
    i.vTaskDelay                             0x08004af4   Section        0  tasks.o(i.vTaskDelay)
    i.vTaskMissedYield                       0x08004b40   Section        0  tasks.o(i.vTaskMissedYield)
    i.vTaskPlaceOnEventList                  0x08004b4c   Section        0  tasks.o(i.vTaskPlaceOnEventList)
    i.vTaskPriorityInherit                   0x08004b7c   Section        0  tasks.o(i.vTaskPriorityInherit)
    i.vTaskSetTimeOutState                   0x08004c00   Section        0  tasks.o(i.vTaskSetTimeOutState)
    i.vTaskStartScheduler                    0x08004c24   Section        0  tasks.o(i.vTaskStartScheduler)
    i.vTaskSuspend                           0x08004c8c   Section        0  tasks.o(i.vTaskSuspend)
    i.vTaskSuspendAll                        0x08004d3c   Section        0  tasks.o(i.vTaskSuspendAll)
    i.vTaskSwitchContext                     0x08004d4c   Section        0  tasks.o(i.vTaskSwitchContext)
    i.xPortStartScheduler                    0x08004da8   Section        0  port.o(i.xPortStartScheduler)
    i.xPortSysTickHandler                    0x08004e1c   Section        0  port.o(i.xPortSysTickHandler)
    i.xQueueGenericCreate                    0x08004e48   Section        0  queue.o(i.xQueueGenericCreate)
    i.xQueueGenericReceive                   0x08004e90   Section        0  queue.o(i.xQueueGenericReceive)
    i.xQueueGenericReset                     0x08004ffc   Section        0  queue.o(i.xQueueGenericReset)
    i.xQueueGenericSend                      0x08005084   Section        0  queue.o(i.xQueueGenericSend)
    i.xTaskCheckForTimeOut                   0x080051e4   Section        0  tasks.o(i.xTaskCheckForTimeOut)
    i.xTaskCreate                            0x08005250   Section        0  tasks.o(i.xTaskCreate)
    i.xTaskGetSchedulerState                 0x080052a8   Section        0  tasks.o(i.xTaskGetSchedulerState)
    i.xTaskIncrementTick                     0x080052c4   Section        0  tasks.o(i.xTaskIncrementTick)
    i.xTaskPriorityDisinherit                0x0800538c   Section        0  tasks.o(i.xTaskPriorityDisinherit)
    i.xTaskRemoveFromEventList               0x08005424   Section        0  tasks.o(i.xTaskRemoveFromEventList)
    i.xTaskResumeAll                         0x08005498   Section        0  tasks.o(i.xTaskResumeAll)
    i.xTaskResumeFromISR                     0x0800555c   Section        0  tasks.o(i.xTaskResumeFromISR)
    .constdata                               0x080055e4   Section       16  system_stm32f1xx.o(.constdata)
    .constdata                               0x080055f4   Section        8  system_stm32f1xx.o(.constdata)
    .constdata                               0x080055fc   Section     1207  u8g2_arm.o(.constdata)
    .constdata                               0x08005ab3   Section     2249  u8g2_arm.o(.constdata)
    .constdata                               0x0800637c   Section     2883  u8g2_arm.o(.constdata)
    .constdata                               0x08006ec0   Section       88  freertos.o(.constdata)
    .constdata                               0x08006f18   Section       88  u8x8_d_st7920.o(.constdata)
    u8x8_d_st7920_powersave1_seq             0x08006f18   Data           7  u8x8_d_st7920.o(.constdata)
    u8x8_d_st7920_init_seq                   0x08006f1f   Data          19  u8x8_d_st7920.o(.constdata)
    u8x8_d_st7920_powersave0_seq             0x08006f32   Data          11  u8x8_d_st7920.o(.constdata)
    u8x8_st7920_192x32_display_info          0x08006f40   Data          24  u8x8_d_st7920.o(.constdata)
    u8x8_st7920_128x64_display_info          0x08006f58   Data          24  u8x8_d_st7920.o(.constdata)
    .constdata                               0x08006f70   Section        8  u8g2_setup.o(.constdata)
    .constdata                               0x08006f78   Section       64  ctype_c.o(.constdata)
    .conststring                             0x08006fb8   Section       46  freertos.o(.conststring)
    .data                                    0x20000000   Section        4  system_stm32f1xx.o(.data)
    .data                                    0x20000004   Section        4  stm32f1xx_hal.o(.data)
    .data                                    0x20000008   Section       64  freertos.o(.data)
    .data                                    0x20000048   Section       16  gps_parser.o(.data)
    .data                                    0x20000058   Section       60  tasks.o(.data)
    uxDeletedTasksWaitingCleanUp             0x2000005c   Data           4  tasks.o(.data)
    uxCurrentNumberOfTasks                   0x20000060   Data           4  tasks.o(.data)
    xTickCount                               0x20000064   Data           4  tasks.o(.data)
    uxTopReadyPriority                       0x20000068   Data           4  tasks.o(.data)
    xSchedulerRunning                        0x2000006c   Data           4  tasks.o(.data)
    uxPendedTicks                            0x20000070   Data           4  tasks.o(.data)
    xYieldPending                            0x20000074   Data           4  tasks.o(.data)
    xNumOfOverflows                          0x20000078   Data           4  tasks.o(.data)
    uxTaskNumber                             0x2000007c   Data           4  tasks.o(.data)
    xNextTaskUnblockTime                     0x20000080   Data           4  tasks.o(.data)
    xIdleTaskHandle                          0x20000084   Data           4  tasks.o(.data)
    uxSchedulerSuspended                     0x20000088   Data           4  tasks.o(.data)
    pxDelayedTaskList                        0x2000008c   Data           4  tasks.o(.data)
    pxOverflowDelayedTaskList                0x20000090   Data           4  tasks.o(.data)
    .data                                    0x20000094   Section       12  port.o(.data)
    ucMaxSysCallPriority                     0x20000094   Data           1  port.o(.data)
    uxCriticalNesting                        0x20000098   Data           4  port.o(.data)
    ulMaxPRIGROUPValue                       0x2000009c   Data           4  port.o(.data)
    .data                                    0x200000a0   Section       24  heap_4.o(.data)
    pxEnd                                    0x200000a0   Data           4  heap_4.o(.data)
    xFreeBytesRemaining                      0x200000a4   Data           4  heap_4.o(.data)
    xMinimumEverFreeBytesRemaining           0x200000a8   Data           4  heap_4.o(.data)
    xBlockAllocatedBit                       0x200000ac   Data           4  heap_4.o(.data)
    xStart                                   0x200000b0   Data           8  heap_4.o(.data)
    .bss                                     0x200000b8   Section       88  spi.o(.bss)
    .bss                                     0x20000110   Section     1024  u8g2_arm.o(.bss)
    buf                                      0x20000110   Data        1024  u8g2_arm.o(.bss)
    .bss                                     0x20000510   Section       64  usart.o(.bss)
    .bss                                     0x20000550   Section       15  speed.o(.bss)
    .bss                                     0x20000560   Section      428  freertos.o(.bss)
    .bss                                     0x2000070c   Section      200  gps_parser.o(.bss)
    .bss                                     0x200007d4   Section       64  stm32f1xx_hal_timebase_tim.o(.bss)
    .bss                                     0x20000814   Section       16  u8x8_cad.o(.bss)
    buf                                      0x20000814   Data          16  u8x8_cad.o(.bss)
    .bss                                     0x20000824   Section      240  tasks.o(.bss)
    pxReadyTasksLists                        0x20000824   Data         140  tasks.o(.bss)
    xDelayedTaskList1                        0x200008b0   Data          20  tasks.o(.bss)
    xDelayedTaskList2                        0x200008c4   Data          20  tasks.o(.bss)
    xPendingReadyList                        0x200008d8   Data          20  tasks.o(.bss)
    xTasksWaitingTermination                 0x200008ec   Data          20  tasks.o(.bss)
    xSuspendedTaskList                       0x20000900   Data          20  tasks.o(.bss)
    .bss                                     0x20000914   Section     4096  heap_4.o(.bss)
    ucHeap                                   0x20000914   Data        4096  heap_4.o(.bss)
    STACK                                    0x20001918   Section     1024  startup_stm32f103xb.o(STACK)

    Global Symbols

    Symbol Name                              Value     Ov Type        Size  Object(Section)

    BuildAttributes$$THM_ISAv4$P$D$K$B$S$PE$A:L22UL41UL21$X:L11$S22US41US21$IEEE1$IW$USESV6$~STKCKD$USESV7$~SHL$OTIME$ROPI$IEEEX$EBA8$MICROLIB$REQ8$PRES8$EABIv2 0x00000000   Number         0  anon$$obj.o ABSOLUTE
    __ARM_use_no_argv                        0x00000000   Number         0  main.o ABSOLUTE
    _printf_a                                0x00000000   Number         0  stubs.o ABSOLUTE
    _printf_c                                0x00000000   Number         0  stubs.o ABSOLUTE
    _printf_charcount                        0x00000000   Number         0  stubs.o ABSOLUTE
    _printf_d                                0x00000000   Number         0  stubs.o ABSOLUTE
    _printf_e                                0x00000000   Number         0  stubs.o ABSOLUTE
    _printf_f                                0x00000000   Number         0  stubs.o ABSOLUTE
    _printf_flags                            0x00000000   Number         0  stubs.o ABSOLUTE
    _printf_fp_dec                           0x00000000   Number         0  stubs.o ABSOLUTE
    _printf_fp_hex                           0x00000000   Number         0  stubs.o ABSOLUTE
    _printf_g                                0x00000000   Number         0  stubs.o ABSOLUTE
    _printf_i                                0x00000000   Number         0  stubs.o ABSOLUTE
    _printf_int_dec                          0x00000000   Number         0  stubs.o ABSOLUTE
    _printf_l                                0x00000000   Number         0  stubs.o ABSOLUTE
    _printf_lc                               0x00000000   Number         0  stubs.o ABSOLUTE
    _printf_ll                               0x00000000   Number         0  stubs.o ABSOLUTE
    _printf_lld                              0x00000000   Number         0  stubs.o ABSOLUTE
    _printf_lli                              0x00000000   Number         0  stubs.o ABSOLUTE
    _printf_llo                              0x00000000   Number         0  stubs.o ABSOLUTE
    _printf_llu                              0x00000000   Number         0  stubs.o ABSOLUTE
    _printf_llx                              0x00000000   Number         0  stubs.o ABSOLUTE
    _printf_longlong_dec                     0x00000000   Number         0  stubs.o ABSOLUTE
    _printf_longlong_hex                     0x00000000   Number         0  stubs.o ABSOLUTE
    _printf_longlong_oct                     0x00000000   Number         0  stubs.o ABSOLUTE
    _printf_ls                               0x00000000   Number         0  stubs.o ABSOLUTE
    _printf_mbtowc                           0x00000000   Number         0  stubs.o ABSOLUTE
    _printf_n                                0x00000000   Number         0  stubs.o ABSOLUTE
    _printf_o                                0x00000000   Number         0  stubs.o ABSOLUTE
    _printf_p                                0x00000000   Number         0  stubs.o ABSOLUTE
    _printf_percent                          0x00000000   Number         0  stubs.o ABSOLUTE
    _printf_pre_padding                      0x00000000   Number         0  stubs.o ABSOLUTE
    _printf_return_value                     0x00000000   Number         0  stubs.o ABSOLUTE
    _printf_s                                0x00000000   Number         0  stubs.o ABSOLUTE
    _printf_sizespec                         0x00000000   Number         0  stubs.o ABSOLUTE
    _printf_str                              0x00000000   Number         0  stubs.o ABSOLUTE
    _printf_truncate_signed                  0x00000000   Number         0  stubs.o ABSOLUTE
    _printf_truncate_unsigned                0x00000000   Number         0  stubs.o ABSOLUTE
    _printf_u                                0x00000000   Number         0  stubs.o ABSOLUTE
    _printf_wc                               0x00000000   Number         0  stubs.o ABSOLUTE
    _printf_wctomb                           0x00000000   Number         0  stubs.o ABSOLUTE
    _printf_widthprec                        0x00000000   Number         0  stubs.o ABSOLUTE
    _printf_x                                0x00000000   Number         0  stubs.o ABSOLUTE
    __cpp_initialize__aeabi_                  - Undefined Weak Reference
    __cxa_finalize                            - Undefined Weak Reference
    __decompress                              - Undefined Weak Reference
    _clock_init                               - Undefined Weak Reference
    _microlib_exit                            - Undefined Weak Reference
    _scanf_longlong                           - Undefined Weak Reference
    _scanf_real                               - Undefined Weak Reference
    __Vectors_Size                           0x000000ec   Number         0  startup_stm32f103xb.o ABSOLUTE
    __Vectors                                0x08000000   Data           4  startup_stm32f103xb.o(RESET)
    __Vectors_End                            0x080000ec   Data           0  startup_stm32f103xb.o(RESET)
    __main                                   0x080000ed   Thumb Code     0  entry.o(.ARM.Collect$$$$00000000)
    _main_stk                                0x080000ed   Thumb Code     0  entry2.o(.ARM.Collect$$$$00000001)
    _main_scatterload                        0x080000f1   Thumb Code     0  entry5.o(.ARM.Collect$$$$00000004)
    __main_after_scatterload                 0x080000f5   Thumb Code     0  entry5.o(.ARM.Collect$$$$00000004)
    _main_clock                              0x080000f5   Thumb Code     0  entry7b.o(.ARM.Collect$$$$00000008)
    _main_cpp_init                           0x080000f5   Thumb Code     0  entry8b.o(.ARM.Collect$$$$0000000A)
    _main_init                               0x080000f5   Thumb Code     0  entry9a.o(.ARM.Collect$$$$0000000B)
    __rt_final_cpp                           0x080000fd   Thumb Code     0  entry10a.o(.ARM.Collect$$$$0000000D)
    __rt_final_exit                          0x080000fd   Thumb Code     0  entry11a.o(.ARM.Collect$$$$0000000F)
    SVC_Handler                              0x08000101   Thumb Code    32  port.o(.emb_text)
    __asm___6_port_c_39a90d8d__prvStartFirstTask 0x08000125   Thumb Code    28  port.o(.emb_text)
    PendSV_Handler                           0x08000145   Thumb Code    72  port.o(.emb_text)
    vPortGetIPSR                             0x08000191   Thumb Code     6  port.o(.emb_text)
    Reset_Handler                            0x08000199   Thumb Code     8  startup_stm32f103xb.o(.text)
    ADC1_2_IRQHandler                        0x080001b3   Thumb Code     0  startup_stm32f103xb.o(.text)
    CAN1_RX1_IRQHandler                      0x080001b3   Thumb Code     0  startup_stm32f103xb.o(.text)
    CAN1_SCE_IRQHandler                      0x080001b3   Thumb Code     0  startup_stm32f103xb.o(.text)
    DMA1_Channel1_IRQHandler                 0x080001b3   Thumb Code     0  startup_stm32f103xb.o(.text)
    DMA1_Channel2_IRQHandler                 0x080001b3   Thumb Code     0  startup_stm32f103xb.o(.text)
    DMA1_Channel3_IRQHandler                 0x080001b3   Thumb Code     0  startup_stm32f103xb.o(.text)
    DMA1_Channel4_IRQHandler                 0x080001b3   Thumb Code     0  startup_stm32f103xb.o(.text)
    DMA1_Channel5_IRQHandler                 0x080001b3   Thumb Code     0  startup_stm32f103xb.o(.text)
    DMA1_Channel6_IRQHandler                 0x080001b3   Thumb Code     0  startup_stm32f103xb.o(.text)
    DMA1_Channel7_IRQHandler                 0x080001b3   Thumb Code     0  startup_stm32f103xb.o(.text)
    EXTI0_IRQHandler                         0x080001b3   Thumb Code     0  startup_stm32f103xb.o(.text)
    EXTI15_10_IRQHandler                     0x080001b3   Thumb Code     0  startup_stm32f103xb.o(.text)
    EXTI9_5_IRQHandler                       0x080001b3   Thumb Code     0  startup_stm32f103xb.o(.text)
    FLASH_IRQHandler                         0x080001b3   Thumb Code     0  startup_stm32f103xb.o(.text)
    I2C1_ER_IRQHandler                       0x080001b3   Thumb Code     0  startup_stm32f103xb.o(.text)
    I2C1_EV_IRQHandler                       0x080001b3   Thumb Code     0  startup_stm32f103xb.o(.text)
    I2C2_ER_IRQHandler                       0x080001b3   Thumb Code     0  startup_stm32f103xb.o(.text)
    I2C2_EV_IRQHandler                       0x080001b3   Thumb Code     0  startup_stm32f103xb.o(.text)
    PVD_IRQHandler                           0x080001b3   Thumb Code     0  startup_stm32f103xb.o(.text)
    RCC_IRQHandler                           0x080001b3   Thumb Code     0  startup_stm32f103xb.o(.text)
    RTC_Alarm_IRQHandler                     0x080001b3   Thumb Code     0  startup_stm32f103xb.o(.text)
    RTC_IRQHandler                           0x080001b3   Thumb Code     0  startup_stm32f103xb.o(.text)
    SPI1_IRQHandler                          0x080001b3   Thumb Code     0  startup_stm32f103xb.o(.text)
    SPI2_IRQHandler                          0x080001b3   Thumb Code     0  startup_stm32f103xb.o(.text)
    TAMPER_IRQHandler                        0x080001b3   Thumb Code     0  startup_stm32f103xb.o(.text)
    TIM1_BRK_IRQHandler                      0x080001b3   Thumb Code     0  startup_stm32f103xb.o(.text)
    TIM1_CC_IRQHandler                       0x080001b3   Thumb Code     0  startup_stm32f103xb.o(.text)
    TIM1_TRG_COM_IRQHandler                  0x080001b3   Thumb Code     0  startup_stm32f103xb.o(.text)
    TIM2_IRQHandler                          0x080001b3   Thumb Code     0  startup_stm32f103xb.o(.text)
    TIM3_IRQHandler                          0x080001b3   Thumb Code     0  startup_stm32f103xb.o(.text)
    TIM4_IRQHandler                          0x080001b3   Thumb Code     0  startup_stm32f103xb.o(.text)
    USART2_IRQHandler                        0x080001b3   Thumb Code     0  startup_stm32f103xb.o(.text)
    USART3_IRQHandler                        0x080001b3   Thumb Code     0  startup_stm32f103xb.o(.text)
    USBWakeUp_IRQHandler                     0x080001b3   Thumb Code     0  startup_stm32f103xb.o(.text)
    USB_HP_CAN1_TX_IRQHandler                0x080001b3   Thumb Code     0  startup_stm32f103xb.o(.text)
    USB_LP_CAN1_RX0_IRQHandler               0x080001b3   Thumb Code     0  startup_stm32f103xb.o(.text)
    WWDG_IRQHandler                          0x080001b3   Thumb Code     0  startup_stm32f103xb.o(.text)
    __aeabi_llsr                             0x080001bd   Thumb Code    32  llushr.o(.text)
    _ll_ushift_r                             0x080001bd   Thumb Code     0  llushr.o(.text)
    __aeabi_memcpy                           0x080001dd   Thumb Code    36  memcpya.o(.text)
    __aeabi_memcpy4                          0x080001dd   Thumb Code     0  memcpya.o(.text)
    __aeabi_memcpy8                          0x080001dd   Thumb Code     0  memcpya.o(.text)
    __aeabi_memset                           0x08000201   Thumb Code    14  memseta.o(.text)
    __aeabi_memset4                          0x08000201   Thumb Code     0  memseta.o(.text)
    __aeabi_memset8                          0x08000201   Thumb Code     0  memseta.o(.text)
    __aeabi_memclr                           0x0800020f   Thumb Code     4  memseta.o(.text)
    __aeabi_memclr4                          0x0800020f   Thumb Code     0  memseta.o(.text)
    __aeabi_memclr8                          0x0800020f   Thumb Code     0  memseta.o(.text)
    _memset$wrapper                          0x08000213   Thumb Code    18  memseta.o(.text)
    strncmp                                  0x08000225   Thumb Code    30  strncmp.o(.text)
    __0sscanf                                0x08000245   Thumb Code    48  __0sscanf.o(.text)
    _scanf_int                               0x0800027d   Thumb Code   332  _scanf_int.o(.text)
    _scanf_string                            0x080003c9   Thumb Code   224  _scanf_str.o(.text)
    __aeabi_fadd                             0x080004a9   Thumb Code   164  fadd.o(.text)
    __aeabi_fsub                             0x0800054d   Thumb Code     6  fadd.o(.text)
    __aeabi_frsub                            0x08000553   Thumb Code     6  fadd.o(.text)
    __aeabi_dadd                             0x08000559   Thumb Code   322  dadd.o(.text)
    __aeabi_dsub                             0x0800069b   Thumb Code     6  dadd.o(.text)
    __aeabi_drsub                            0x080006a1   Thumb Code     6  dadd.o(.text)
    __aeabi_dmul                             0x080006a7   Thumb Code   228  dmul.o(.text)
    __aeabi_ddiv                             0x0800078b   Thumb Code   222  ddiv.o(.text)
    __aeabi_ui2f                             0x08000869   Thumb Code    10  ffltui.o(.text)
    __aeabi_f2d                              0x08000873   Thumb Code    38  f2d.o(.text)
    __aeabi_uidiv                            0x08000899   Thumb Code     0  uidiv.o(.text)
    __aeabi_uidivmod                         0x08000899   Thumb Code    44  uidiv.o(.text)
    __aeabi_uldivmod                         0x080008c5   Thumb Code    98  uldiv.o(.text)
    __aeabi_llsl                             0x08000927   Thumb Code    30  llshl.o(.text)
    _ll_shift_l                              0x08000927   Thumb Code     0  llshl.o(.text)
    __aeabi_lasr                             0x08000945   Thumb Code    36  llsshr.o(.text)
    _ll_sshift_r                             0x08000945   Thumb Code     0  llsshr.o(.text)
    _chval                                   0x08000969   Thumb Code    28  _chval.o(.text)
    __vfscanf_char                           0x08000991   Thumb Code    20  scanf_char.o(.text)
    _sgetc                                   0x080009ad   Thumb Code    30  _sgetc.o(.text)
    _sbackspace                              0x080009cb   Thumb Code    34  _sgetc.o(.text)
    __I$use$fp                               0x080009ed   Thumb Code     0  iusefp.o(.text)
    _float_round                             0x080009ed   Thumb Code    18  fepilogue.o(.text)
    _float_epilogue                          0x080009ff   Thumb Code    92  fepilogue.o(.text)
    _double_round                            0x08000a5b   Thumb Code    30  depilogue.o(.text)
    _double_epilogue                         0x08000a79   Thumb Code   156  depilogue.o(.text)
    __aeabi_d2ulz                            0x08000b15   Thumb Code    48  dfixul.o(.text)
    __aeabi_cdrcmple                         0x08000b45   Thumb Code    48  cdrcmple.o(.text)
    __scatterload                            0x08000b75   Thumb Code    28  init.o(.text)
    __scatterload_rt2                        0x08000b75   Thumb Code     0  init.o(.text)
    isspace                                  0x08000b99   Thumb Code    10  isspace_c.o(.text)
    __vfscanf                                0x08000ba5   Thumb Code   808  _scanf.o(.text)
    __ctype_lookup                           0x08000ed1   Thumb Code    34  ctype_c.o(.text)
    BusFault_Handler                         0x08000ef9   Thumb Code     2  stm32f1xx_it.o(i.BusFault_Handler)
    CosFix                                   0x08000efb   Thumb Code    24  simple_distance.o(i.CosFix)
    DebugMon_Handler                         0x08000f13   Thumb Code     2  stm32f1xx_it.o(i.DebugMon_Handler)
    Diff                                     0x08000f15   Thumb Code    28  simple_distance.o(i.Diff)
    DistanceBetween                          0x08000f39   Thumb Code   116  simple_distance.o(i.DistanceBetween)
    EXTI1_IRQHandler                         0x08000fad   Thumb Code     6  stm32f1xx_it.o(i.EXTI1_IRQHandler)
    EXTI2_IRQHandler                         0x08000fb3   Thumb Code     6  stm32f1xx_it.o(i.EXTI2_IRQHandler)
    EXTI3_IRQHandler                         0x08000fb9   Thumb Code     6  stm32f1xx_it.o(i.EXTI3_IRQHandler)
    EXTI4_IRQHandler                         0x08000fbf   Thumb Code     6  stm32f1xx_it.o(i.EXTI4_IRQHandler)
    HAL_DMA_Abort_IT                         0x08000fc5   Thumb Code   148  stm32f1xx_hal_dma.o(i.HAL_DMA_Abort_IT)
    HAL_Delay                                0x0800105d   Thumb Code    28  stm32f1xx_hal.o(i.HAL_Delay)
    HAL_GPIO_EXTI_Callback                   0x08001079   Thumb Code    30  freertos.o(i.HAL_GPIO_EXTI_Callback)
    HAL_GPIO_EXTI_IRQHandler                 0x080010a1   Thumb Code    18  stm32f1xx_hal_gpio.o(i.HAL_GPIO_EXTI_IRQHandler)
    HAL_GPIO_Init                            0x080010b9   Thumb Code   408  stm32f1xx_hal_gpio.o(i.HAL_GPIO_Init)
    HAL_GPIO_ReadPin                         0x08001275   Thumb Code    10  stm32f1xx_hal_gpio.o(i.HAL_GPIO_ReadPin)
    HAL_GPIO_TogglePin                       0x0800127f   Thumb Code     8  stm32f1xx_hal_gpio.o(i.HAL_GPIO_TogglePin)
    HAL_GPIO_WritePin                        0x08001287   Thumb Code    10  stm32f1xx_hal_gpio.o(i.HAL_GPIO_WritePin)
    HAL_GetTick                              0x08001291   Thumb Code     6  stm32f1xx_hal.o(i.HAL_GetTick)
    HAL_IncTick                              0x0800129d   Thumb Code    10  stm32f1xx_hal.o(i.HAL_IncTick)
    HAL_Init                                 0x080012ad   Thumb Code    32  stm32f1xx_hal.o(i.HAL_Init)
    HAL_InitTick                             0x080012d1   Thumb Code    98  stm32f1xx_hal_timebase_tim.o(i.HAL_InitTick)
    HAL_MspInit                              0x08001345   Thumb Code   122  stm32f1xx_hal_msp.o(i.HAL_MspInit)
    HAL_NVIC_EnableIRQ                       0x080013c9   Thumb Code    22  stm32f1xx_hal_cortex.o(i.HAL_NVIC_EnableIRQ)
    HAL_NVIC_SetPriority                     0x080013e1   Thumb Code    60  stm32f1xx_hal_cortex.o(i.HAL_NVIC_SetPriority)
    HAL_NVIC_SetPriorityGrouping             0x08001421   Thumb Code    26  stm32f1xx_hal_cortex.o(i.HAL_NVIC_SetPriorityGrouping)
    HAL_RCC_ClockConfig                      0x08001445   Thumb Code   322  stm32f1xx_hal_rcc.o(i.HAL_RCC_ClockConfig)
    HAL_RCC_GetClockConfig                   0x08001599   Thumb Code    54  stm32f1xx_hal_rcc.o(i.HAL_RCC_GetClockConfig)
    HAL_RCC_GetHCLKFreq                      0x080015d9   Thumb Code     6  stm32f1xx_hal_rcc.o(i.HAL_RCC_GetHCLKFreq)
    HAL_RCC_GetPCLK1Freq                     0x080015e5   Thumb Code    20  stm32f1xx_hal_rcc.o(i.HAL_RCC_GetPCLK1Freq)
    HAL_RCC_GetPCLK2Freq                     0x08001605   Thumb Code    20  stm32f1xx_hal_rcc.o(i.HAL_RCC_GetPCLK2Freq)
    HAL_RCC_GetSysClockFreq                  0x08001625   Thumb Code    74  stm32f1xx_hal_rcc.o(i.HAL_RCC_GetSysClockFreq)
    HAL_RCC_OscConfig                        0x08001691   Thumb Code   750  stm32f1xx_hal_rcc.o(i.HAL_RCC_OscConfig)
    HAL_SPI_GetState                         0x08001995   Thumb Code     6  stm32f1xx_hal_spi.o(i.HAL_SPI_GetState)
    HAL_SPI_Init                             0x0800199b   Thumb Code   130  stm32f1xx_hal_spi_ex.o(i.HAL_SPI_Init)
    HAL_SPI_MspInit                          0x08001a1d   Thumb Code    56  spi.o(i.HAL_SPI_MspInit)
    HAL_SPI_Transmit                         0x08001a61   Thumb Code   360  stm32f1xx_hal_spi.o(i.HAL_SPI_Transmit)
    HAL_SYSTICK_CLKSourceConfig              0x08001bc9   Thumb Code    24  stm32f1xx_hal_cortex.o(i.HAL_SYSTICK_CLKSourceConfig)
    HAL_SYSTICK_Config                       0x08001be1   Thumb Code    40  stm32f1xx_hal_cortex.o(i.HAL_SYSTICK_Config)
    HAL_TIMEx_BreakCallback                  0x08001c09   Thumb Code     2  stm32f1xx_hal_tim_ex.o(i.HAL_TIMEx_BreakCallback)
    HAL_TIMEx_CommutationCallback            0x08001c0b   Thumb Code     2  stm32f1xx_hal_tim_ex.o(i.HAL_TIMEx_CommutationCallback)
    HAL_TIM_Base_Init                        0x08001c0d   Thumb Code    54  stm32f1xx_hal_tim.o(i.HAL_TIM_Base_Init)
    HAL_TIM_Base_MspInit                     0x08001c43   Thumb Code     2  stm32f1xx_hal_tim.o(i.HAL_TIM_Base_MspInit)
    HAL_TIM_Base_Start_IT                    0x08001c45   Thumb Code    24  stm32f1xx_hal_tim.o(i.HAL_TIM_Base_Start_IT)
    HAL_TIM_IC_CaptureCallback               0x08001c5d   Thumb Code     2  stm32f1xx_hal_tim.o(i.HAL_TIM_IC_CaptureCallback)
    HAL_TIM_IRQHandler                       0x08001c5f   Thumb Code   358  stm32f1xx_hal_tim.o(i.HAL_TIM_IRQHandler)
    HAL_TIM_OC_DelayElapsedCallback          0x08001dc5   Thumb Code     2  stm32f1xx_hal_tim.o(i.HAL_TIM_OC_DelayElapsedCallback)
    HAL_TIM_PWM_PulseFinishedCallback        0x08001dc7   Thumb Code     2  stm32f1xx_hal_tim.o(i.HAL_TIM_PWM_PulseFinishedCallback)
    HAL_TIM_PeriodElapsedCallback            0x08001dc9   Thumb Code    14  main.o(i.HAL_TIM_PeriodElapsedCallback)
    HAL_TIM_TriggerCallback                  0x08001ddd   Thumb Code     2  stm32f1xx_hal_tim.o(i.HAL_TIM_TriggerCallback)
    HAL_UART_ErrorCallback                   0x08001ddf   Thumb Code     2  stm32f1xx_hal_uart.o(i.HAL_UART_ErrorCallback)
    HAL_UART_IRQHandler                      0x08001de1   Thumb Code   266  stm32f1xx_hal_uart.o(i.HAL_UART_IRQHandler)
    HAL_UART_Init                            0x08001ef1   Thumb Code    98  stm32f1xx_hal_uart.o(i.HAL_UART_Init)
    HAL_UART_MspInit                         0x08001f55   Thumb Code    92  usart.o(i.HAL_UART_MspInit)
    HAL_UART_Receive_IT                      0x08001fbd   Thumb Code    82  stm32f1xx_hal_uart.o(i.HAL_UART_Receive_IT)
    HAL_UART_RxCpltCallback                  0x08002011   Thumb Code    74  freertos.o(i.HAL_UART_RxCpltCallback)
    HAL_UART_TxCpltCallback                  0x08002075   Thumb Code     2  stm32f1xx_hal_uart.o(i.HAL_UART_TxCpltCallback)
    HardFault_Handler                        0x08002077   Thumb Code     2  stm32f1xx_it.o(i.HardFault_Handler)
    MX_FREERTOS_Init                         0x08002079   Thumb Code   168  freertos.o(i.MX_FREERTOS_Init)
    MX_GPIO_Init                             0x08002129   Thumb Code   226  gpio.o(i.MX_GPIO_Init)
    MX_SPI2_Init                             0x08002221   Thumb Code    64  spi.o(i.MX_SPI2_Init)
    MX_USART1_UART_Init                      0x08002279   Thumb Code    52  usart.o(i.MX_USART1_UART_Init)
    MemManage_Handler                        0x080022c5   Thumb Code     2  stm32f1xx_it.o(i.MemManage_Handler)
    NMI_Handler                              0x080022c7   Thumb Code     2  stm32f1xx_it.o(i.NMI_Handler)
    Parce_NMEA_string                        0x080022e9   Thumb Code   334  gps_parser.o(i.Parce_NMEA_string)
    StarGPS_parser                           0x0800254d   Thumb Code   178  freertos.o(i.StarGPS_parser)
    StartButtons                             0x08002615   Thumb Code   192  freertos.o(i.StartButtons)
    StartDefaultTask                         0x080026dd   Thumb Code    18  freertos.o(i.StartDefaultTask)
    StartLCD                                 0x080026f9   Thumb Code    74  freertos.o(i.StartLCD)
    SysTick_Handler                          0x08002751   Thumb Code     4  stm32f1xx_it.o(i.SysTick_Handler)
    SystemClock_Config                       0x08002755   Thumb Code   104  main.o(i.SystemClock_Config)
    SystemInit                               0x080027bd   Thumb Code    56  system_stm32f1xx.o(i.SystemInit)
    TIM1_UP_IRQHandler                       0x08002805   Thumb Code     6  stm32f1xx_it.o(i.TIM1_UP_IRQHandler)
    TIM_Base_SetConfig                       0x08002811   Thumb Code    94  stm32f1xx_hal_tim.o(i.TIM_Base_SetConfig)
    USART1_IRQHandler                        0x08002b15   Thumb Code     6  stm32f1xx_it.o(i.USART1_IRQHandler)
    UsageFault_Handler                       0x08002b21   Thumb Code     2  stm32f1xx_it.o(i.UsageFault_Handler)
    _Error_Handler                           0x08002b23   Thumb Code     2  main.o(i._Error_Handler)
    __0sprintf                               0x08002b25   Thumb Code    34  printfa.o(i.__0sprintf)
    __1sprintf                               0x08002b25   Thumb Code     0  printfa.o(i.__0sprintf)
    __2sprintf                               0x08002b25   Thumb Code     0  printfa.o(i.__0sprintf)
    __c89sprintf                             0x08002b25   Thumb Code     0  printfa.o(i.__0sprintf)
    sprintf                                  0x08002b25   Thumb Code     0  printfa.o(i.__0sprintf)
    __scatterload_copy                       0x08002b4d   Thumb Code    14  handlers.o(i.__scatterload_copy)
    __scatterload_null                       0x08002b5b   Thumb Code     2  handlers.o(i.__scatterload_null)
    __scatterload_zeroinit                   0x08002b5d   Thumb Code    14  handlers.o(i.__scatterload_zeroinit)
    main                                     0x08003429   Thumb Code    66  main.o(i.main)
    osDelay                                  0x0800348d   Thumb Code    14  cmsis_os.o(i.osDelay)
    osKernelStart                            0x0800349b   Thumb Code    10  cmsis_os.o(i.osKernelStart)
    osMessageCreate                          0x080034a5   Thumb Code     8  cmsis_os.o(i.osMessageCreate)
    osSemaphoreCreate                        0x080034ad   Thumb Code    38  cmsis_os.o(i.osSemaphoreCreate)
    osSystickHandler                         0x080034d3   Thumb Code    20  cmsis_os.o(i.osSystickHandler)
    osThreadCreate                           0x080034e7   Thumb Code    46  cmsis_os.o(i.osThreadCreate)
    pvPortMalloc                             0x080039a1   Thumb Code   210  heap_4.o(i.pvPortMalloc)
    pvTaskIncrementMutexHeldCount            0x08003a79   Thumb Code    18  tasks.o(i.pvTaskIncrementMutexHeldCount)
    pxPortInitialiseStack                    0x08003a91   Thumb Code    32  port.o(i.pxPortInitialiseStack)
    rallycomp                                0x08003ab5   Thumb Code   482  speed.o(i.rallycomp)
    u8g2_ClearBuffer                         0x08003cf1   Thumb Code    18  u8g2_buffer.o(i.u8g2_ClearBuffer)
    u8g2_DrawBox                             0x08003d03   Thumb Code    68  u8g2_box.o(i.u8g2_DrawBox)
    u8g2_DrawGlyph                           0x08003d47   Thumb Code   112  u8g2_font.o(i.u8g2_DrawGlyph)
    u8g2_DrawHVLine                          0x08003db7   Thumb Code    18  u8g2_hvline.o(i.u8g2_DrawHVLine)
    u8g2_DrawStr                             0x08003dc9   Thumb Code    12  u8g2_font.o(i.u8g2_DrawStr)
    u8g2_IsIntersection                      0x08003dd9   Thumb Code    48  u8g2_intersection.o(i.u8g2_IsIntersection)
    u8g2_SendBuffer                          0x08003e09   Thumb Code    18  u8g2_buffer.o(i.u8g2_SendBuffer)
    u8g2_SetFont                             0x08003e1b   Thumb Code    32  u8g2_font.o(i.u8g2_SetFont)
    u8g2_SetFontDirection                    0x08003e3b   Thumb Code     6  u8g2_font.o(i.u8g2_SetFontDirection)
    u8g2_SetFontPosBaseline                  0x08003e41   Thumb Code     6  u8g2_font.o(i.u8g2_SetFontPosBaseline)
    u8g2_SetupBuffer                         0x08003e4d   Thumb Code    52  u8g2_setup.o(i.u8g2_SetupBuffer)
    u8g2_Setup_st7920_s_128x64_f             0x08003e81   Thumb Code    34  u8g2_arm.o(i.u8g2_Setup_st7920_s_128x64_f)
    u8g2_UpdateRefHeight                     0x08003eb5   Thumb Code    82  u8g2_font.o(i.u8g2_UpdateRefHeight)
    u8g2_draw_hv_line_4dir                   0x08003fef   Thumb Code    80  u8g2_hvline.o(i.u8g2_draw_hv_line_4dir)
    u8g2_draw_l90_r0                         0x0800403f   Thumb Code    12  u8g2_setup.o(i.u8g2_draw_l90_r0)
    u8g2_font_calc_vref_font                 0x080040c1   Thumb Code     4  u8g2_font.o(i.u8g2_font_calc_vref_font)
    u8g2_font_decode_get_signed_bits         0x080040c5   Thumb Code    20  u8g2_font.o(i.u8g2_font_decode_get_signed_bits)
    u8g2_font_decode_get_unsigned_bits       0x080040d9   Thumb Code    52  u8g2_font.o(i.u8g2_font_decode_get_unsigned_bits)
    u8g2_font_decode_glyph                   0x0800410d   Thumb Code   268  u8g2_font.o(i.u8g2_font_decode_glyph)
    u8g2_font_decode_len                     0x08004219   Thumb Code   140  u8g2_font.o(i.u8g2_font_decode_len)
    u8g2_font_get_glyph_data                 0x080042a5   Thumb Code    86  u8g2_font.o(i.u8g2_font_get_glyph_data)
    u8g2_is_intersection_decision_tree       0x08004343   Thumb Code    24  u8g2_intersection.o(i.u8g2_is_intersection_decision_tree)
    u8g2_ll_hvline_horizontal_right_lsb      0x0800435d   Thumb Code   118  u8g2_ll_hvline.o(i.u8g2_ll_hvline_horizontal_right_lsb)
    u8g2_read_font_info                      0x080043d3   Thumb Code   106  u8g2_font.o(i.u8g2_read_font_info)
    u8g2_update_dimension_r0                 0x080044e3   Thumb Code    30  u8g2_setup.o(i.u8g2_update_dimension_r0)
    u8x8_DrawTile                            0x08004501   Thumb Code    30  u8x8_display.o(i.u8x8_DrawTile)
    u8x8_InitDisplay                         0x0800451f   Thumb Code    16  u8x8_display.o(i.u8x8_InitDisplay)
    u8x8_RefreshDisplay                      0x0800452f   Thumb Code    16  u8x8_display.o(i.u8x8_RefreshDisplay)
    u8x8_SetPowerSave                        0x0800453f   Thumb Code    16  u8x8_display.o(i.u8x8_SetPowerSave)
    u8x8_Setup                               0x0800454f   Thumb Code    34  u8x8_setup.o(i.u8x8_Setup)
    u8x8_SetupDefaults                       0x08004571   Thumb Code    30  u8x8_setup.o(i.u8x8_SetupDefaults)
    u8x8_SetupMemory                         0x08004595   Thumb Code    16  u8x8_display.o(i.u8x8_SetupMemory)
    u8x8_ascii_next                          0x080045a5   Thumb Code    14  u8x8_8x8.o(i.u8x8_ascii_next)
    u8x8_byte_SendByte                       0x080045b3   Thumb Code    14  u8x8_byte.o(i.u8x8_byte_SendByte)
    u8x8_byte_SendBytes                      0x080045c1   Thumb Code    16  u8x8_byte.o(i.u8x8_byte_SendBytes)
    u8x8_byte_arm_hw_spi                     0x080045d1   Thumb Code    98  u8g2_arm.o(i.u8x8_byte_arm_hw_spi)
    u8x8_cad_EndTransfer                     0x0800463d   Thumb Code    16  u8x8_cad.o(i.u8x8_cad_EndTransfer)
    u8x8_cad_SendCmd                         0x0800464d   Thumb Code    16  u8x8_cad.o(i.u8x8_cad_SendCmd)
    u8x8_cad_SendData                        0x0800465d   Thumb Code    16  u8x8_cad.o(i.u8x8_cad_SendData)
    u8x8_cad_SendSequence                    0x0800466d   Thumb Code   104  u8x8_cad.o(i.u8x8_cad_SendSequence)
    u8x8_cad_StartTransfer                   0x080046d5   Thumb Code    16  u8x8_cad.o(i.u8x8_cad_StartTransfer)
    u8x8_cad_st7920_spi                      0x080046e5   Thumb Code   244  u8x8_cad.o(i.u8x8_cad_st7920_spi)
    u8x8_d_helper_display_init               0x080047dd   Thumb Code    96  u8x8_display.o(i.u8x8_d_helper_display_init)
    u8x8_d_helper_display_setup_memory       0x0800483d   Thumb Code     8  u8x8_display.o(i.u8x8_d_helper_display_setup_memory)
    u8x8_d_st7920_128x64                     0x08004845   Thumb Code    24  u8x8_d_st7920.o(i.u8x8_d_st7920_128x64)
    u8x8_d_st7920_common                     0x08004861   Thumb Code   156  u8x8_d_st7920.o(i.u8x8_d_st7920_common)
    u8x8_dummy_cb                            0x08004901   Thumb Code     4  u8x8_setup.o(i.u8x8_dummy_cb)
    u8x8_gpio_and_delay_arm                  0x08004905   Thumb Code    26  u8g2_arm.o(i.u8x8_gpio_and_delay_arm)
    u8x8_gpio_call                           0x0800491f   Thumb Code    12  u8x8_gpio.o(i.u8x8_gpio_call)
    u8x8_utf8_init                           0x0800492b   Thumb Code     8  u8x8_8x8.o(i.u8x8_utf8_init)
    uxListRemove                             0x08004933   Thumb Code    36  list.o(i.uxListRemove)
    vListInitialise                          0x08004957   Thumb Code    22  list.o(i.vListInitialise)
    vListInitialiseItem                      0x0800496d   Thumb Code     6  list.o(i.vListInitialiseItem)
    vListInsert                              0x08004973   Thumb Code    48  list.o(i.vListInsert)
    vListInsertEnd                           0x080049a3   Thumb Code    24  list.o(i.vListInsertEnd)
    vPortEnterCritical                       0x080049bd   Thumb Code    54  port.o(i.vPortEnterCritical)
    vPortExitCritical                        0x080049fd   Thumb Code    34  port.o(i.vPortExitCritical)
    vPortFree                                0x08004a25   Thumb Code    88  heap_4.o(i.vPortFree)
    vPortSetupTimerInterrupt                 0x08004a81   Thumb Code    26  port.o(i.vPortSetupTimerInterrupt)
    vPortValidateInterruptPriority           0x08004aa1   Thumb Code    74  port.o(i.vPortValidateInterruptPriority)
    vTaskDelay                               0x08004af5   Thumb Code    66  tasks.o(i.vTaskDelay)
    vTaskMissedYield                         0x08004b41   Thumb Code     8  tasks.o(i.vTaskMissedYield)
    vTaskPlaceOnEventList                    0x08004b4d   Thumb Code    44  tasks.o(i.vTaskPlaceOnEventList)
    vTaskPriorityInherit                     0x08004b7d   Thumb Code   124  tasks.o(i.vTaskPriorityInherit)
    vTaskSetTimeOutState                     0x08004c01   Thumb Code    30  tasks.o(i.vTaskSetTimeOutState)
    vTaskStartScheduler                      0x08004c25   Thumb Code    86  tasks.o(i.vTaskStartScheduler)
    vTaskSuspend                             0x08004c8d   Thumb Code   162  tasks.o(i.vTaskSuspend)
    vTaskSuspendAll                          0x08004d3d   Thumb Code    10  tasks.o(i.vTaskSuspendAll)
    vTaskSwitchContext                       0x08004d4d   Thumb Code    82  tasks.o(i.vTaskSwitchContext)
    xPortStartScheduler                      0x08004da9   Thumb Code   102  port.o(i.xPortStartScheduler)
    xPortSysTickHandler                      0x08004e1d   Thumb Code    38  port.o(i.xPortSysTickHandler)
    xQueueGenericCreate                      0x08004e49   Thumb Code    72  queue.o(i.xQueueGenericCreate)
    xQueueGenericReceive                     0x08004e91   Thumb Code   360  queue.o(i.xQueueGenericReceive)
    xQueueGenericReset                       0x08004ffd   Thumb Code   132  queue.o(i.xQueueGenericReset)
    xQueueGenericSend                        0x08005085   Thumb Code   346  queue.o(i.xQueueGenericSend)
    xTaskCheckForTimeOut                     0x080051e5   Thumb Code   102  tasks.o(i.xTaskCheckForTimeOut)
    xTaskCreate                              0x08005251   Thumb Code    86  tasks.o(i.xTaskCreate)
    xTaskGetSchedulerState                   0x080052a9   Thumb Code    22  tasks.o(i.xTaskGetSchedulerState)
    xTaskIncrementTick                       0x080052c5   Thumb Code   192  tasks.o(i.xTaskIncrementTick)
    xTaskPriorityDisinherit                  0x0800538d   Thumb Code   144  tasks.o(i.xTaskPriorityDisinherit)
    xTaskRemoveFromEventList                 0x08005425   Thumb Code   108  tasks.o(i.xTaskRemoveFromEventList)
    xTaskResumeAll                           0x08005499   Thumb Code   182  tasks.o(i.xTaskResumeAll)
    xTaskResumeFromISR                       0x0800555d   Thumb Code   128  tasks.o(i.xTaskResumeFromISR)
    AHBPrescTable                            0x080055e4   Data          16  system_stm32f1xx.o(.constdata)
    APBPrescTable                            0x080055f4   Data           8  system_stm32f1xx.o(.constdata)
    u8g2_font_9x18B_tr                       0x080055fc   Data        1207  u8g2_arm.o(.constdata)
    u8g2_font_logisoso22_tr                  0x08005ab3   Data        2249  u8g2_arm.o(.constdata)
    u8g2_font_logisoso30_tr                  0x0800637c   Data        2883  u8g2_arm.o(.constdata)
    u8g2_cb_r0                               0x08006f70   Data           8  u8g2_setup.o(.constdata)
    __ctype_categories                       0x08006f78   Data          64  ctype_c.o(.constdata)
    Region$$Table$$Base                      0x08006fe8   Number         0  anon$$obj.o(Region$$Table)
    Region$$Table$$Limit                     0x08007008   Number         0  anon$$obj.o(Region$$Table)
    SystemCoreClock                          0x20000000   Data           4  system_stm32f1xx.o(.data)
    uwTick                                   0x20000004   Data           4  stm32f1xx_hal.o(.data)
    UART_byte                                0x20000008   Data           1  freertos.o(.data)
    GPS_buff_pos                             0x20000009   Data           1  freertos.o(.data)
    buttons_state                            0x2000000a   Data           1  freertos.o(.data)
    Disp                                     0x2000000b   Data           2  freertos.o(.data)
    defaultTaskHandle                        0x20000010   Data           4  freertos.o(.data)
    myLCDHandle                              0x20000014   Data           4  freertos.o(.data)
    myGPS_parserHandle                       0x20000018   Data           4  freertos.o(.data)
    myButtonsHandle                          0x2000001c   Data           4  freertos.o(.data)
    myButtons_state_QueueHandle              0x20000020   Data           4  freertos.o(.data)
    myBinarySemUART_ISRHandle                0x20000024   Data           4  freertos.o(.data)
    myBinarySemDisplay_DataHandle            0x20000028   Data           4  freertos.o(.data)
    myBinarySemButtons_ISRHandle             0x2000002c   Data           4  freertos.o(.data)
    Race                                     0x20000030   Data           8  freertos.o(.data)
    Previous_Position                        0x20000038   Data           8  freertos.o(.data)
    Current_position                         0x20000040   Data           8  freertos.o(.data)
    token_length                             0x20000048   Data           4  gps_parser.o(.data)
    coma                                     0x2000004c   Data           4  gps_parser.o(.data)
    eol                                      0x20000050   Data           4  gps_parser.o(.data)
    position                                 0x20000054   Data           4  gps_parser.o(.data)
    pxCurrentTCB                             0x20000058   Data           4  tasks.o(.data)
    hspi2                                    0x200000b8   Data          88  spi.o(.bss)
    huart1                                   0x20000510   Data          64  usart.o(.bss)
    buf                                      0x20000550   Data          15  speed.o(.bss)
    u8g2                                     0x20000560   Data         140  freertos.o(.bss)
    GPS_buffer                               0x200005ec   Data         200  freertos.o(.bss)
    GPS                                      0x200006b4   Data          88  freertos.o(.bss)
    token                                    0x2000070c   Data         200  gps_parser.o(.bss)
    htim1                                    0x200007d4   Data          64  stm32f1xx_hal_timebase_tim.o(.bss)
    __initial_sp                             0x20001d18   Data           0  startup_stm32f103xb.o(STACK)



==============================================================================

Memory Map of the image

  Image Entry point : 0x080000ed

  Load Region LR_IROM1 (Base: 0x08000000, Size: 0x000070c0, Max: 0x00010000, ABSOLUTE)

    Execution Region ER_IROM1 (Exec base: 0x08000000, Load base: 0x08000000, Size: 0x00007008, Max: 0x00010000, ABSOLUTE)

    Exec Addr    Load Addr    Size         Type   Attr      Idx    E Section Name        Object

    0x08000000   0x08000000   0x000000ec   Data   RO          124    RESET               startup_stm32f103xb.o
    0x080000ec   0x080000ec   0x00000000   Code   RO         6784  * .ARM.Collect$$$$00000000  mc_w.l(entry.o)
    0x080000ec   0x080000ec   0x00000004   Code   RO         7112    .ARM.Collect$$$$00000001  mc_w.l(entry2.o)
    0x080000f0   0x080000f0   0x00000004   Code   RO         7115    .ARM.Collect$$$$00000004  mc_w.l(entry5.o)
    0x080000f4   0x080000f4   0x00000000   Code   RO         7117    .ARM.Collect$$$$00000008  mc_w.l(entry7b.o)
    0x080000f4   0x080000f4   0x00000000   Code   RO         7119    .ARM.Collect$$$$0000000A  mc_w.l(entry8b.o)
    0x080000f4   0x080000f4   0x00000008   Code   RO         7120    .ARM.Collect$$$$0000000B  mc_w.l(entry9a.o)
    0x080000fc   0x080000fc   0x00000000   Code   RO         7122    .ARM.Collect$$$$0000000D  mc_w.l(entry10a.o)
    0x080000fc   0x080000fc   0x00000000   Code   RO         7124    .ARM.Collect$$$$0000000F  mc_w.l(entry11a.o)
    0x080000fc   0x080000fc   0x00000004   Code   RO         7113    .ARM.Collect$$$$00002712  mc_w.l(entry2.o)
    0x08000100   0x08000100   0x00000096   Code   RO         5941    .emb_text           port.o
    0x08000196   0x08000196   0x00000002   PAD
    0x08000198   0x08000198   0x00000024   Code   RO          125    .text               startup_stm32f103xb.o
    0x080001bc   0x080001bc   0x00000020   Code   RO         6787    .text               mc_w.l(llushr.o)
    0x080001dc   0x080001dc   0x00000024   Code   RO         6789    .text               mc_w.l(memcpya.o)
    0x08000200   0x08000200   0x00000024   Code   RO         6791    .text               mc_w.l(memseta.o)
    0x08000224   0x08000224   0x0000001e   Code   RO         6793    .text               mc_w.l(strncmp.o)
    0x08000242   0x08000242   0x00000002   PAD
    0x08000244   0x08000244   0x00000038   Code   RO         7058    .text               mc_w.l(__0sscanf.o)
    0x0800027c   0x0800027c   0x0000014c   Code   RO         7060    .text               mc_w.l(_scanf_int.o)
    0x080003c8   0x080003c8   0x000000e0   Code   RO         7062    .text               mc_w.l(_scanf_str.o)
    0x080004a8   0x080004a8   0x000000b0   Code   RO         7064    .text               mf_w.l(fadd.o)
    0x08000558   0x08000558   0x0000014e   Code   RO         7070    .text               mf_w.l(dadd.o)
    0x080006a6   0x080006a6   0x000000e4   Code   RO         7072    .text               mf_w.l(dmul.o)
    0x0800078a   0x0800078a   0x000000de   Code   RO         7074    .text               mf_w.l(ddiv.o)
    0x08000868   0x08000868   0x0000000a   Code   RO         7076    .text               mf_w.l(ffltui.o)
    0x08000872   0x08000872   0x00000026   Code   RO         7080    .text               mf_w.l(f2d.o)
    0x08000898   0x08000898   0x0000002c   Code   RO         7129    .text               mc_w.l(uidiv.o)
    0x080008c4   0x080008c4   0x00000062   Code   RO         7131    .text               mc_w.l(uldiv.o)
    0x08000926   0x08000926   0x0000001e   Code   RO         7133    .text               mc_w.l(llshl.o)
    0x08000944   0x08000944   0x00000024   Code   RO         7135    .text               mc_w.l(llsshr.o)
    0x08000968   0x08000968   0x0000001c   Code   RO         7144    .text               mc_w.l(_chval.o)
    0x08000984   0x08000984   0x00000028   Code   RO         7146    .text               mc_w.l(scanf_char.o)
    0x080009ac   0x080009ac   0x00000040   Code   RO         7148    .text               mc_w.l(_sgetc.o)
    0x080009ec   0x080009ec   0x00000000   Code   RO         7150    .text               mc_w.l(iusefp.o)
    0x080009ec   0x080009ec   0x0000006e   Code   RO         7151    .text               mf_w.l(fepilogue.o)
    0x08000a5a   0x08000a5a   0x000000ba   Code   RO         7153    .text               mf_w.l(depilogue.o)
    0x08000b14   0x08000b14   0x00000030   Code   RO         7157    .text               mf_w.l(dfixul.o)
    0x08000b44   0x08000b44   0x00000030   Code   RO         7161    .text               mf_w.l(cdrcmple.o)
    0x08000b74   0x08000b74   0x00000024   Code   RO         7167    .text               mc_w.l(init.o)
    0x08000b98   0x08000b98   0x0000000a   Code   RO         7170    .text               mc_w.l(isspace_c.o)
    0x08000ba2   0x08000ba2   0x00000002   PAD
    0x08000ba4   0x08000ba4   0x0000032c   Code   RO         7172    .text               mc_w.l(_scanf.o)
    0x08000ed0   0x08000ed0   0x00000028   Code   RO         7181    .text               mc_w.l(ctype_c.o)
    0x08000ef8   0x08000ef8   0x00000002   Code   RO         2579    i.BusFault_Handler  stm32f1xx_it.o
    0x08000efa   0x08000efa   0x00000018   Code   RO         6739    i.CosFix            simple_distance.o
    0x08000f12   0x08000f12   0x00000002   Code   RO         2580    i.DebugMon_Handler  stm32f1xx_it.o
    0x08000f14   0x08000f14   0x00000024   Code   RO         6740    i.Diff              simple_distance.o
    0x08000f38   0x08000f38   0x00000074   Code   RO         6741    i.DistanceBetween   simple_distance.o
    0x08000fac   0x08000fac   0x00000006   Code   RO         2581    i.EXTI1_IRQHandler  stm32f1xx_it.o
    0x08000fb2   0x08000fb2   0x00000006   Code   RO         2582    i.EXTI2_IRQHandler  stm32f1xx_it.o
    0x08000fb8   0x08000fb8   0x00000006   Code   RO         2583    i.EXTI3_IRQHandler  stm32f1xx_it.o
    0x08000fbe   0x08000fbe   0x00000006   Code   RO         2584    i.EXTI4_IRQHandler  stm32f1xx_it.o
    0x08000fc4   0x08000fc4   0x00000098   Code   RO         1020    i.HAL_DMA_Abort_IT  stm32f1xx_hal_dma.o
    0x0800105c   0x0800105c   0x0000001c   Code   RO         1309    i.HAL_Delay         stm32f1xx_hal.o
    0x08001078   0x08001078   0x00000028   Code   RO         3035    i.HAL_GPIO_EXTI_Callback  freertos.o
    0x080010a0   0x080010a0   0x00000018   Code   RO         2189    i.HAL_GPIO_EXTI_IRQHandler  stm32f1xx_hal_gpio.o
    0x080010b8   0x080010b8   0x000001bc   Code   RO         2190    i.HAL_GPIO_Init     stm32f1xx_hal_gpio.o
    0x08001274   0x08001274   0x0000000a   Code   RO         2192    i.HAL_GPIO_ReadPin  stm32f1xx_hal_gpio.o
    0x0800127e   0x0800127e   0x00000008   Code   RO         2193    i.HAL_GPIO_TogglePin  stm32f1xx_hal_gpio.o
    0x08001286   0x08001286   0x0000000a   Code   RO         2194    i.HAL_GPIO_WritePin  stm32f1xx_hal_gpio.o
    0x08001290   0x08001290   0x0000000c   Code   RO         1313    i.HAL_GetTick       stm32f1xx_hal.o
    0x0800129c   0x0800129c   0x00000010   Code   RO         1315    i.HAL_IncTick       stm32f1xx_hal.o
    0x080012ac   0x080012ac   0x00000024   Code   RO         1316    i.HAL_Init          stm32f1xx_hal.o
    0x080012d0   0x080012d0   0x00000074   Code   RO         3154    i.HAL_InitTick      stm32f1xx_hal_timebase_tim.o
    0x08001344   0x08001344   0x00000084   Code   RO         2823    i.HAL_MspInit       stm32f1xx_hal_msp.o
    0x080013c8   0x080013c8   0x00000016   Code   RO         1115    i.HAL_NVIC_EnableIRQ  stm32f1xx_hal_cortex.o
    0x080013de   0x080013de   0x00000002   PAD
    0x080013e0   0x080013e0   0x00000040   Code   RO         1121    i.HAL_NVIC_SetPriority  stm32f1xx_hal_cortex.o
    0x08001420   0x08001420   0x00000024   Code   RO         1122    i.HAL_NVIC_SetPriorityGrouping  stm32f1xx_hal_cortex.o
    0x08001444   0x08001444   0x00000154   Code   RO          917    i.HAL_RCC_ClockConfig  stm32f1xx_hal_rcc.o
    0x08001598   0x08001598   0x00000040   Code   RO          921    i.HAL_RCC_GetClockConfig  stm32f1xx_hal_rcc.o
    0x080015d8   0x080015d8   0x0000000c   Code   RO          922    i.HAL_RCC_GetHCLKFreq  stm32f1xx_hal_rcc.o
    0x080015e4   0x080015e4   0x00000020   Code   RO          924    i.HAL_RCC_GetPCLK1Freq  stm32f1xx_hal_rcc.o
    0x08001604   0x08001604   0x00000020   Code   RO          925    i.HAL_RCC_GetPCLK2Freq  stm32f1xx_hal_rcc.o
    0x08001624   0x08001624   0x0000006c   Code   RO          926    i.HAL_RCC_GetSysClockFreq  stm32f1xx_hal_rcc.o
    0x08001690   0x08001690   0x00000304   Code   RO          929    i.HAL_RCC_OscConfig  stm32f1xx_hal_rcc.o
    0x08001994   0x08001994   0x00000006   Code   RO         1770    i.HAL_SPI_GetState  stm32f1xx_hal_spi.o
    0x0800199a   0x0800199a   0x00000082   Code   RO          892    i.HAL_SPI_Init      stm32f1xx_hal_spi_ex.o
    0x08001a1c   0x08001a1c   0x00000044   Code   RO         2848    i.HAL_SPI_MspInit   spi.o
    0x08001a60   0x08001a60   0x00000168   Code   RO         1780    i.HAL_SPI_Transmit  stm32f1xx_hal_spi.o
    0x08001bc8   0x08001bc8   0x00000018   Code   RO         1124    i.HAL_SYSTICK_CLKSourceConfig  stm32f1xx_hal_cortex.o
    0x08001be0   0x08001be0   0x00000028   Code   RO         1126    i.HAL_SYSTICK_Config  stm32f1xx_hal_cortex.o
    0x08001c08   0x08001c08   0x00000002   Code   RO         1528    i.HAL_TIMEx_BreakCallback  stm32f1xx_hal_tim_ex.o
    0x08001c0a   0x08001c0a   0x00000002   Code   RO         1529    i.HAL_TIMEx_CommutationCallback  stm32f1xx_hal_tim_ex.o
    0x08001c0c   0x08001c0c   0x00000036   Code   RO          263    i.HAL_TIM_Base_Init  stm32f1xx_hal_tim.o
    0x08001c42   0x08001c42   0x00000002   Code   RO          265    i.HAL_TIM_Base_MspInit  stm32f1xx_hal_tim.o
    0x08001c44   0x08001c44   0x00000018   Code   RO          268    i.HAL_TIM_Base_Start_IT  stm32f1xx_hal_tim.o
    0x08001c5c   0x08001c5c   0x00000002   Code   RO          292    i.HAL_TIM_IC_CaptureCallback  stm32f1xx_hal_tim.o
    0x08001c5e   0x08001c5e   0x00000166   Code   RO          305    i.HAL_TIM_IRQHandler  stm32f1xx_hal_tim.o
    0x08001dc4   0x08001dc4   0x00000002   Code   RO          308    i.HAL_TIM_OC_DelayElapsedCallback  stm32f1xx_hal_tim.o
    0x08001dc6   0x08001dc6   0x00000002   Code   RO          335    i.HAL_TIM_PWM_PulseFinishedCallback  stm32f1xx_hal_tim.o
    0x08001dc8   0x08001dc8   0x00000014   Code   RO         2724    i.HAL_TIM_PeriodElapsedCallback  main.o
    0x08001ddc   0x08001ddc   0x00000002   Code   RO          346    i.HAL_TIM_TriggerCallback  stm32f1xx_hal_tim.o
    0x08001dde   0x08001dde   0x00000002   Code   RO         2274    i.HAL_UART_ErrorCallback  stm32f1xx_hal_uart.o
    0x08001de0   0x08001de0   0x00000110   Code   RO         2277    i.HAL_UART_IRQHandler  stm32f1xx_hal_uart.o
    0x08001ef0   0x08001ef0   0x00000062   Code   RO         2278    i.HAL_UART_Init     stm32f1xx_hal_uart.o
    0x08001f52   0x08001f52   0x00000002   PAD
    0x08001f54   0x08001f54   0x00000068   Code   RO         2954    i.HAL_UART_MspInit  usart.o
    0x08001fbc   0x08001fbc   0x00000052   Code   RO         2283    i.HAL_UART_Receive_IT  stm32f1xx_hal_uart.o
    0x0800200e   0x0800200e   0x00000002   PAD
    0x08002010   0x08002010   0x00000064   Code   RO         3036    i.HAL_UART_RxCpltCallback  freertos.o
    0x08002074   0x08002074   0x00000002   Code   RO         2289    i.HAL_UART_TxCpltCallback  stm32f1xx_hal_uart.o
    0x08002076   0x08002076   0x00000002   Code   RO         2585    i.HardFault_Handler  stm32f1xx_it.o
    0x08002078   0x08002078   0x000000b0   Code   RO         3037    i.MX_FREERTOS_Init  freertos.o
    0x08002128   0x08002128   0x000000f8   Code   RO         2799    i.MX_GPIO_Init      gpio.o
    0x08002220   0x08002220   0x00000058   Code   RO         2849    i.MX_SPI2_Init      spi.o
    0x08002278   0x08002278   0x0000004c   Code   RO         2955    i.MX_USART1_UART_Init  usart.o
    0x080022c4   0x080022c4   0x00000002   Code   RO         2586    i.MemManage_Handler  stm32f1xx_it.o
    0x080022c6   0x080022c6   0x00000002   Code   RO         2587    i.NMI_Handler       stm32f1xx_it.o
    0x080022c8   0x080022c8   0x00000020   Code   RO         1128    i.NVIC_SetPriority  stm32f1xx_hal_cortex.o
    0x080022e8   0x080022e8   0x000001ac   Code   RO         3130    i.Parce_NMEA_string  gps_parser.o
    0x08002494   0x08002494   0x00000020   Code   RO         1796    i.SPI_CheckFlag_BSY  stm32f1xx_hal_spi.o
    0x080024b4   0x080024b4   0x00000096   Code   RO         1815    i.SPI_WaitFlagStateUntilTimeout  stm32f1xx_hal_spi.o
    0x0800254a   0x0800254a   0x00000002   PAD
    0x0800254c   0x0800254c   0x000000c8   Code   RO         3038    i.StarGPS_parser    freertos.o
    0x08002614   0x08002614   0x000000c8   Code   RO         3039    i.StartButtons      freertos.o
    0x080026dc   0x080026dc   0x0000001c   Code   RO         3040    i.StartDefaultTask  freertos.o
    0x080026f8   0x080026f8   0x00000058   Code   RO         3041    i.StartLCD          freertos.o
    0x08002750   0x08002750   0x00000004   Code   RO         2588    i.SysTick_Handler   stm32f1xx_it.o
    0x08002754   0x08002754   0x00000068   Code   RO         2725    i.SystemClock_Config  main.o
    0x080027bc   0x080027bc   0x00000048   Code   RO            5    i.SystemInit        system_stm32f1xx.o
    0x08002804   0x08002804   0x0000000c   Code   RO         2589    i.TIM1_UP_IRQHandler  stm32f1xx_it.o
    0x08002810   0x08002810   0x0000006c   Code   RO          347    i.TIM_Base_SetConfig  stm32f1xx_hal_tim.o
    0x0800287c   0x0800287c   0x00000010   Code   RO         2291    i.UART_DMAAbortOnError  stm32f1xx_hal_uart.o
    0x0800288c   0x0800288c   0x0000001c   Code   RO         2301    i.UART_EndRxTransfer  stm32f1xx_hal_uart.o
    0x080028a8   0x080028a8   0x00000096   Code   RO         2303    i.UART_Receive_IT   stm32f1xx_hal_uart.o
    0x0800293e   0x0800293e   0x00000002   PAD
    0x08002940   0x08002940   0x00000170   Code   RO         2304    i.UART_SetConfig    stm32f1xx_hal_uart.o
    0x08002ab0   0x08002ab0   0x00000062   Code   RO         2305    i.UART_Transmit_IT  stm32f1xx_hal_uart.o
    0x08002b12   0x08002b12   0x00000002   PAD
    0x08002b14   0x08002b14   0x0000000c   Code   RO         2590    i.USART1_IRQHandler  stm32f1xx_it.o
    0x08002b20   0x08002b20   0x00000002   Code   RO         2591    i.UsageFault_Handler  stm32f1xx_it.o
    0x08002b22   0x08002b22   0x00000002   Code   RO         2726    i._Error_Handler    main.o
    0x08002b24   0x08002b24   0x00000028   Code   RO         7032    i.__0sprintf        mc_w.l(printfa.o)
    0x08002b4c   0x08002b4c   0x0000000e   Code   RO         7186    i.__scatterload_copy  mc_w.l(handlers.o)
    0x08002b5a   0x08002b5a   0x00000002   Code   RO         7187    i.__scatterload_null  mc_w.l(handlers.o)
    0x08002b5c   0x08002b5c   0x0000000e   Code   RO         7188    i.__scatterload_zeroinit  mc_w.l(handlers.o)
    0x08002b6a   0x08002b6a   0x00000002   PAD
    0x08002b6c   0x08002b6c   0x00000184   Code   RO         7037    i._fp_digits        mc_w.l(printfa.o)
    0x08002cf0   0x08002cf0   0x000006dc   Code   RO         7038    i._printf_core      mc_w.l(printfa.o)
    0x080033cc   0x080033cc   0x00000024   Code   RO         7039    i._printf_post_padding  mc_w.l(printfa.o)
    0x080033f0   0x080033f0   0x0000002e   Code   RO         7040    i._printf_pre_padding  mc_w.l(printfa.o)
    0x0800341e   0x0800341e   0x0000000a   Code   RO         7042    i._sputc            mc_w.l(printfa.o)
    0x08003428   0x08003428   0x00000058   Code   RO         2727    i.main              main.o
    0x08003480   0x08003480   0x0000000c   Code   RO         6339    i.makeFreeRtosPriority  cmsis_os.o
    0x0800348c   0x0800348c   0x0000000e   Code   RO         6341    i.osDelay           cmsis_os.o
    0x0800349a   0x0800349a   0x0000000a   Code   RO         6344    i.osKernelStart     cmsis_os.o
    0x080034a4   0x080034a4   0x00000008   Code   RO         6353    i.osMessageCreate   cmsis_os.o
    0x080034ac   0x080034ac   0x00000026   Code   RO         6370    i.osSemaphoreCreate  cmsis_os.o
    0x080034d2   0x080034d2   0x00000014   Code   RO         6377    i.osSystickHandler  cmsis_os.o
    0x080034e6   0x080034e6   0x0000002e   Code   RO         6378    i.osThreadCreate    cmsis_os.o
    0x08003514   0x08003514   0x00000070   Code   RO         5632    i.prvAddCurrentTaskToDelayedList  tasks.o
    0x08003584   0x08003584   0x000000d0   Code   RO         5633    i.prvAddNewTaskToReadyList  tasks.o
    0x08003654   0x08003654   0x00000050   Code   RO         5634    i.prvCheckTasksWaitingTermination  tasks.o
    0x080036a4   0x080036a4   0x00000026   Code   RO         6193    i.prvCopyDataFromQueue  queue.o
    0x080036ca   0x080036ca   0x0000006c   Code   RO         6194    i.prvCopyDataToQueue  queue.o
    0x08003736   0x08003736   0x00000014   Code   RO         5635    i.prvDeleteTCB      tasks.o
    0x0800374a   0x0800374a   0x00000002   PAD
    0x0800374c   0x0800374c   0x0000004c   Code   RO         6018    i.prvHeapInit       heap_4.o
    0x08003798   0x08003798   0x00000028   Code   RO         5636    i.prvIdleTask       tasks.o
    0x080037c0   0x080037c0   0x0000008e   Code   RO         5637    i.prvInitialiseNewTask  tasks.o
    0x0800384e   0x0800384e   0x00000002   PAD
    0x08003850   0x08003850   0x0000004c   Code   RO         6019    i.prvInsertBlockIntoFreeList  heap_4.o
    0x0800389c   0x0800389c   0x0000001c   Code   RO         6195    i.prvIsQueueEmpty   queue.o
    0x080038b8   0x080038b8   0x00000020   Code   RO         5638    i.prvResetNextTaskUnblockTime  tasks.o
    0x080038d8   0x080038d8   0x00000028   Code   RO         5942    i.prvTaskExitError  port.o
    0x08003900   0x08003900   0x00000034   Code   RO         5639    i.prvTaskIsTaskSuspended  tasks.o
    0x08003934   0x08003934   0x0000006a   Code   RO         6196    i.prvUnlockQueue    queue.o
    0x0800399e   0x0800399e   0x00000002   PAD
    0x080039a0   0x080039a0   0x000000d8   Code   RO         6020    i.pvPortMalloc      heap_4.o
    0x08003a78   0x08003a78   0x00000018   Code   RO         5640    i.pvTaskIncrementMutexHeldCount  tasks.o
    0x08003a90   0x08003a90   0x00000024   Code   RO         5943    i.pxPortInitialiseStack  port.o
    0x08003ab4   0x08003ab4   0x0000023c   Code   RO         2996    i.rallycomp         speed.o
    0x08003cf0   0x08003cf0   0x00000012   Code   RO         3277    i.u8g2_ClearBuffer  u8g2_buffer.o
    0x08003d02   0x08003d02   0x00000044   Code   RO         3247    i.u8g2_DrawBox      u8g2_box.o
    0x08003d46   0x08003d46   0x00000070   Code   RO         3401    i.u8g2_DrawGlyph    u8g2_font.o
    0x08003db6   0x08003db6   0x00000012   Code   RO         3674    i.u8g2_DrawHVLine   u8g2_hvline.o
    0x08003dc8   0x08003dc8   0x00000010   Code   RO         3402    i.u8g2_DrawStr      u8g2_font.o
    0x08003dd8   0x08003dd8   0x00000030   Code   RO         3740    i.u8g2_IsIntersection  u8g2_intersection.o
    0x08003e08   0x08003e08   0x00000012   Code   RO         3280    i.u8g2_SendBuffer   u8g2_buffer.o
    0x08003e1a   0x08003e1a   0x00000020   Code   RO         3417    i.u8g2_SetFont      u8g2_font.o
    0x08003e3a   0x08003e3a   0x00000006   Code   RO         3418    i.u8g2_SetFontDirection  u8g2_font.o
    0x08003e40   0x08003e40   0x0000000c   Code   RO         3420    i.u8g2_SetFontPosBaseline  u8g2_font.o
    0x08003e4c   0x08003e4c   0x00000034   Code   RO         5544    i.u8g2_SetupBuffer  u8g2_setup.o
    0x08003e80   0x08003e80   0x00000034   Code   RO         2889    i.u8g2_Setup_st7920_s_128x64_f  u8g2_arm.o
    0x08003eb4   0x08003eb4   0x00000052   Code   RO         3427    i.u8g2_UpdateRefHeight  u8g2_font.o
    0x08003f06   0x08003f06   0x0000001c   Code   RO         3428    i.u8g2_add_vector_x  u8g2_font.o
    0x08003f22   0x08003f22   0x0000001c   Code   RO         3429    i.u8g2_add_vector_y  u8g2_font.o
    0x08003f3e   0x08003f3e   0x0000002e   Code   RO         3678    i.u8g2_clip_intersection  u8g2_hvline.o
    0x08003f6c   0x08003f6c   0x00000082   Code   RO         3679    i.u8g2_draw_hv_line_2dir  u8g2_hvline.o
    0x08003fee   0x08003fee   0x00000050   Code   RO         3680    i.u8g2_draw_hv_line_4dir  u8g2_hvline.o
    0x0800403e   0x0800403e   0x0000000c   Code   RO         5546    i.u8g2_draw_l90_r0  u8g2_setup.o
    0x0800404a   0x0800404a   0x00000076   Code   RO         3431    i.u8g2_draw_string  u8g2_font.o
    0x080040c0   0x080040c0   0x00000004   Code   RO         3434    i.u8g2_font_calc_vref_font  u8g2_font.o
    0x080040c4   0x080040c4   0x00000014   Code   RO         3436    i.u8g2_font_decode_get_signed_bits  u8g2_font.o
    0x080040d8   0x080040d8   0x00000034   Code   RO         3437    i.u8g2_font_decode_get_unsigned_bits  u8g2_font.o
    0x0800410c   0x0800410c   0x0000010c   Code   RO         3438    i.u8g2_font_decode_glyph  u8g2_font.o
    0x08004218   0x08004218   0x0000008c   Code   RO         3439    i.u8g2_font_decode_len  u8g2_font.o
    0x080042a4   0x080042a4   0x00000056   Code   RO         3440    i.u8g2_font_get_glyph_data  u8g2_font.o
    0x080042fa   0x080042fa   0x00000014   Code   RO         3441    i.u8g2_font_get_word  u8g2_font.o
    0x0800430e   0x0800430e   0x00000034   Code   RO         3442    i.u8g2_font_setup_decode  u8g2_font.o
    0x08004342   0x08004342   0x00000018   Code   RO         3741    i.u8g2_is_intersection_decision_tree  u8g2_intersection.o
    0x0800435a   0x0800435a   0x00000002   PAD
    0x0800435c   0x0800435c   0x00000076   Code   RO         3788    i.u8g2_ll_hvline_horizontal_right_lsb  u8g2_ll_hvline.o
    0x080043d2   0x080043d2   0x0000006a   Code   RO         3443    i.u8g2_read_font_info  u8g2_font.o
    0x0800443c   0x0800443c   0x0000004e   Code   RO         3282    i.u8g2_send_buffer  u8g2_buffer.o
    0x0800448a   0x0800448a   0x00000058   Code   RO         5550    i.u8g2_update_dimension_common  u8g2_setup.o
    0x080044e2   0x080044e2   0x0000001e   Code   RO         5551    i.u8g2_update_dimension_r0  u8g2_setup.o
    0x08004500   0x08004500   0x0000001e   Code   RO         5224    i.u8x8_DrawTile     u8x8_display.o
    0x0800451e   0x0800451e   0x00000010   Code   RO         5226    i.u8x8_InitDisplay  u8x8_display.o
    0x0800452e   0x0800452e   0x00000010   Code   RO         5227    i.u8x8_RefreshDisplay  u8x8_display.o
    0x0800453e   0x0800453e   0x00000010   Code   RO         5230    i.u8x8_SetPowerSave  u8x8_display.o
    0x0800454e   0x0800454e   0x00000022   Code   RO         5444    i.u8x8_Setup        u8x8_setup.o
    0x08004570   0x08004570   0x00000024   Code   RO         5445    i.u8x8_SetupDefaults  u8x8_setup.o
    0x08004594   0x08004594   0x00000010   Code   RO         5231    i.u8x8_SetupMemory  u8x8_display.o
    0x080045a4   0x080045a4   0x0000000e   Code   RO         3948    i.u8x8_ascii_next   u8x8_8x8.o
    0x080045b2   0x080045b2   0x0000000e   Code   RO         4048    i.u8x8_byte_SendByte  u8x8_byte.o
    0x080045c0   0x080045c0   0x00000010   Code   RO         4049    i.u8x8_byte_SendBytes  u8x8_byte.o
    0x080045d0   0x080045d0   0x0000006c   Code   RO         2891    i.u8x8_byte_arm_hw_spi  u8g2_arm.o
    0x0800463c   0x0800463c   0x00000010   Code   RO         4160    i.u8x8_cad_EndTransfer  u8x8_cad.o
    0x0800464c   0x0800464c   0x00000010   Code   RO         4162    i.u8x8_cad_SendCmd  u8x8_cad.o
    0x0800465c   0x0800465c   0x00000010   Code   RO         4163    i.u8x8_cad_SendData  u8x8_cad.o
    0x0800466c   0x0800466c   0x00000068   Code   RO         4165    i.u8x8_cad_SendSequence  u8x8_cad.o
    0x080046d4   0x080046d4   0x00000010   Code   RO         4166    i.u8x8_cad_StartTransfer  u8x8_cad.o
    0x080046e4   0x080046e4   0x000000f8   Code   RO         4171    i.u8x8_cad_st7920_spi  u8x8_cad.o
    0x080047dc   0x080047dc   0x00000060   Code   RO         5232    i.u8x8_d_helper_display_init  u8x8_display.o
    0x0800483c   0x0800483c   0x00000008   Code   RO         5233    i.u8x8_d_helper_display_setup_memory  u8x8_display.o
    0x08004844   0x08004844   0x0000001c   Code   RO         4967    i.u8x8_d_st7920_128x64  u8x8_d_st7920.o
    0x08004860   0x08004860   0x000000a0   Code   RO         4969    i.u8x8_d_st7920_common  u8x8_d_st7920.o
    0x08004900   0x08004900   0x00000004   Code   RO         5446    i.u8x8_dummy_cb     u8x8_setup.o
    0x08004904   0x08004904   0x0000001a   Code   RO         2892    i.u8x8_gpio_and_delay_arm  u8g2_arm.o
    0x0800491e   0x0800491e   0x0000000c   Code   RO         5366    i.u8x8_gpio_call    u8x8_gpio.o
    0x0800492a   0x0800492a   0x00000008   Code   RO         3954    i.u8x8_utf8_init    u8x8_8x8.o
    0x08004932   0x08004932   0x00000024   Code   RO         6156    i.uxListRemove      list.o
    0x08004956   0x08004956   0x00000016   Code   RO         6157    i.vListInitialise   list.o
    0x0800496c   0x0800496c   0x00000006   Code   RO         6158    i.vListInitialiseItem  list.o
    0x08004972   0x08004972   0x00000030   Code   RO         6159    i.vListInsert       list.o
    0x080049a2   0x080049a2   0x00000018   Code   RO         6160    i.vListInsertEnd    list.o
    0x080049ba   0x080049ba   0x00000002   PAD
    0x080049bc   0x080049bc   0x00000040   Code   RO         5945    i.vPortEnterCritical  port.o
    0x080049fc   0x080049fc   0x00000028   Code   RO         5946    i.vPortExitCritical  port.o
    0x08004a24   0x08004a24   0x0000005c   Code   RO         6021    i.vPortFree         heap_4.o
    0x08004a80   0x08004a80   0x00000020   Code   RO         5947    i.vPortSetupTimerInterrupt  port.o
    0x08004aa0   0x08004aa0   0x00000054   Code   RO         5948    i.vPortValidateInterruptPriority  port.o
    0x08004af4   0x08004af4   0x0000004c   Code   RO         5646    i.vTaskDelay        tasks.o
    0x08004b40   0x08004b40   0x0000000c   Code   RO         5650    i.vTaskMissedYield  tasks.o
    0x08004b4c   0x08004b4c   0x00000030   Code   RO         5652    i.vTaskPlaceOnEventList  tasks.o
    0x08004b7c   0x08004b7c   0x00000084   Code   RO         5654    i.vTaskPriorityInherit  tasks.o
    0x08004c00   0x08004c00   0x00000024   Code   RO         5657    i.vTaskSetTimeOutState  tasks.o
    0x08004c24   0x08004c24   0x00000068   Code   RO         5658    i.vTaskStartScheduler  tasks.o
    0x08004c8c   0x08004c8c   0x000000b0   Code   RO         5659    i.vTaskSuspend      tasks.o
    0x08004d3c   0x08004d3c   0x00000010   Code   RO         5660    i.vTaskSuspendAll   tasks.o
    0x08004d4c   0x08004d4c   0x0000005c   Code   RO         5661    i.vTaskSwitchContext  tasks.o
    0x08004da8   0x08004da8   0x00000074   Code   RO         5949    i.xPortStartScheduler  port.o
    0x08004e1c   0x08004e1c   0x0000002c   Code   RO         5950    i.xPortSysTickHandler  port.o
    0x08004e48   0x08004e48   0x00000048   Code   RO         6204    i.xQueueGenericCreate  queue.o
    0x08004e90   0x08004e90   0x0000016c   Code   RO         6205    i.xQueueGenericReceive  queue.o
    0x08004ffc   0x08004ffc   0x00000088   Code   RO         6206    i.xQueueGenericReset  queue.o
    0x08005084   0x08005084   0x00000160   Code   RO         6207    i.xQueueGenericSend  queue.o
    0x080051e4   0x080051e4   0x0000006c   Code   RO         5662    i.xTaskCheckForTimeOut  tasks.o
    0x08005250   0x08005250   0x00000056   Code   RO         5663    i.xTaskCreate       tasks.o
    0x080052a6   0x080052a6   0x00000002   PAD
    0x080052a8   0x080052a8   0x0000001c   Code   RO         5667    i.xTaskGetSchedulerState  tasks.o
    0x080052c4   0x080052c4   0x000000c8   Code   RO         5670    i.xTaskIncrementTick  tasks.o
    0x0800538c   0x0800538c   0x00000098   Code   RO         5673    i.xTaskPriorityDisinherit  tasks.o
    0x08005424   0x08005424   0x00000074   Code   RO         5674    i.xTaskRemoveFromEventList  tasks.o
    0x08005498   0x08005498   0x000000c4   Code   RO         5676    i.xTaskResumeAll    tasks.o
    0x0800555c   0x0800555c   0x00000088   Code   RO         5677    i.xTaskResumeFromISR  tasks.o
    0x080055e4   0x080055e4   0x00000010   Data   RO            6    .constdata          system_stm32f1xx.o
    0x080055f4   0x080055f4   0x00000008   Data   RO            7    .constdata          system_stm32f1xx.o
    0x080055fc   0x080055fc   0x000004b7   Data   RO         2894    .constdata          u8g2_arm.o
    0x08005ab3   0x08005ab3   0x000008c9   Data   RO         2895    .constdata          u8g2_arm.o
    0x0800637c   0x0800637c   0x00000b43   Data   RO         2896    .constdata          u8g2_arm.o
    0x08006ebf   0x08006ebf   0x00000001   PAD
    0x08006ec0   0x08006ec0   0x00000058   Data   RO         3044    .constdata          freertos.o
    0x08006f18   0x08006f18   0x00000058   Data   RO         4970    .constdata          u8x8_d_st7920.o
    0x08006f70   0x08006f70   0x00000008   Data   RO         5555    .constdata          u8g2_setup.o
    0x08006f78   0x08006f78   0x00000040   Data   RO         7182    .constdata          mc_w.l(ctype_c.o)
    0x08006fb8   0x08006fb8   0x0000002e   Data   RO         3045    .conststring        freertos.o
    0x08006fe6   0x08006fe6   0x00000002   PAD
    0x08006fe8   0x08006fe8   0x00000020   Data   RO         7184    Region$$Table       anon$$obj.o


    Execution Region RW_IRAM1 (Exec base: 0x20000000, Load base: 0x08007008, Size: 0x00001d18, Max: 0x00005000, ABSOLUTE)

    Exec Addr    Load Addr    Size         Type   Attr      Idx    E Section Name        Object

    0x20000000   0x08007008   0x00000004   Data   RW            8    .data               system_stm32f1xx.o
    0x20000004   0x0800700c   0x00000004   Data   RW         1322    .data               stm32f1xx_hal.o
    0x20000008   0x08007010   0x00000040   Data   RW         3046    .data               freertos.o
    0x20000048   0x08007050   0x00000010   Data   RW         3133    .data               gps_parser.o
    0x20000058   0x08007060   0x0000003c   Data   RW         5679    .data               tasks.o
    0x20000094   0x0800709c   0x0000000c   Data   RW         5951    .data               port.o
    0x200000a0   0x080070a8   0x00000018   Data   RW         6026    .data               heap_4.o
    0x200000b8        -       0x00000058   Zero   RW         2850    .bss                spi.o
    0x20000110        -       0x00000400   Zero   RW         2893    .bss                u8g2_arm.o
    0x20000510        -       0x00000040   Zero   RW         2956    .bss                usart.o
    0x20000550        -       0x0000000f   Zero   RW         2998    .bss                speed.o
    0x2000055f   0x080070c0   0x00000001   PAD
    0x20000560        -       0x000001ac   Zero   RW         3042    .bss                freertos.o
    0x2000070c        -       0x000000c8   Zero   RW         3131    .bss                gps_parser.o
    0x200007d4        -       0x00000040   Zero   RW         3157    .bss                stm32f1xx_hal_timebase_tim.o
    0x20000814        -       0x00000010   Zero   RW         4174    .bss                u8x8_cad.o
    0x20000824        -       0x000000f0   Zero   RW         5678    .bss                tasks.o
    0x20000914        -       0x00001000   Zero   RW         6025    .bss                heap_4.o
    0x20001914   0x080070c0   0x00000004   PAD
    0x20001918        -       0x00000400   Zero   RW          122    STACK               startup_stm32f103xb.o


==============================================================================

Image component sizes


      Code (inc. data)   RO Data    RW Data    ZI Data      Debug   Object Name

       148          0          0          0          0      14338   cmsis_os.o
       832         98        134         64        428       6363   freertos.o
       248         22          0          0          0        939   gpio.o
       428         94          0         16        200       1567   gps_parser.o
       460         24          0         24       4096       7143   heap_4.o
       136          0          0          0          0       3302   list.o
         0          0          0          0          0       1432   location.o
       214         28          0          0          0      84961   main.o
       606         72          0         12          0      10845   port.o
      1204         14          0          0          0      10338   queue.o
       176          8          0          0          0       2332   simple_distance.o
       572         90          0          0         15       1480   speed.o
       156         36          0          0         88       1513   spi.o
        36          8        236          0       1024        756   startup_stm32f103xb.o
        92         16          0          4          0       2980   stm32f1xx_hal.o
       218         14          0          0          0      26249   stm32f1xx_hal_cortex.o
       152          4          0          0          0       1071   stm32f1xx_hal_dma.o
       496         42          0          0          0       4583   stm32f1xx_hal_gpio.o
       132         10          0          0          0        818   stm32f1xx_hal_msp.o
      1360        114          0          0          0       6129   stm32f1xx_hal_rcc.o
       548          0          0          0          0       3774   stm32f1xx_hal_spi.o
       130          0          0          0          0       1035   stm32f1xx_hal_spi_ex.o
       554         14          0          0          0       6570   stm32f1xx_hal_tim.o
         4          0          0          0          0       1514   stm32f1xx_hal_tim_ex.o
       116         18          0          0         64       1404   stm32f1xx_hal_timebase_tim.o
      1116         10          0          0          0       7127   stm32f1xx_hal_uart.o
        64         12          0          0          0      25824   stm32f1xx_it.o
        72         16         24          4          0     436623   system_stm32f1xx.o
      2424        198          0         60        240      33517   tasks.o
       186         28       6339          0       1024      73454   u8g2_arm.o
         0          0          0          0          0      89003   u8g2_bitmap.o
        68          0          0          0          0        683   u8g2_box.o
       114          0          0          0          0       2339   u8g2_buffer.o
      1182         10          0          0          0      13344   u8g2_font.o
       274          0          0          0          0       3103   u8g2_hvline.o
        72          0          0          0          0       1799   u8g2_intersection.o
       118          0          0          0          0       1206   u8g2_ll_hvline.o
       182          0          8          0          0      81488   u8g2_setup.o
        22          0          0          0          0       1516   u8x8_8x8.o
        30          0          0          0          0       1747   u8x8_byte.o
       416         10          0          0         16       4321   u8x8_cad.o
       188          8         88          0          0       2338   u8x8_d_st7920.o
       198          0          0          0          0       4062   u8x8_display.o
        12          0          0          0          0        553   u8x8_gpio.o
        74          6          0          0          0       1630   u8x8_setup.o
       180         36          0          0         64       1566   usart.o

    ----------------------------------------------------------------------
     16036       1060       6864        184       7264     990679   Object Totals
         0          0         32          0          0          0   (incl. Generated)
        26          0          3          0          5          0   (incl. Padding)

    ----------------------------------------------------------------------

      Code (inc. data)   RO Data    RW Data    ZI Data      Debug   Library Member Name

        56          8          0          0          0         84   __0sscanf.o
        28          0          0          0          0         68   _chval.o
       812          4          0          0          0        112   _scanf.o
       332          0          0          0          0         96   _scanf_int.o
       224          0          0          0          0         96   _scanf_str.o
        64          0          0          0          0         84   _sgetc.o
        40          6         64          0          0         68   ctype_c.o
         0          0          0          0          0          0   entry.o
         0          0          0          0          0          0   entry10a.o
         0          0          0          0          0          0   entry11a.o
         8          4          0          0          0          0   entry2.o
         4          0          0          0          0          0   entry5.o
         0          0          0          0          0          0   entry7b.o
         0          0          0          0          0          0   entry8b.o
         8          4          0          0          0          0   entry9a.o
        30          0          0          0          0          0   handlers.o
        36          8          0          0          0         68   init.o
        10          0          0          0          0         68   isspace_c.o
         0          0          0          0          0          0   iusefp.o
        30          0          0          0          0         68   llshl.o
        36          0          0          0          0         68   llsshr.o
        32          0          0          0          0         68   llushr.o
        36          0          0          0          0         68   memcpya.o
        36          0          0          0          0        108   memseta.o
      2276         86          0          0          0        520   printfa.o
        40          8          0          0          0         84   scanf_char.o
        30          0          0          0          0         80   strncmp.o
        44          0          0          0          0         80   uidiv.o
        98          0          0          0          0         92   uldiv.o
        48          0          0          0          0         68   cdrcmple.o
       334          0          0          0          0        148   dadd.o
       222          0          0          0          0        100   ddiv.o
       186          0          0          0          0        176   depilogue.o
        48          0          0          0          0         68   dfixul.o
       228          0          0          0          0         96   dmul.o
        38          0          0          0          0         68   f2d.o
       176          0          0          0          0        140   fadd.o
       110          0          0          0          0        168   fepilogue.o
        10          0          0          0          0         68   ffltui.o

    ----------------------------------------------------------------------
      5716        128         64          0          0       3080   Library Totals
         6          0          0          0          0          0   (incl. Padding)

    ----------------------------------------------------------------------

      Code (inc. data)   RO Data    RW Data    ZI Data      Debug   Library Name

      4310        128         64          0          0       1980   mc_w.l
      1400          0          0          0          0       1100   mf_w.l

    ----------------------------------------------------------------------
      5716        128         64          0          0       3080   Library Totals

    ----------------------------------------------------------------------

==============================================================================


      Code (inc. data)   RO Data    RW Data    ZI Data      Debug   

     21752       1188       6928        184       7264     981795   Grand Totals
     21752       1188       6928        184       7264     981795   ELF Image Totals
     21752       1188       6928        184          0          0   ROM Totals

==============================================================================

    Total RO  Size (Code + RO Data)                28680 (  28.01kB)
    Total RW  Size (RW Data + ZI Data)              7448 (   7.27kB)
    Total ROM Size (Code + RO Data + RW Data)      28864 (  28.19kB)

==============================================================================

